ARM Linker, RVCT3.1 [Build 903] for uVision [Evaluation]

================================================================================

Section Cross References

    stm32f10x_startup.o(STACK) refers (Special) to stkheap2.o(.text) for __use_two_region_memory
    stm32f10x_startup.o(HEAP) refers (Special) to stkheap2.o(.text) for __use_two_region_memory
    stm32f10x_startup.o(RESET) refers to stm32f10x_startup.o(STACK) for Stack
    stm32f10x_startup.o(RESET) refers to os_cpu_a.o(.text) for OSPendSV
    stm32f10x_startup.o(RESET) refers to stm32f10x_it.o(i.SysTickHandler) for SysTickHandler
    stm32f10x_startup.o(RESET) refers to stm32f10x_it.o(i.WWDG_IRQHandler) for WWDG_IRQHandler
    stm32f10x_startup.o(RESET) refers to stm32f10x_it.o(i.PVD_IRQHandler) for PVD_IRQHandler
    stm32f10x_startup.o(RESET) refers to stm32f10x_it.o(i.TAMPER_IRQHandler) for TAMPER_IRQHandler
    stm32f10x_startup.o(RESET) refers to stm32f10x_it.o(i.RTC_IRQHandler) for RTC_IRQHandler
    stm32f10x_startup.o(RESET) refers to stm32f10x_it.o(i.FLASH_IRQHandler) for FLASH_IRQHandler
    stm32f10x_startup.o(RESET) refers to stm32f10x_it.o(i.RCC_IRQHandler) for RCC_IRQHandler
    stm32f10x_startup.o(RESET) refers to stm32f10x_it.o(i.EXTI0_IRQHandler) for EXTI0_IRQHandler
    stm32f10x_startup.o(RESET) refers to stm32f10x_it.o(i.EXTI1_IRQHandler) for EXTI1_IRQHandler
    stm32f10x_startup.o(RESET) refers to stm32f10x_it.o(i.EXTI2_IRQHandler) for EXTI2_IRQHandler
    stm32f10x_startup.o(RESET) refers to stm32f10x_it.o(i.EXTI3_IRQHandler) for EXTI3_IRQHandler
    stm32f10x_startup.o(RESET) refers to stm32f10x_it.o(i.EXTI4_IRQHandler) for EXTI4_IRQHandler
    stm32f10x_startup.o(RESET) refers to stm32f10x_it.o(i.DMAChannel1_IRQHandler) for DMAChannel1_IRQHandler
    stm32f10x_startup.o(RESET) refers to stm32f10x_it.o(i.DMAChannel2_IRQHandler) for DMAChannel2_IRQHandler
    stm32f10x_startup.o(RESET) refers to stm32f10x_it.o(i.DMAChannel3_IRQHandler) for DMAChannel3_IRQHandler
    stm32f10x_startup.o(RESET) refers to stm32f10x_it.o(i.DMAChannel4_IRQHandler) for DMAChannel4_IRQHandler
    stm32f10x_startup.o(RESET) refers to stm32f10x_it.o(i.DMAChannel5_IRQHandler) for DMAChannel5_IRQHandler
    stm32f10x_startup.o(RESET) refers to stm32f10x_it.o(i.DMAChannel6_IRQHandler) for DMAChannel6_IRQHandler
    stm32f10x_startup.o(RESET) refers to stm32f10x_it.o(i.DMAChannel7_IRQHandler) for DMAChannel7_IRQHandler
    stm32f10x_startup.o(RESET) refers to stm32f10x_it.o(i.ADC_IRQHandler) for ADC_IRQHandler
    stm32f10x_startup.o(RESET) refers to stm32f10x_it.o(i.USB_HP_CAN_TX_IRQHandler) for USB_HP_CAN_TX_IRQHandler
    stm32f10x_startup.o(RESET) refers to stm32f10x_it.o(i.USB_LP_CAN_RX0_IRQHandler) for USB_LP_CAN_RX0_IRQHandler
    stm32f10x_startup.o(RESET) refers to stm32f10x_it.o(i.CAN_RX1_IRQHandler) for CAN_RX1_IRQHandler
    stm32f10x_startup.o(RESET) refers to stm32f10x_it.o(i.CAN_SCE_IRQHandler) for CAN_SCE_IRQHandler
    stm32f10x_startup.o(RESET) refers to stm32f10x_it.o(i.EXTI9_5_IRQHandler) for EXTI9_5_IRQHandler
    stm32f10x_startup.o(RESET) refers to stm32f10x_it.o(i.TIM1_BRK_IRQHandler) for TIM1_BRK_IRQHandler
    stm32f10x_startup.o(RESET) refers to stm32f10x_it.o(i.TIM1_UP_IRQHandler) for TIM1_UP_IRQHandler
    stm32f10x_startup.o(RESET) refers to stm32f10x_it.o(i.TIM1_TRG_COM_IRQHandler) for TIM1_TRG_COM_IRQHandler
    stm32f10x_startup.o(RESET) refers to stm32f10x_it.o(i.TIM1_CC_IRQHandler) for TIM1_CC_IRQHandler
    stm32f10x_startup.o(RESET) refers to stm32f10x_it.o(i.TIM2_IRQHandler) for TIM2_IRQHandler
    stm32f10x_startup.o(RESET) refers to stm32f10x_it.o(i.TIM3_IRQHandler) for TIM3_IRQHandler
    stm32f10x_startup.o(RESET) refers to stm32f10x_it.o(i.TIM4_IRQHandler) for TIM4_IRQHandler
    stm32f10x_startup.o(RESET) refers to stm32f10x_it.o(i.I2C1_EV_IRQHandler) for I2C1_EV_IRQHandler
    stm32f10x_startup.o(RESET) refers to stm32f10x_it.o(i.I2C1_ER_IRQHandler) for I2C1_ER_IRQHandler
    stm32f10x_startup.o(RESET) refers to stm32f10x_it.o(i.I2C2_EV_IRQHandler) for I2C2_EV_IRQHandler
    stm32f10x_startup.o(RESET) refers to stm32f10x_it.o(i.I2C2_ER_IRQHandler) for I2C2_ER_IRQHandler
    stm32f10x_startup.o(RESET) refers to stm32f10x_it.o(i.SPI1_IRQHandler) for SPI1_IRQHandler
    stm32f10x_startup.o(RESET) refers to stm32f10x_it.o(i.SPI2_IRQHandler) for SPI2_IRQHandler
    stm32f10x_startup.o(RESET) refers to stm32f10x_it.o(i.USART1_IRQHandler) for USART1_IRQHandler
    stm32f10x_startup.o(RESET) refers to stm32f10x_it.o(i.USART2_IRQHandler) for USART2_IRQHandler
    stm32f10x_startup.o(RESET) refers to stm32f10x_it.o(i.USART3_IRQHandler) for USART3_IRQHandler
    stm32f10x_startup.o(RESET) refers to stm32f10x_it.o(i.EXTI15_10_IRQHandler) for EXTI15_10_IRQHandler
    stm32f10x_startup.o(RESET) refers to stm32f10x_it.o(i.RTCAlarm_IRQHandler) for RTCAlarm_IRQHandler
[...]
    Removing main.o(.data), (2 bytes).
    Removing os_cpu_c.o(i.OSTaskDelHook), (2 bytes).
    Removing os_cpu_c.o(i.OSTaskStatHook), (2 bytes).
    Removing os_dbg.o(.constdata), (92 bytes).
    Removing ucos_ii.o(i.OSIntEnter), (24 bytes).
    Removing ucos_ii.o(i.OSSchedLock), (44 bytes).
    Removing ucos_ii.o(i.OSSchedUnlock), (60 bytes).
    Removing ucos_ii.o(i.OSVersion), (6 bytes).
    Removing ucos_ii.o(i.OS_MemCopy), (20 bytes).
    Removing ucos_ii.o(i.OS_StrCopy), (28 bytes).
    Removing ucos_ii.o(i.OS_StrLen), (20 bytes).
    Removing ucos_ii.o(i.OSSemAccept), (34 bytes).
    Removing ucos_ii.o(i.OSSemDel), (168 bytes).
    Removing ucos_ii.o(i.OSSemQuery), (60 bytes).
    Removing ucos_ii.o(i.OSSemSet), (52 bytes).
    Removing ucos_ii.o(i.OSTaskStkChk), (108 bytes).

403 unused section(s) (total 10178 bytes) removed from the image.

================================================================================

Image Symbol Table

    Local Symbols

    Symbol Name                              Value     Ov Type        Size  Object(Section)

    ../../angel/boardlib.s                   0x00000000   Number         0  boardinit1.o ABSOLUTE
    ../../angel/boardlib.s                   0x00000000   Number         0  boardshut.o ABSOLUTE
    ../../angel/boardlib.s                   0x00000000   Number         0  boardinit2.o ABSOLUTE
    ../../angel/boardlib.s                   0x00000000   Number         0  cpuinit.o ABSOLUTE
    ../../angel/boardlib.s                   0x00000000   Number         0  boardinit3.o ABSOLUTE
    ../../angel/handlers.s                   0x00000000   Number         0  __scatter_copy.o ABSOLUTE
    ../../angel/handlers.s                   0x00000000   Number         0  __scatter_zi.o ABSOLUTE
    ../../angel/kernel.s                     0x00000000   Number         0  kernel.o ABSOLUTE
    ../../angel/rt.s                         0x00000000   Number         0  rt_locale_intlibspace.o ABSOLUTE
    ../../angel/rt.s                         0x00000000   Number         0  rt_stackheap_storage_onelibspace.o ABSOLUTE
    ../../angel/rt.s                         0x00000000   Number         0  rt_stackheap_storage_twolibspace.o ABSOLUTE
    ../../angel/rt.s                         0x00000000   Number         0  rt_locale.o ABSOLUTE
    ../../angel/rt.s                         0x00000000   Number         0  rt_fp_status_addr_onelibspace.o ABSOLUTE
    ../../angel/rt.s                         0x00000000   Number         0  rt_fp_status_addr_intlibspace.o ABSOLUTE
    ../../angel/rt.s                         0x00000000   Number         0  rt_fp_status_addr.o ABSOLUTE
    ../../angel/rt.s                         0x00000000   Number         0  rt_stackheap_storage.o ABSOLUTE
    ../../angel/rt.s                         0x00000000   Number         0  rt_stackheap_storage_intlibspace.o ABSOLUTE
    ../../angel/rt.s                         0x00000000   Number         0  rt_raise.o ABSOLUTE
    ../../angel/rt.s                         0x00000000   Number         0  rt_locale_twolibspace.o ABSOLUTE
    ../../angel/rt.s                         0x00000000   Number         0  rt_locale_onelibspace.o ABSOLUTE
    ../../angel/rt.s                         0x00000000   Number         0  rt_fp_status_addr_twolibspace.o ABSOLUTE
    ../../angel/scatter.s                    0x00000000   Number         0  __scatter.o ABSOLUTE
    ../../angel/startup.s                    0x00000000   Number         0  __main.o ABSOLUTE
    ../../angel/sys.s                        0x00000000   Number         0  sys_stackheap_outer.o ABSOLUTE
    ../../angel/sys.s                        0x00000000   Number         0  libspace.o ABSOLUTE
    ../../angel/sys.s                        0x00000000   Number         0  sys_exit.o ABSOLUTE
    ../../angel/sys.s                        0x00000000   Number         0  use_no_semi.o ABSOLUTE
    ../../angel/sysapp.c                     0x00000000   Number         0  sys_wrch.o ABSOLUTE
    ../../angel/sysapp.c                     0x00000000   Number         0  sys_command.o ABSOLUTE
    ../../armsys.c                           0x00000000   Number         0  lib_init.o ABSOLUTE
    ../../armsys.c                           0x00000000   Number         0  lib_init.o ABSOLUTE
    ../../armsys.c                           0x00000000   Number         0  _get_argv.o ABSOLUTE
    ../../armsys.c                           0x00000000   Number         0  no_argv.o ABSOLUTE
    ../../fpinit.s                           0x00000000   Number         0  fpinit.o ABSOLUTE
    ../../heapalloc.c                        0x00000000   Number         0  hrguard.o ABSOLUTE
    ../../signal.c                           0x00000000   Number         0  defsig_rtmem_outer.o ABSOLUTE
    ../../signal.c                           0x00000000   Number         0  defsig_rtmem_formal.o ABSOLUTE
    ../../signal.c                           0x00000000   Number         0  defsig_general.o ABSOLUTE
    ../../signal.c                           0x00000000   Number         0  __raise.o ABSOLUTE
    ../../signal.c                           0x00000000   Number         0  defsig_exit.o ABSOLUTE
    ../../signal.c                           0x00000000   Number         0  defsig_rtmem_inner.o ABSOLUTE
    ../../signal.s                           0x00000000   Number         0  defsig.o ABSOLUTE
    ../../stdlib.c                           0x00000000   Number         0  exit.o ABSOLUTE
    ../../stkheap.s                          0x00000000   Number         0  heapext.o ABSOLUTE
    ../../stkheap1.s                         0x00000000   Number         0  stkheap1.o ABSOLUTE
    ../../stkheap2.s                         0x00000000   Number         0  stkheap2.o ABSOLUTE
    ..\..\library\src\stm32f10x_adc.c        0x00000000   Number         0  stm32f10x_adc.o ABSOLUTE
    ..\..\library\src\stm32f10x_bkp.c        0x00000000   Number         0  stm32f10x_bkp.o ABSOLUTE
    ..\..\library\src\stm32f10x_can.c        0x00000000   Number         0  stm32f10x_can.o ABSOLUTE
    ..\..\library\src\stm32f10x_dma.c        0x00000000   Number         0  stm32f10x_dma.o ABSOLUTE
    ..\..\library\src\stm32f10x_exti.c       0x00000000   Number         0  stm32f10x_exti.o ABSOLUTE
    ..\..\library\src\stm32f10x_flash.c      0x00000000   Number         0  stm32f10x_flash.o ABSOLUTE
    ..\..\library\src\stm32f10x_gpio.c       0x00000000   Number         0  stm32f10x_gpio.o ABSOLUTE
    ..\..\library\src\stm32f10x_i2c.c        0x00000000   Number         0  stm32f10x_i2c.o ABSOLUTE
    ..\..\library\src\stm32f10x_iwdg.c       0x00000000   Number         0  stm32f10x_iwdg.o ABSOLUTE
    ..\..\library\src\stm32f10x_lib.c        0x00000000   Number         0  stm32f10x_lib.o ABSOLUTE
    ..\..\library\src\stm32f10x_nvic.c       0x00000000   Number         0  stm32f10x_nvic.o ABSOLUTE
    ..\..\library\src\stm32f10x_pwr.c        0x00000000   Number         0  stm32f10x_pwr.o ABSOLUTE
    ..\..\library\src\stm32f10x_rcc.c        0x00000000   Number         0  stm32f10x_rcc.o ABSOLUTE
    ..\..\library\src\stm32f10x_rtc.c        0x00000000   Number         0  stm32f10x_rtc.o ABSOLUTE
    ..\..\library\src\stm32f10x_spi.c        0x00000000   Number         0  stm32f10x_spi.o ABSOLUTE
    ..\..\library\src\stm32f10x_systick.c    0x00000000   Number         0  stm32f10x_systick.o ABSOLUTE
    ..\..\library\src\stm32f10x_tim.c        0x00000000   Number         0  stm32f10x_tim.o ABSOLUTE
    ..\..\library\src\stm32f10x_tim1.c       0x00000000   Number         0  stm32f10x_tim1.o ABSOLUTE
    ..\..\library\src\stm32f10x_usart.c      0x00000000   Number         0  stm32f10x_usart.o ABSOLUTE
    ..\..\library\src\stm32f10x_wwdg.c       0x00000000   Number         0  stm32f10x_wwdg.o ABSOLUTE
    ..\..\os\os_cpu_a.s                      0x00000000   Number         0  os_cpu_a.o ABSOLUTE
    ..\..\os\os_cpu_c.c                      0x00000000   Number         0  os_cpu_c.o ABSOLUTE
    ..\..\os\os_dbg.c                        0x00000000   Number         0  os_dbg.o ABSOLUTE
    ..\..\os\ucos_ii.c                       0x00000000   Number         0  ucos_ii.o ABSOLUTE
    ..\driver\src\adc12.c                    0x00000000   Number         0  adc12.o ABSOLUTE
    ..\driver\src\io.c                       0x00000000   Number         0  io.o ABSOLUTE
    ..\driver\src\motor.c                    0x00000000   Number         0  motor.o ABSOLUTE
    ..\driver\src\timer.c                    0x00000000   Number         0  timer.o ABSOLUTE
    ..\driver\src\uart.c                     0x00000000   Number         0  uart.o ABSOLUTE
    ..\system\cortexm3_macro.s               0x00000000   Number         0  cortexm3_macro.o ABSOLUTE
    ..\system\stm32f10x_it.c                 0x00000000   Number         0  stm32f10x_it.o ABSOLUTE
    ..\system\stm32f10x_startup.s            0x00000000   Number         0  stm32f10x_startup.o ABSOLUTE
    ..\user\main.c                           0x00000000   Number         0  main.o ABSOLUTE
    ..\user\os_thread.c                      0x00000000   Number         0  os_thread.o ABSOLUTE
    dc.s                                     0x00000000   Number         0  dc.o ABSOLUTE
    RESET                                    0x08000000   Section      280  stm32f10x_startup.o(RESET)
    NMIException                             0x08000105   Thumb Code     0  stm32f10x_startup.o(RESET)
    HardFaultException                       0x08000107   Thumb Code     0  stm32f10x_startup.o(RESET)
    MemManageException                       0x08000109   Thumb Code     0  stm32f10x_startup.o(RESET)
    BusFaultException                        0x0800010b   Thumb Code     0  stm32f10x_startup.o(RESET)
    UsageFaultException                      0x0800010d   Thumb Code     0  stm32f10x_startup.o(RESET)
    DebugMonitor                             0x0800010f   Thumb Code     0  stm32f10x_startup.o(RESET)
    SVCHandler                               0x08000111   Thumb Code     0  stm32f10x_startup.o(RESET)
    !!!main                                  0x08000118   Section        8  __main.o(!!!main)
    !!!scatter                               0x08000120   Section       52  __scatter.o(!!!scatter)
    !!handler_copy                           0x08000154   Section       26  __scatter_copy.o(!!handler_copy)
    !!handler_zi                             0x08000170   Section       28  __scatter_zi.o(!!handler_zi)
    .emb_text                                0x0800018c   Section        4  lib_init.o(.emb_text)
    .text                                    0x08000190   Section       28  stm32f10x_startup.o(.text)
    .text                                    0x080001ac   Section      232  os_cpu_a.o(.text)
    .text                                    0x08000294   Section       38  stkheap2.o(.text)
    .text                                    0x080002ba   Section       62  kernel.o(.text)
    .text                                    0x080002f8   Section       74  sys_stackheap_outer.o(.text)
    .text                                    0x08000344   Section       12  rt_stackheap_storage_intlibspace.o(.text)
    .text                                    0x08000350   Section       20  sys_exit.o(.text)
    .text                                    0x08000364   Section        8  libspace.o(.text)
    .text                                    0x0800036c   Section       12  exit.o(.text)
    .text                                    0x08000378   Section      192  lib_init.o(.text)
    .text                                    0x08000438   Section       10  boardinit2.o(.text)
    .text                                    0x08000442   Section        8  boardinit3.o(.text)
    .text                                    0x0800044a   Section        2  use_no_semi.o(.text)
    .text                                    0x0800044c   Section       12  rt_locale_intlibspace.o(.text)
    .text                                    0x08000458   Section        2  no_argv.o(.text)
    .text                                    0x0800045c   Section       12  rt_fp_status_addr_intlibspace.o(.text)
    i.ACMotor_BreakClose                     0x08000468   Section       12  motor.o(i.ACMotor_BreakClose)
    i.ACMotor_Start                          0x08000474   Section       28  motor.o(i.ACMotor_Start)
    i.ACMotor_Stop                           0x08000490   Section       28  motor.o(i.ACMotor_Stop)
    i.ADC_ClearITPendingBit                  0x080004ac   Section       10  stm32f10x_adc.o(i.ADC_ClearITPendingBit)
    i.ADC_Cmd                                0x080004b6   Section       20  stm32f10x_adc.o(i.ADC_Cmd)
    i.ADC_Configuration                      0x080004cc   Section      272  adc12.o(i.ADC_Configuration)
    i.ADC_DMACmd                             0x080005dc   Section       22  stm32f10x_adc.o(i.ADC_DMACmd)
    i.ADC_DiscModeChannelCountConfig         0x080005f2   Section       18  stm32f10x_adc.o(i.ADC_DiscModeChannelCountConfig)
    i.ADC_DiscModeCmd                        0x08000604   Section       20  stm32f10x_adc.o(i.ADC_DiscModeCmd)
    i.ADC_GetCalibrationStatus               0x08000618   Section       14  stm32f10x_adc.o(i.ADC_GetCalibrationStatus)
    i.ADC_GetResetCalibrationStatus          0x08000626   Section       14  stm32f10x_adc.o(i.ADC_GetResetCalibrationStatus)
    i.ADC_IRQHandler                         0x08000634   Section       76  stm32f10x_it.o(i.ADC_IRQHandler)
    i.ADC_ITConfig                           0x08000680   Section       18  stm32f10x_adc.o(i.ADC_ITConfig)
    i.ADC_Init                               0x08000694   Section       72  stm32f10x_adc.o(i.ADC_Init)
    i.ADC_RegularChannelConfig               0x080006dc   Section      116  stm32f10x_adc.o(i.ADC_RegularChannelConfig)
    i.ADC_ResetCalibration                   0x08000750   Section       10  stm32f10x_adc.o(i.ADC_ResetCalibration)
    i.ADC_SoftwareStartConvCmd               0x0800075a   Section       20  stm32f10x_adc.o(i.ADC_SoftwareStartConvCmd)
    i.ADC_StartCalibration                   0x0800076e   Section       10  stm32f10x_adc.o(i.ADC_StartCalibration)
    i.Bot_TimerStart                         0x08000778   Section       32  timer.o(i.Bot_TimerStart)
    i.Bot_TimerStop                          0x08000798   Section       16  timer.o(i.Bot_TimerStop)
    i.CAN_RX1_IRQHandler                     0x080007a8   Section        2  stm32f10x_it.o(i.CAN_RX1_IRQHandler)
    i.CAN_SCE_IRQHandler                     0x080007aa   Section        2  stm32f10x_it.o(i.CAN_SCE_IRQHandler)
    i.CNTL_Configuration                     0x080007ac   Section       80  io.o(i.CNTL_Configuration)
    i.DCMotor_BreakClose                     0x080007fc   Section       12  motor.o(i.DCMotor_BreakClose)
    i.DCMotor_NegativeStart                  0x08000808   Section      160  motor.o(i.DCMotor_NegativeStart)
    i.DCMotor_NegativeStop                   0x080008a8   Section       92  motor.o(i.DCMotor_NegativeStop)
    i.DCMotor_PassiveStart                   0x08000904   Section      160  motor.o(i.DCMotor_PassiveStart)
    i.DCMotor_PassiveStop                    0x080009a4   Section       92  motor.o(i.DCMotor_PassiveStop)
    i.DCMotor_PassiveStopNotBreak            0x08000a00   Section       84  motor.o(i.DCMotor_PassiveStopNotBreak)
    i.DMAChannel1_IRQHandler                 0x08000a54   Section        2  stm32f10x_it.o(i.DMAChannel1_IRQHandler)
    i.DMAChannel2_IRQHandler                 0x08000a56   Section        2  stm32f10x_it.o(i.DMAChannel2_IRQHandler)
    i.DMAChannel3_IRQHandler                 0x08000a58   Section        2  stm32f10x_it.o(i.DMAChannel3_IRQHandler)
    i.DMAChannel4_IRQHandler                 0x08000a5a   Section        2  stm32f10x_it.o(i.DMAChannel4_IRQHandler)
    i.DMAChannel5_IRQHandler                 0x08000a5c   Section        2  stm32f10x_it.o(i.DMAChannel5_IRQHandler)
    i.DMAChannel6_IRQHandler                 0x08000a5e   Section        2  stm32f10x_it.o(i.DMAChannel6_IRQHandler)
    i.DMAChannel7_IRQHandler                 0x08000a60   Section        2  stm32f10x_it.o(i.DMAChannel7_IRQHandler)
    i.DMA_Cmd                                0x08000a62   Section       20  stm32f10x_dma.o(i.DMA_Cmd)
    i.DMA_DeInit                             0x08000a78   Section      128  stm32f10x_dma.o(i.DMA_DeInit)
    i.DMA_Init                               0x08000af8   Section       58  stm32f10x_dma.o(i.DMA_Init)
    i.EXTI0_IRQHandler                       0x08000b32   Section        2  stm32f10x_it.o(i.EXTI0_IRQHandler)
    i.EXTI15_10_IRQHandler                   0x08000b34   Section        2  stm32f10x_it.o(i.EXTI15_10_IRQHandler)
    i.EXTI1_IRQHandler                       0x08000b36   Section        2  stm32f10x_it.o(i.EXTI1_IRQHandler)
    i.EXTI2_IRQHandler                       0x08000b38   Section        2  stm32f10x_it.o(i.EXTI2_IRQHandler)
    i.EXTI3_IRQHandler                       0x08000b3a   Section        2  stm32f10x_it.o(i.EXTI3_IRQHandler)
    i.EXTI4_IRQHandler                       0x08000b3c   Section        2  stm32f10x_it.o(i.EXTI4_IRQHandler)
    i.EXTI9_5_IRQHandler                     0x08000b40   Section       80  stm32f10x_it.o(i.EXTI9_5_IRQHandler)
    i.EXTI_ClearITPendingBit                 0x08000b90   Section       12  stm32f10x_exti.o(i.EXTI_ClearITPendingBit)
    i.EXTI_Configuration                     0x08000b9c   Section       40  io.o(i.EXTI_Configuration)
    i.EXTI_GetITStatus                       0x08000bc4   Section       28  stm32f10x_exti.o(i.EXTI_GetITStatus)
    i.EXTI_Init                              0x08000be0   Section      104  stm32f10x_exti.o(i.EXTI_Init)
    i.EXTI_PA7Start                          0x08000c48   Section       52  io.o(i.EXTI_PA7Start)
    i.EXTI_PA7Stop                           0x08000c7c   Section       52  io.o(i.EXTI_PA7Stop)
    i.FLASH_IRQHandler                       0x08000cb0   Section        2  stm32f10x_it.o(i.FLASH_IRQHandler)
    i.FLASH_PrefetchBufferCmd                0x08000cb4   Section       24  stm32f10x_flash.o(i.FLASH_PrefetchBufferCmd)
    i.FLASH_SetLatency                       0x08000ccc   Section       24  stm32f10x_flash.o(i.FLASH_SetLatency)
    i.GPIO_EXTILineConfig                    0x08000ce4   Section       40  stm32f10x_gpio.o(i.GPIO_EXTILineConfig)
    i.GPIO_Init                              0x08000d0c   Section      160  stm32f10x_gpio.o(i.GPIO_Init)
    i.GPIO_ReadInputDataBit                  0x08000dac   Section       14  stm32f10x_gpio.o(i.GPIO_ReadInputDataBit)
    i.GPIO_ResetBits                         0x08000dba   Section        4  stm32f10x_gpio.o(i.GPIO_ResetBits)
    i.GPIO_SetBits                           0x08000dbe   Section        4  stm32f10x_gpio.o(i.GPIO_SetBits)
    i.HPSuck_BreakClose                      0x08000dc4   Section       16  io.o(i.HPSuck_BreakClose)
    i.HPSuck_BreakOpen                       0x08000dd4   Section       16  io.o(i.HPSuck_BreakOpen)
    i.I2C1_ER_IRQHandler                     0x08000de4   Section        2  stm32f10x_it.o(i.I2C1_ER_IRQHandler)
    i.I2C1_EV_IRQHandler                     0x08000de6   Section        2  stm32f10x_it.o(i.I2C1_EV_IRQHandler)
    i.I2C2_ER_IRQHandler                     0x08000de8   Section        2  stm32f10x_it.o(i.I2C2_ER_IRQHandler)
    i.I2C2_EV_IRQHandler                     0x08000dea   Section        2  stm32f10x_it.o(i.I2C2_EV_IRQHandler)
    i.Init_TaskCore                          0x08000dec   Section      208  main.o(i.Init_TaskCore)
    Init_TaskCore                            0x08000ded   Thumb Code   178  main.o(i.Init_TaskCore)
    i.Init_run_status                        0x08000ebc   Section      132  main.o(i.Init_run_status)
    i.KEY_Configuration                      0x08000f40   Section       36  io.o(i.KEY_Configuration)
    i.NVIC_Configuration                     0x08000f64   Section      138  main.o(i.NVIC_Configuration)
    NVIC_Configuration                       0x08000f65   Thumb Code   138  main.o(i.NVIC_Configuration)
    i.NVIC_Init                              0x08000fee   Section      116  stm32f10x_nvic.o(i.NVIC_Init)
    i.NVIC_PriorityGroupConfig               0x08001064   Section       20  stm32f10x_nvic.o(i.NVIC_PriorityGroupConfig)
    i.NVIC_SetVectorTable                    0x08001078   Section       20  stm32f10x_nvic.o(i.NVIC_SetVectorTable)
    i.OSDebugInit                            0x0800108c   Section        2  os_dbg.o(i.OSDebugInit)
    i.OSInit                                 0x08001090   Section      204  ucos_ii.o(i.OSInit)
    i.OSInitHookBegin                        0x0800115c   Section        2  os_cpu_c.o(i.OSInitHookBegin)
    i.OSInitHookEnd                          0x0800115e   Section        2  os_cpu_c.o(i.OSInitHookEnd)
    i.OSIntExit                              0x08001160   Section       88  ucos_ii.o(i.OSIntExit)
    i.OSSemCreate                            0x080011b8   Section       56  ucos_ii.o(i.OSSemCreate)
    i.OSSemPend                              0x080011f0   Section      132  ucos_ii.o(i.OSSemPend)
    i.OSSemPost                              0x08001274   Section       72  ucos_ii.o(i.OSSemPost)
    i.OSStart                                0x080012bc   Section       48  ucos_ii.o(i.OSStart)
    i.OSTCBInitHook                          0x080012ec   Section        2  os_cpu_c.o(i.OSTCBInitHook)
    i.OSTaskCreateExt                        0x080012f0   Section      148  ucos_ii.o(i.OSTaskCreateExt)
    i.OSTaskCreateHook                       0x08001384   Section        2  os_cpu_c.o(i.OSTaskCreateHook)
    i.OSTaskIdleHook                         0x08001386   Section        2  os_cpu_c.o(i.OSTaskIdleHook)
    i.OSTaskResume                           0x08001388   Section      120  ucos_ii.o(i.OSTaskResume)
    i.OSTaskStkInit                          0x08001400   Section      114  os_cpu_c.o(i.OSTaskStkInit)
    i.OSTaskSuspend                          0x08001474   Section      132  ucos_ii.o(i.OSTaskSuspend)
    i.OSTaskSwHook                           0x080014f8   Section        2  os_cpu_c.o(i.OSTaskSwHook)
    i.OSTimeDly                              0x080014fc   Section       64  ucos_ii.o(i.OSTimeDly)
    i.OSTimeTick                             0x0800153c   Section      116  ucos_ii.o(i.OSTimeTick)
    i.OS_EventTO                             0x080015b0   Section       56  ucos_ii.o(i.OS_EventTO)
    i.OS_EventTaskRdy                        0x080015e8   Section      104  ucos_ii.o(i.OS_EventTaskRdy)
    i.OS_EventTaskWait                       0x08001650   Section       72  ucos_ii.o(i.OS_EventTaskWait)
    i.OS_EventWaitListInit                   0x08001698   Section       22  ucos_ii.o(i.OS_EventWaitListInit)
    i.OS_MemClr                              0x080016ae   Section       18  ucos_ii.o(i.OS_MemClr)
    i.OS_Sched                               0x080016c0   Section       68  ucos_ii.o(i.OS_Sched)
    i.OS_SchedNew                            0x08001704   Section       32  ucos_ii.o(i.OS_SchedNew)
    OS_SchedNew                              0x08001705   Thumb Code    22  ucos_ii.o(i.OS_SchedNew)
    i.OS_TCBInit                             0x08001724   Section      204  ucos_ii.o(i.OS_TCBInit)
    i.OS_TaskIdle                            0x080017f0   Section       28  ucos_ii.o(i.OS_TaskIdle)
    i.OS_TaskStkClr                          0x0800180c   Section       22  ucos_ii.o(i.OS_TaskStkClr)
    i.PVD_IRQHandler                         0x08001822   Section        2  stm32f10x_it.o(i.PVD_IRQHandler)
    i.PWM_Configuration                      0x08001824   Section       96  motor.o(i.PWM_Configuration)
    i.PWM_IoConfiguration                    0x08001884   Section       72  motor.o(i.PWM_IoConfiguration)
    i.RCC_ADCCLKConfig                       0x080018cc   Section       20  stm32f10x_rcc.o(i.RCC_ADCCLKConfig)
    i.RCC_AHBPeriphClockCmd                  0x080018e0   Section       24  stm32f10x_rcc.o(i.RCC_AHBPeriphClockCmd)
    i.RCC_APB1PeriphClockCmd                 0x080018f8   Section       24  stm32f10x_rcc.o(i.RCC_APB1PeriphClockCmd)
    i.RCC_APB2PeriphClockCmd                 0x08001910   Section       24  stm32f10x_rcc.o(i.RCC_APB2PeriphClockCmd)
    i.RCC_APB2PeriphResetCmd                 0x08001928   Section       24  stm32f10x_rcc.o(i.RCC_APB2PeriphResetCmd)
    i.RCC_Configuration                      0x08001940   Section      130  main.o(i.RCC_Configuration)
    RCC_Configuration                        0x08001941   Thumb Code   130  main.o(i.RCC_Configuration)
    i.RCC_DeInit                             0x080019c4   Section       72  stm32f10x_rcc.o(i.RCC_DeInit)
    i.RCC_GetClocksFreq                      0x08001a0c   Section      148  stm32f10x_rcc.o(i.RCC_GetClocksFreq)
    i.RCC_GetFlagStatus                      0x08001aa0   Section       48  stm32f10x_rcc.o(i.RCC_GetFlagStatus)
    i.RCC_GetSYSCLKSource                    0x08001ad0   Section       16  stm32f10x_rcc.o(i.RCC_GetSYSCLKSource)
    i.RCC_HCLKConfig                         0x08001ae0   Section       20  stm32f10x_rcc.o(i.RCC_HCLKConfig)
    i.RCC_HSEConfig                          0x08001af4   Section       52  stm32f10x_rcc.o(i.RCC_HSEConfig)
    i.RCC_IRQHandler                         0x08001b28   Section        2  stm32f10x_it.o(i.RCC_IRQHandler)
    i.RCC_PCLK1Config                        0x08001b2c   Section       20  stm32f10x_rcc.o(i.RCC_PCLK1Config)
    i.RCC_PCLK2Config                        0x08001b40   Section       20  stm32f10x_rcc.o(i.RCC_PCLK2Config)
    i.RCC_PLLCmd                             0x08001b54   Section       12  stm32f10x_rcc.o(i.RCC_PLLCmd)
    i.RCC_PLLConfig                          0x08001b60   Section       20  stm32f10x_rcc.o(i.RCC_PLLConfig)
    i.RCC_SYSCLKConfig                       0x08001b74   Section       20  stm32f10x_rcc.o(i.RCC_SYSCLKConfig)
    i.RCC_WaitForHSEStartUp                  0x08001b88   Section       48  stm32f10x_rcc.o(i.RCC_WaitForHSEStartUp)
    i.RTCAlarm_IRQHandler                    0x08001bb8   Section        2  stm32f10x_it.o(i.RTCAlarm_IRQHandler)
    i.RTC_IRQHandler                         0x08001bba   Section        2  stm32f10x_it.o(i.RTC_IRQHandler)
    i.SENSOR_Configuration                   0x08001bbc   Section       36  io.o(i.SENSOR_Configuration)
    i.SPI1_IRQHandler                        0x08001be0   Section        2  stm32f10x_it.o(i.SPI1_IRQHandler)
    i.SPI2_IRQHandler                        0x08001be2   Section        2  stm32f10x_it.o(i.SPI2_IRQHandler)
    i.Sck_TimerStart                         0x08001be4   Section       32  timer.o(i.Sck_TimerStart)
    i.Sck_TimerStop                          0x08001c04   Section       16  timer.o(i.Sck_TimerStop)
    i.SysTickHandler                         0x08001c14   Section       36  stm32f10x_it.o(i.SysTickHandler)
    i.SysTick_CounterCmd                     0x08001c38   Section       32  stm32f10x_systick.o(i.SysTick_CounterCmd)
    i.SysTick_ITConfig                       0x08001c58   Section       24  stm32f10x_systick.o(i.SysTick_ITConfig)
    i.SysTick_SetReload                      0x08001c70   Section        8  stm32f10x_systick.o(i.SysTick_SetReload)
    i.TAMPER_IRQHandler                      0x08001c78   Section        2  stm32f10x_it.o(i.TAMPER_IRQHandler)
    i.TIM1_BRK_IRQHandler                    0x08001c7a   Section        2  stm32f10x_it.o(i.TIM1_BRK_IRQHandler)
    i.TIM1_CC_IRQHandler                     0x08001c7c   Section        2  stm32f10x_it.o(i.TIM1_CC_IRQHandler)
    i.TIM1_Cmd                               0x08001c80   Section       12  stm32f10x_tim1.o(i.TIM1_Cmd)
    i.TIM1_CtrlPWMOutputs                    0x08001c8c   Section       12  stm32f10x_tim1.o(i.TIM1_CtrlPWMOutputs)
    i.TIM1_DeInit                            0x08001c98   Section       24  stm32f10x_tim1.o(i.TIM1_DeInit)
    i.TIM1_OC1Init                           0x08001cb0   Section       72  stm32f10x_tim1.o(i.TIM1_OC1Init)
    i.TIM1_OC3Init                           0x08001cf8   Section       72  stm32f10x_tim1.o(i.TIM1_OC3Init)
    i.TIM1_TRG_COM_IRQHandler                0x08001d40   Section        2  stm32f10x_it.o(i.TIM1_TRG_COM_IRQHandler)
    i.TIM1_TimeBaseInit                      0x08001d44   Section       40  stm32f10x_tim1.o(i.TIM1_TimeBaseInit)
    i.TIM1_UP_IRQHandler                     0x08001d6c   Section        2  stm32f10x_it.o(i.TIM1_UP_IRQHandler)
    i.TIM2_IRQHandler                        0x08001d70   Section       36  stm32f10x_it.o(i.TIM2_IRQHandler)
    i.TIM2_It                                0x08001d94   Section      428  timer.o(i.TIM2_It)
    i.TIM3_IRQHandler                        0x08001f40   Section       36  stm32f10x_it.o(i.TIM3_IRQHandler)
    i.TIM3_It                                0x08001f64   Section      116  timer.o(i.TIM3_It)
    i.TIM4_IRQHandler                        0x08001fd8   Section       36  stm32f10x_it.o(i.TIM4_IRQHandler)
    i.TIM4_It                                0x08001ffc   Section      180  timer.o(i.TIM4_It)
    i.TIM_ClearFlag                          0x080020b0   Section        8  stm32f10x_tim.o(i.TIM_ClearFlag)
    i.TIM_ClearITPendingBit                  0x080020b8   Section        8  stm32f10x_tim.o(i.TIM_ClearITPendingBit)
    i.TIM_Cmd                                0x080020c0   Section       22  stm32f10x_tim.o(i.TIM_Cmd)
    i.TIM_Configuration                      0x080020d8   Section      224  timer.o(i.TIM_Configuration)
    i.TIM_ITConfig                           0x080021b8   Section       16  stm32f10x_tim.o(i.TIM_ITConfig)
    i.TIM_OCInit                             0x080021c8   Section      192  stm32f10x_tim.o(i.TIM_OCInit)
    i.TIM_PrescalerConfig                    0x08002288   Section       22  stm32f10x_tim.o(i.TIM_PrescalerConfig)
    i.TIM_TimeBaseInit                       0x0800229e   Section       30  stm32f10x_tim.o(i.TIM_TimeBaseInit)
    i.UART_onfiguration                      0x080022bc   Section      144  uart.o(i.UART_onfiguration)
    i.USART1_IRQHandler                      0x0800234c   Section      116  stm32f10x_it.o(i.USART1_IRQHandler)
    i.USART2_IRQHandler                      0x080023c0   Section        2  stm32f10x_it.o(i.USART2_IRQHandler)
    i.USART3_IRQHandler                      0x080023c2   Section        2  stm32f10x_it.o(i.USART3_IRQHandler)
    i.USART_ClearITPendingBit                0x080023c4   Section       14  stm32f10x_usart.o(i.USART_ClearITPendingBit)
    i.USART_Cmd                              0x080023d2   Section       20  stm32f10x_usart.o(i.USART_Cmd)
    i.USART_GetFlagStatus                    0x080023e6   Section       14  stm32f10x_usart.o(i.USART_GetFlagStatus)
    i.USART_GetITStatus                      0x080023f4   Section       62  stm32f10x_usart.o(i.USART_GetITStatus)
    i.USART_ITConfig                         0x08002432   Section       48  stm32f10x_usart.o(i.USART_ITConfig)
    i.USART_Init                             0x08002464   Section      152  stm32f10x_usart.o(i.USART_Init)
    i.USART_ReceiveData                      0x080024fc   Section        8  stm32f10x_usart.o(i.USART_ReceiveData)
    i.USART_SendChar                         0x08002504   Section       28  uart.o(i.USART_SendChar)
    i.USBWakeUp_IRQHandler                   0x08002520   Section        2  stm32f10x_it.o(i.USBWakeUp_IRQHandler)
    i.USB_HP_CAN_TX_IRQHandler               0x08002522   Section        2  stm32f10x_it.o(i.USB_HP_CAN_TX_IRQHandler)
    i.USB_LP_CAN_RX0_IRQHandler              0x08002524   Section        2  stm32f10x_it.o(i.USB_LP_CAN_RX0_IRQHandler)
    i.WWDG_IRQHandler                        0x08002526   Section        2  stm32f10x_it.o(i.WWDG_IRQHandler)
    i.acstop_task_core                       0x08002528   Section      192  os_thread.o(i.acstop_task_core)
    acstop_task_core                         0x08002529   Thumb Code   148  os_thread.o(i.acstop_task_core)
    i.back_timeout_task_core                 0x080025e8   Section      168  os_thread.o(i.back_timeout_task_core)
    back_timeout_task_core                   0x080025e9   Thumb Code   126  os_thread.o(i.back_timeout_task_core)
    i.bot_task_core                          0x08002690   Section       64  os_thread.o(i.bot_task_core)
    bot_task_core                            0x08002691   Thumb Code    40  os_thread.o(i.bot_task_core)
    i.com_task_core                          0x080026d0   Section      208  os_thread.o(i.com_task_core)
    com_task_core                            0x080026d1   Thumb Code   156  os_thread.o(i.com_task_core)
    i.create_os_compent                      0x080027a0   Section       60  os_thread.o(i.create_os_compent)
    i.create_os_task                         0x080027dc   Section      288  os_thread.o(i.create_os_task)
    i.kpd_scan                               0x080028fc   Section      148  main.o(i.kpd_scan)
    i.main                                   0x08002990   Section       92  main.o(i.main)
    i.nop                                    0x080029ec   Section       12  timer.o(i.nop)
    i.nop_op                                 0x080029f8   Section       12  main.o(i.nop_op)
    i.org_task_core                          0x08002a04   Section      100  os_thread.o(i.org_task_core)
    org_task_core                            0x08002a05   Thumb Code    76  os_thread.o(i.org_task_core)
    i.printf                                 0x08002a68   Section      196  uart.o(i.printf)
    i.send_tile_task_core                    0x08002b2c   Section       56  os_thread.o(i.send_tile_task_core)
    send_tile_task_core                      0x08002b2d   Thumb Code    36  os_thread.o(i.send_tile_task_core)
    i.slow_check_task_core                   0x08002b64   Section      204  os_thread.o(i.slow_check_task_core)
    slow_check_task_core                     0x08002b65   Thumb Code   166  os_thread.o(i.slow_check_task_core)
    x$fpl$fpinit                             0x08002c30   Section       14  fpinit.o(x$fpl$fpinit)
    .constdata                               0x08002c3e   Section       20  stm32f10x_rcc.o(.constdata)
    ADCPrescTable                            0x08002c3e   Data           4  stm32f10x_rcc.o(.constdata)
    APBAHBPrescTable                         0x08002c42   Data          16  stm32f10x_rcc.o(.constdata)
    .constdata                               0x08002c52   Section       16  stm32f10x_tim.o(.constdata)
    Tab_OCModeMask                           0x08002c52   Data           8  stm32f10x_tim.o(.constdata)
    Tab_PolarityMask                         0x08002c5a   Data           8  stm32f10x_tim.o(.constdata)
    .constdata                               0x08002c62   Section      256  ucos_ii.o(.constdata)
    .data                                    0x20000000   Section        2  stm32f10x_it.o(.data)
    .data                                    0x20000004   Section        8  stm32f10x_rcc.o(.data)
    HSEStatus                                0x20000004   Data           1  stm32f10x_rcc.o(.data)
    StartUpCounter                           0x20000008   Data           4  stm32f10x_rcc.o(.data)
    .data                                    0x2000000c   Section        4  motor.o(.data)
    .data                                    0x20000010   Section        8  io.o(.data)
    .data                                    0x20000018   Section        6  adc12.o(.data)
    .data                                    0x2000001e   Section        6  adc12.o(.data)
    .data                                    0x20000024   Section       32  timer.o(.data)
    .data                                    0x20000044   Section       36  main.o(.data)
    .data                                    0x20000068   Section       56  os_thread.o(.data)
    .data                                    0x200000a0   Section        4  os_cpu_c.o(.data)
    .data                                    0x200000a4   Section       40  ucos_ii.o(.data)
    .bss                                     0x200000cc   Section       26  motor.o(.bss)
    .bss                                     0x200000e8   Section       44  adc12.o(.bss)
    .bss                                     0x20000114   Section      400  main.o(.bss)
    .bss                                     0x200002a4   Section     4400  os_thread.o(.bss)
    .bss                                     0x200013d4   Section     1104  ucos_ii.o(.bss)
    .bss                                     0x20001824   Section       96  libspace.o(.bss)
    HEAP                                     0x20001888   Section      512  stm32f10x_startup.o(HEAP)
    Heap                                     0x20001888   Data           0  stm32f10x_startup.o(HEAP)
    STACK                                    0x20001a88   Section      512  stm32f10x_startup.o(STACK)
    Stack                                    0x20001a88   Data           0  stm32f10x_startup.o(STACK)

    Global Symbols

    Symbol Name                              Value     Ov Type        Size  Object(Section)

    BuildAttributes$$THM_ISAv4$M$P$D$K$S$PE$A:L22UL41UL21$X:L11$S22US41US21$IEEE1$IW$USESV6$~STKCKD$USESV7$~SHL$OSPACE$EBA8$STANDARDLIB$REQ8$PRES8$EABIv2 0x00000000   Number         0  anon$$obj.o ABSOLUTE
    __ARM_use_no_argv                        0x00000000   Number         0  main.o ABSOLUTE
    __ARM_exceptions_init                     - Undefined Weak Reference
    __Heap_DescSize                           - Undefined Weak Reference
    __alloca_initialize                       - Undefined Weak Reference
    __cpp_initialize__aeabi_                  - Undefined Weak Reference
    __cxa_finalize                            - Undefined Weak Reference
    __rt_SIGABRT_inner                        - Undefined Weak Reference
    __rt_SIGCPPL_inner                        - Undefined Weak Reference
    __rt_SIGFPE_inner                         - Undefined Weak Reference
    __rt_SIGILL_inner                         - Undefined Weak Reference
    __rt_SIGINT_inner                         - Undefined Weak Reference
    __rt_SIGPVFN_inner                        - Undefined Weak Reference
    __rt_SIGRTRED_inner                       - Undefined Weak Reference
    __rt_SIGSEGV_inner                        - Undefined Weak Reference
    __rt_SIGSTAK_inner                        - Undefined Weak Reference
    __rt_SIGTERM_inner                        - Undefined Weak Reference
    __rt_SIGUSR1_inner                        - Undefined Weak Reference
    __rt_SIGUSR2_inner                        - Undefined Weak Reference
    __rt_sigother_inner                       - Undefined Weak Reference
    __sigvec_lookup                           - Undefined Weak Reference
    __user_heap_extend                        - Undefined Weak Reference
    _atexit_init                              - Undefined Weak Reference
    _call_atexit_fns                          - Undefined Weak Reference
    _clock_init                               - Undefined Weak Reference
    _fp_trap_init                             - Undefined Weak Reference
    _get_lc_collate                           - Undefined Weak Reference
    _get_lc_ctype                             - Undefined Weak Reference
    _get_lc_monetary                          - Undefined Weak Reference
    _get_lc_numeric                           - Undefined Weak Reference
    _get_lc_time                              - Undefined Weak Reference
    _getenv_init                              - Undefined Weak Reference
    _handle_redirection                       - Undefined Weak Reference
    _init_alloc                               - Undefined Weak Reference
    _init_user_alloc                          - Undefined Weak Reference
    _initio                                   - Undefined Weak Reference
    _rand_init                                - Undefined Weak Reference
    _signal_init                              - Undefined Weak Reference
    _terminate_user_alloc                     - Undefined Weak Reference
    _terminateio                              - Undefined Weak Reference
    __Vectors                                0x08000000   Data           0  stm32f10x_startup.o(RESET)
    Reset_Handler                            0x08000101   Thumb Code     0  stm32f10x_startup.o(RESET)
    __main                                   0x08000119   Thumb Code     8  __main.o(!!!main)
    __scatterload                            0x08000121   Thumb Code     0  __scatter.o(!!!scatter)
    __scatterload_rt2                        0x08000121   Thumb Code    44  __scatter.o(!!!scatter)
    __scatterload_rt2_thumb_only             0x08000121   Thumb Code     0  __scatter.o(!!!scatter)
    __scatterload_null                       0x0800012f   Thumb Code     0  __scatter.o(!!!scatter)
    __scatterload_copy                       0x08000155   Thumb Code    26  __scatter_copy.o(!!handler_copy)
    __scatterload_zeroinit                   0x08000171   Thumb Code    28  __scatter_zi.o(!!handler_zi)
    __ARM_argv_veneer                        0x0800018d   Thumb Code     4  lib_init.o(.emb_text)
    __user_initial_stackheap                 0x08000191   Thumb Code     0  stm32f10x_startup.o(.text)
    OS_ENTER_CRITICAL                        0x080001ad   Thumb Code     0  os_cpu_a.o(.text)
    OS_EXIT_CRITICAL                         0x080001bf   Thumb Code     0  os_cpu_a.o(.text)
    OSStartHighRdy                           0x080001db   Thumb Code     0  os_cpu_a.o(.text)
    OSCtxSw                                  0x080001fd   Thumb Code     0  os_cpu_a.o(.text)
    OSIntCtxSw                               0x0800020b   Thumb Code     0  os_cpu_a.o(.text)
    OSPendSV                                 0x0800021b   Thumb Code     0  os_cpu_a.o(.text)
    ItDisAll                                 0x08000269   Thumb Code     0  os_cpu_a.o(.text)
    __use_two_region_memory                  0x08000295   Thumb Code     2  stkheap2.o(.text)
    __rt_stackheap_init                      0x08000297   Thumb Code    24  stkheap2.o(.text)
    __rt_heap_extend                         0x080002af   Thumb Code    12  stkheap2.o(.text)
    __rt_entry                               0x080002bb   Thumb Code    36  kernel.o(.text)
    __rt_exit                                0x080002df   Thumb Code    18  kernel.o(.text)
    __rt_abort                               0x080002f1   Thumb Code     8  kernel.o(.text)
    __user_setup_stackheap                   0x080002f9   Thumb Code    74  sys_stackheap_outer.o(.text)
    __rt_stackheap_storage                   0x08000345   Thumb Code     6  rt_stackheap_storage_intlibspace.o(.text)
    _sys_exit                                0x08000351   Thumb Code    16  sys_exit.o(.text)
    __user_libspace                          0x08000365   Thumb Code     4  libspace.o(.text)
    __user_perproc_libspace                  0x08000365   Thumb Code     0  libspace.o(.text)
    __user_perthread_libspace                0x08000365   Thumb Code     0  libspace.o(.text)
    exit                                     0x0800036d   Thumb Code    12  exit.o(.text)
    __rt_lib_init                            0x08000379   Thumb Code   174  lib_init.o(.text)
    __rt_lib_shutdown                        0x08000427   Thumb Code    18  lib_init.o(.text)
    _platform_post_stackheap_init            0x08000439   Thumb Code    10  boardinit2.o(.text)
    _platform_post_lib_init                  0x08000443   Thumb Code     8  boardinit3.o(.text)
    __I_use_semihosting                      0x0800044b   Thumb Code     0  use_no_semi.o(.text)
    __use_no_semihosting_swi                 0x0800044b   Thumb Code     2  use_no_semi.o(.text)
    __rt_locale                              0x0800044d   Thumb Code     6  rt_locale_intlibspace.o(.text)
    __ARM_get_argv                           0x08000459   Thumb Code     2  no_argv.o(.text)
    __rt_fp_status_addr                      0x0800045d   Thumb Code     6  rt_fp_status_addr_intlibspace.o(.text)
    ACMotor_BreakClose                       0x08000469   Thumb Code     8  motor.o(i.ACMotor_BreakClose)
    ACMotor_Start                            0x08000475   Thumb Code    24  motor.o(i.ACMotor_Start)
    ACMotor_Stop                             0x08000491   Thumb Code    24  motor.o(i.ACMotor_Stop)
    ADC_ClearITPendingBit                    0x080004ad   Thumb Code    10  stm32f10x_adc.o(i.ADC_ClearITPendingBit)
    ADC_Cmd                                  0x080004b7   Thumb Code    20  stm32f10x_adc.o(i.ADC_Cmd)
    ADC_Configuration                        0x080004cd   Thumb Code   252  adc12.o(i.ADC_Configuration)
    ADC_DMACmd                               0x080005dd   Thumb Code    22  stm32f10x_adc.o(i.ADC_DMACmd)
    ADC_DiscModeChannelCountConfig           0x080005f3   Thumb Code    18  stm32f10x_adc.o(i.ADC_DiscModeChannelCountConfig)
    ADC_DiscModeCmd                          0x08000605   Thumb Code    20  stm32f10x_adc.o(i.ADC_DiscModeCmd)
    ADC_GetCalibrationStatus                 0x08000619   Thumb Code    14  stm32f10x_adc.o(i.ADC_GetCalibrationStatus)
    ADC_GetResetCalibrationStatus            0x08000627   Thumb Code    14  stm32f10x_adc.o(i.ADC_GetResetCalibrationStatus)
    ADC_IRQHandler                           0x08000635   Thumb Code    60  stm32f10x_it.o(i.ADC_IRQHandler)
    ADC_ITConfig                             0x08000681   Thumb Code    18  stm32f10x_adc.o(i.ADC_ITConfig)
    ADC_Init                                 0x08000695   Thumb Code    62  stm32f10x_adc.o(i.ADC_Init)
    ADC_RegularChannelConfig                 0x080006dd   Thumb Code   116  stm32f10x_adc.o(i.ADC_RegularChannelConfig)
    ADC_ResetCalibration                     0x08000751   Thumb Code    10  stm32f10x_adc.o(i.ADC_ResetCalibration)
    ADC_SoftwareStartConvCmd                 0x0800075b   Thumb Code    20  stm32f10x_adc.o(i.ADC_SoftwareStartConvCmd)
    ADC_StartCalibration                     0x0800076f   Thumb Code    10  stm32f10x_adc.o(i.ADC_StartCalibration)
    Bot_TimerStart                           0x08000779   Thumb Code    26  timer.o(i.Bot_TimerStart)
    Bot_TimerStop                            0x08000799   Thumb Code    10  timer.o(i.Bot_TimerStop)
    CAN_RX1_IRQHandler                       0x080007a9   Thumb Code     2  stm32f10x_it.o(i.CAN_RX1_IRQHandler)
    CAN_SCE_IRQHandler                       0x080007ab   Thumb Code     2  stm32f10x_it.o(i.CAN_SCE_IRQHandler)
    CNTL_Configuration                       0x080007ad   Thumb Code    74  io.o(i.CNTL_Configuration)
    DCMotor_BreakClose                       0x080007fd   Thumb Code     8  motor.o(i.DCMotor_BreakClose)
    DCMotor_NegativeStart                    0x08000809   Thumb Code   152  motor.o(i.DCMotor_NegativeStart)
    DCMotor_NegativeStop                     0x080008a9   Thumb Code    86  motor.o(i.DCMotor_NegativeStop)
    DCMotor_PassiveStart                     0x08000905   Thumb Code   152  motor.o(i.DCMotor_PassiveStart)
    DCMotor_PassiveStop                      0x080009a5   Thumb Code    86  motor.o(i.DCMotor_PassiveStop)
    DCMotor_PassiveStopNotBreak              0x08000a01   Thumb Code    78  motor.o(i.DCMotor_PassiveStopNotBreak)
    DMAChannel1_IRQHandler                   0x08000a55   Thumb Code     2  stm32f10x_it.o(i.DMAChannel1_IRQHandler)
    DMAChannel2_IRQHandler                   0x08000a57   Thumb Code     2  stm32f10x_it.o(i.DMAChannel2_IRQHandler)
    DMAChannel3_IRQHandler                   0x08000a59   Thumb Code     2  stm32f10x_it.o(i.DMAChannel3_IRQHandler)
    DMAChannel4_IRQHandler                   0x08000a5b   Thumb Code     2  stm32f10x_it.o(i.DMAChannel4_IRQHandler)
    DMAChannel5_IRQHandler                   0x08000a5d   Thumb Code     2  stm32f10x_it.o(i.DMAChannel5_IRQHandler)
    DMAChannel6_IRQHandler                   0x08000a5f   Thumb Code     2  stm32f10x_it.o(i.DMAChannel6_IRQHandler)
    DMAChannel7_IRQHandler                   0x08000a61   Thumb Code     2  stm32f10x_it.o(i.DMAChannel7_IRQHandler)
    DMA_Cmd                                  0x08000a63   Thumb Code    20  stm32f10x_dma.o(i.DMA_Cmd)
    DMA_DeInit                               0x08000a79   Thumb Code   118  stm32f10x_dma.o(i.DMA_DeInit)
    DMA_Init                                 0x08000af9   Thumb Code    58  stm32f10x_dma.o(i.DMA_Init)
    EXTI0_IRQHandler                         0x08000b33   Thumb Code     2  stm32f10x_it.o(i.EXTI0_IRQHandler)
    EXTI15_10_IRQHandler                     0x08000b35   Thumb Code     2  stm32f10x_it.o(i.EXTI15_10_IRQHandler)
    EXTI1_IRQHandler                         0x08000b37   Thumb Code     2  stm32f10x_it.o(i.EXTI1_IRQHandler)
    EXTI2_IRQHandler                         0x08000b39   Thumb Code     2  stm32f10x_it.o(i.EXTI2_IRQHandler)
    EXTI3_IRQHandler                         0x08000b3b   Thumb Code     2  stm32f10x_it.o(i.EXTI3_IRQHandler)
    EXTI4_IRQHandler                         0x08000b3d   Thumb Code     2  stm32f10x_it.o(i.EXTI4_IRQHandler)
    EXTI9_5_IRQHandler                       0x08000b41   Thumb Code    68  stm32f10x_it.o(i.EXTI9_5_IRQHandler)
    EXTI_ClearITPendingBit                   0x08000b91   Thumb Code     6  stm32f10x_exti.o(i.EXTI_ClearITPendingBit)
    EXTI_Configuration                       0x08000b9d   Thumb Code    34  io.o(i.EXTI_Configuration)
    EXTI_GetITStatus                         0x08000bc5   Thumb Code    24  stm32f10x_exti.o(i.EXTI_GetITStatus)
    EXTI_Init                                0x08000be1   Thumb Code   100  stm32f10x_exti.o(i.EXTI_Init)
    EXTI_PA7Start                            0x08000c49   Thumb Code    42  io.o(i.EXTI_PA7Start)
    EXTI_PA7Stop                             0x08000c7d   Thumb Code    42  io.o(i.EXTI_PA7Stop)
    FLASH_IRQHandler                         0x08000cb1   Thumb Code     2  stm32f10x_it.o(i.FLASH_IRQHandler)
    FLASH_PrefetchBufferCmd                  0x08000cb5   Thumb Code    18  stm32f10x_flash.o(i.FLASH_PrefetchBufferCmd)
    FLASH_SetLatency                         0x08000ccd   Thumb Code    18  stm32f10x_flash.o(i.FLASH_SetLatency)
    GPIO_EXTILineConfig                      0x08000ce5   Thumb Code    34  stm32f10x_gpio.o(i.GPIO_EXTILineConfig)
    GPIO_Init                                0x08000d0d   Thumb Code   160  stm32f10x_gpio.o(i.GPIO_Init)
    GPIO_ReadInputDataBit                    0x08000dad   Thumb Code    14  stm32f10x_gpio.o(i.GPIO_ReadInputDataBit)
    GPIO_ResetBits                           0x08000dbb   Thumb Code     4  stm32f10x_gpio.o(i.GPIO_ResetBits)
    GPIO_SetBits                             0x08000dbf   Thumb Code     4  stm32f10x_gpio.o(i.GPIO_SetBits)
    HPSuck_BreakClose                        0x08000dc5   Thumb Code    10  io.o(i.HPSuck_BreakClose)
    HPSuck_BreakOpen                         0x08000dd5   Thumb Code    10  io.o(i.HPSuck_BreakOpen)
    I2C1_ER_IRQHandler                       0x08000de5   Thumb Code     2  stm32f10x_it.o(i.I2C1_ER_IRQHandler)
    I2C1_EV_IRQHandler                       0x08000de7   Thumb Code     2  stm32f10x_it.o(i.I2C1_EV_IRQHandler)
    I2C2_ER_IRQHandler                       0x08000de9   Thumb Code     2  stm32f10x_it.o(i.I2C2_ER_IRQHandler)
    I2C2_EV_IRQHandler                       0x08000deb   Thumb Code     2  stm32f10x_it.o(i.I2C2_EV_IRQHandler)
    Init_run_status                          0x08000ebd   Thumb Code    88  main.o(i.Init_run_status)
    KEY_Configuration                        0x08000f41   Thumb Code    30  io.o(i.KEY_Configuration)
    NVIC_Init                                0x08000fef   Thumb Code   116  stm32f10x_nvic.o(i.NVIC_Init)
    NVIC_PriorityGroupConfig                 0x08001065   Thumb Code    10  stm32f10x_nvic.o(i.NVIC_PriorityGroupConfig)
    NVIC_SetVectorTable                      0x08001079   Thumb Code    12  stm32f10x_nvic.o(i.NVIC_SetVectorTable)
    OSDebugInit                              0x0800108d   Thumb Code     2  os_dbg.o(i.OSDebugInit)
    OSInit                                   0x08001091   Thumb Code   188  ucos_ii.o(i.OSInit)
    OSInitHookBegin                          0x0800115d   Thumb Code     2  os_cpu_c.o(i.OSInitHookBegin)
    OSInitHookEnd                            0x0800115f   Thumb Code     2  os_cpu_c.o(i.OSInitHookEnd)
    OSIntExit                                0x08001161   Thumb Code    78  ucos_ii.o(i.OSIntExit)
    OSSemCreate                              0x080011b9   Thumb Code    52  ucos_ii.o(i.OSSemCreate)
    OSSemPend                                0x080011f1   Thumb Code   128  ucos_ii.o(i.OSSemPend)
    OSSemPost                                0x08001275   Thumb Code    72  ucos_ii.o(i.OSSemPost)
    OSStart                                  0x080012bd   Thumb Code    38  ucos_ii.o(i.OSStart)
    OSTCBInitHook                            0x080012ed   Thumb Code     2  os_cpu_c.o(i.OSTCBInitHook)
    OSTaskCreateExt                          0x080012f1   Thumb Code   138  ucos_ii.o(i.OSTaskCreateExt)
    OSTaskCreateHook                         0x08001385   Thumb Code     2  os_cpu_c.o(i.OSTaskCreateHook)
    OSTaskIdleHook                           0x08001387   Thumb Code     2  os_cpu_c.o(i.OSTaskIdleHook)
    OSTaskResume                             0x08001389   Thumb Code   112  ucos_ii.o(i.OSTaskResume)
    OSTaskStkInit                            0x08001401   Thumb Code   114  os_cpu_c.o(i.OSTaskStkInit)
    OSTaskSuspend                            0x08001475   Thumb Code   122  ucos_ii.o(i.OSTaskSuspend)
    OSTaskSwHook                             0x080014f9   Thumb Code     2  os_cpu_c.o(i.OSTaskSwHook)
    OSTimeDly                                0x080014fd   Thumb Code    60  ucos_ii.o(i.OSTimeDly)
    OSTimeTick                               0x0800153d   Thumb Code   110  ucos_ii.o(i.OSTimeTick)
    OS_EventTO                               0x080015b1   Thumb Code    50  ucos_ii.o(i.OS_EventTO)
    OS_EventTaskRdy                          0x080015e9   Thumb Code    92  ucos_ii.o(i.OS_EventTaskRdy)
    OS_EventTaskWait                         0x08001651   Thumb Code    68  ucos_ii.o(i.OS_EventTaskWait)
    OS_EventWaitListInit                     0x08001699   Thumb Code    22  ucos_ii.o(i.OS_EventWaitListInit)
    OS_MemClr                                0x080016af   Thumb Code    18  ucos_ii.o(i.OS_MemClr)
    OS_Sched                                 0x080016c1   Thumb Code    60  ucos_ii.o(i.OS_Sched)
    OS_TCBInit                               0x08001725   Thumb Code   196  ucos_ii.o(i.OS_TCBInit)
    OS_TaskIdle                              0x080017f1   Thumb Code    24  ucos_ii.o(i.OS_TaskIdle)
    OS_TaskStkClr                            0x0800180d   Thumb Code    22  ucos_ii.o(i.OS_TaskStkClr)
    PVD_IRQHandler                           0x08001823   Thumb Code     2  stm32f10x_it.o(i.PVD_IRQHandler)
    PWM_Configuration                        0x08001825   Thumb Code    88  motor.o(i.PWM_Configuration)
    PWM_IoConfiguration                      0x08001885   Thumb Code    68  motor.o(i.PWM_IoConfiguration)
    RCC_ADCCLKConfig                         0x080018cd   Thumb Code    14  stm32f10x_rcc.o(i.RCC_ADCCLKConfig)
    RCC_AHBPeriphClockCmd                    0x080018e1   Thumb Code    18  stm32f10x_rcc.o(i.RCC_AHBPeriphClockCmd)
    RCC_APB1PeriphClockCmd                   0x080018f9   Thumb Code    18  stm32f10x_rcc.o(i.RCC_APB1PeriphClockCmd)
    RCC_APB2PeriphClockCmd                   0x08001911   Thumb Code    18  stm32f10x_rcc.o(i.RCC_APB2PeriphClockCmd)
    RCC_APB2PeriphResetCmd                   0x08001929   Thumb Code    18  stm32f10x_rcc.o(i.RCC_APB2PeriphResetCmd)
    RCC_DeInit                               0x080019c5   Thumb Code    60  stm32f10x_rcc.o(i.RCC_DeInit)
    RCC_GetClocksFreq                        0x08001a0d   Thumb Code   132  stm32f10x_rcc.o(i.RCC_GetClocksFreq)
    RCC_GetFlagStatus                        0x08001aa1   Thumb Code    42  stm32f10x_rcc.o(i.RCC_GetFlagStatus)
    RCC_GetSYSCLKSource                      0x08001ad1   Thumb Code    10  stm32f10x_rcc.o(i.RCC_GetSYSCLKSource)
    RCC_HCLKConfig                           0x08001ae1   Thumb Code    14  stm32f10x_rcc.o(i.RCC_HCLKConfig)
    RCC_HSEConfig                            0x08001af5   Thumb Code    48  stm32f10x_rcc.o(i.RCC_HSEConfig)
    RCC_IRQHandler                           0x08001b29   Thumb Code     2  stm32f10x_it.o(i.RCC_IRQHandler)
    RCC_PCLK1Config                          0x08001b2d   Thumb Code    14  stm32f10x_rcc.o(i.RCC_PCLK1Config)
    RCC_PCLK2Config                          0x08001b41   Thumb Code    16  stm32f10x_rcc.o(i.RCC_PCLK2Config)
    RCC_PLLCmd                               0x08001b55   Thumb Code     6  stm32f10x_rcc.o(i.RCC_PLLCmd)
    RCC_PLLConfig                            0x08001b61   Thumb Code    16  stm32f10x_rcc.o(i.RCC_PLLConfig)
    RCC_SYSCLKConfig                         0x08001b75   Thumb Code    14  stm32f10x_rcc.o(i.RCC_SYSCLKConfig)
    RCC_WaitForHSEStartUp                    0x08001b89   Thumb Code    42  stm32f10x_rcc.o(i.RCC_WaitForHSEStartUp)
    RTCAlarm_IRQHandler                      0x08001bb9   Thumb Code     2  stm32f10x_it.o(i.RTCAlarm_IRQHandler)
    RTC_IRQHandler                           0x08001bbb   Thumb Code     2  stm32f10x_it.o(i.RTC_IRQHandler)
    SENSOR_Configuration                     0x08001bbd   Thumb Code    30  io.o(i.SENSOR_Configuration)
    SPI1_IRQHandler                          0x08001be1   Thumb Code     2  stm32f10x_it.o(i.SPI1_IRQHandler)
    SPI2_IRQHandler                          0x08001be3   Thumb Code     2  stm32f10x_it.o(i.SPI2_IRQHandler)
    Sck_TimerStart                           0x08001be5   Thumb Code    26  timer.o(i.Sck_TimerStart)
    Sck_TimerStop                            0x08001c05   Thumb Code    10  timer.o(i.Sck_TimerStop)
    SysTickHandler                           0x08001c15   Thumb Code    30  stm32f10x_it.o(i.SysTickHandler)
    SysTick_CounterCmd                       0x08001c39   Thumb Code    32  stm32f10x_systick.o(i.SysTick_CounterCmd)
    SysTick_ITConfig                         0x08001c59   Thumb Code    24  stm32f10x_systick.o(i.SysTick_ITConfig)
    SysTick_SetReload                        0x08001c71   Thumb Code     8  stm32f10x_systick.o(i.SysTick_SetReload)
    TAMPER_IRQHandler                        0x08001c79   Thumb Code     2  stm32f10x_it.o(i.TAMPER_IRQHandler)
    TIM1_BRK_IRQHandler                      0x08001c7b   Thumb Code     2  stm32f10x_it.o(i.TIM1_BRK_IRQHandler)
    TIM1_CC_IRQHandler                       0x08001c7d   Thumb Code     2  stm32f10x_it.o(i.TIM1_CC_IRQHandler)
    TIM1_Cmd                                 0x08001c81   Thumb Code     6  stm32f10x_tim1.o(i.TIM1_Cmd)
    TIM1_CtrlPWMOutputs                      0x08001c8d   Thumb Code     6  stm32f10x_tim1.o(i.TIM1_CtrlPWMOutputs)
    TIM1_DeInit                              0x08001c99   Thumb Code    24  stm32f10x_tim1.o(i.TIM1_DeInit)
    TIM1_OC1Init                             0x08001cb1   Thumb Code    62  stm32f10x_tim1.o(i.TIM1_OC1Init)
    TIM1_OC3Init                             0x08001cf9   Thumb Code    62  stm32f10x_tim1.o(i.TIM1_OC3Init)
    TIM1_TRG_COM_IRQHandler                  0x08001d41   Thumb Code     2  stm32f10x_it.o(i.TIM1_TRG_COM_IRQHandler)
    TIM1_TimeBaseInit                        0x08001d45   Thumb Code    36  stm32f10x_tim1.o(i.TIM1_TimeBaseInit)
    TIM1_UP_IRQHandler                       0x08001d6d   Thumb Code     2  stm32f10x_it.o(i.TIM1_UP_IRQHandler)
    TIM2_IRQHandler                          0x08001d71   Thumb Code    30  stm32f10x_it.o(i.TIM2_IRQHandler)
    TIM2_It                                  0x08001d95   Thumb Code   330  timer.o(i.TIM2_It)
    TIM3_IRQHandler                          0x08001f41   Thumb Code    30  stm32f10x_it.o(i.TIM3_IRQHandler)
    TIM3_It                                  0x08001f65   Thumb Code    94  timer.o(i.TIM3_It)
    TIM4_IRQHandler                          0x08001fd9   Thumb Code    30  stm32f10x_it.o(i.TIM4_IRQHandler)
    TIM4_It                                  0x08001ffd   Thumb Code   156  timer.o(i.TIM4_It)
    TIM_ClearFlag                            0x080020b1   Thumb Code     8  stm32f10x_tim.o(i.TIM_ClearFlag)
    TIM_ClearITPendingBit                    0x080020b9   Thumb Code     8  stm32f10x_tim.o(i.TIM_ClearITPendingBit)
    TIM_Cmd                                  0x080020c1   Thumb Code    22  stm32f10x_tim.o(i.TIM_Cmd)
    TIM_Configuration                        0x080020d9   Thumb Code   216  timer.o(i.TIM_Configuration)
    TIM_ITConfig                             0x080021b9   Thumb Code    16  stm32f10x_tim.o(i.TIM_ITConfig)
    TIM_OCInit                               0x080021c9   Thumb Code   188  stm32f10x_tim.o(i.TIM_OCInit)
    TIM_PrescalerConfig                      0x08002289   Thumb Code    22  stm32f10x_tim.o(i.TIM_PrescalerConfig)
    TIM_TimeBaseInit                         0x0800229f   Thumb Code    30  stm32f10x_tim.o(i.TIM_TimeBaseInit)
    UART_onfiguration                        0x080022bd   Thumb Code   134  uart.o(i.UART_onfiguration)
    USART1_IRQHandler                        0x0800234d   Thumb Code   100  stm32f10x_it.o(i.USART1_IRQHandler)
    USART2_IRQHandler                        0x080023c1   Thumb Code     2  stm32f10x_it.o(i.USART2_IRQHandler)
    USART3_IRQHandler                        0x080023c3   Thumb Code     2  stm32f10x_it.o(i.USART3_IRQHandler)
    USART_ClearITPendingBit                  0x080023c5   Thumb Code    14  stm32f10x_usart.o(i.USART_ClearITPendingBit)
    USART_Cmd                                0x080023d3   Thumb Code    20  stm32f10x_usart.o(i.USART_Cmd)
    USART_GetFlagStatus                      0x080023e7   Thumb Code    14  stm32f10x_usart.o(i.USART_GetFlagStatus)
    USART_GetITStatus                        0x080023f5   Thumb Code    62  stm32f10x_usart.o(i.USART_GetITStatus)
    USART_ITConfig                           0x08002433   Thumb Code    48  stm32f10x_usart.o(i.USART_ITConfig)
    USART_Init                               0x08002465   Thumb Code   146  stm32f10x_usart.o(i.USART_Init)
    USART_ReceiveData                        0x080024fd   Thumb Code     8  stm32f10x_usart.o(i.USART_ReceiveData)
    USART_SendChar                           0x08002505   Thumb Code    22  uart.o(i.USART_SendChar)
    USBWakeUp_IRQHandler                     0x08002521   Thumb Code     2  stm32f10x_it.o(i.USBWakeUp_IRQHandler)
    USB_HP_CAN_TX_IRQHandler                 0x08002523   Thumb Code     2  stm32f10x_it.o(i.USB_HP_CAN_TX_IRQHandler)
    USB_LP_CAN_RX0_IRQHandler                0x08002525   Thumb Code     2  stm32f10x_it.o(i.USB_LP_CAN_RX0_IRQHandler)
    WWDG_IRQHandler                          0x08002527   Thumb Code     2  stm32f10x_it.o(i.WWDG_IRQHandler)
    create_os_compent                        0x080027a1   Thumb Code    54  os_thread.o(i.create_os_compent)
    create_os_task                           0x080027dd   Thumb Code   230  os_thread.o(i.create_os_task)
    kpd_scan                                 0x080028fd   Thumb Code   136  main.o(i.kpd_scan)
    main                                     0x08002991   Thumb Code    82  main.o(i.main)
    nop                                      0x080029ed   Thumb Code    12  timer.o(i.nop)
    nop_op                                   0x080029f9   Thumb Code    12  main.o(i.nop_op)
    printf                                   0x08002a69   Thumb Code   192  uart.o(i.printf)
    _fp_init                                 0x08002c31   Thumb Code    14  fpinit.o(x$fpl$fpinit)
    __fplib_config_pureend_doubles           0x08002c3d   Thumb Code     0  fpinit.o(x$fpl$fpinit)
    OSUnMapTbl                               0x08002c62   Data         256  ucos_ii.o(.constdata)
    Region$$Table$$Base                      0x08002d64   Number         0  anon$$obj.o(Region$$Table)
    Region$$Table$$Limit                     0x08002d84   Number         0  anon$$obj.o(Region$$Table)
    RxCounter                                0x20000000   Data           1  stm32f10x_it.o(.data)
    RxBuffer                                 0x20000001   Data           1  stm32f10x_it.o(.data)
    CCR1_Value                               0x2000000c   Data           2  motor.o(.data)
    CCR3_Value                               0x2000000e   Data           2  motor.o(.data)
    EXTI_InitStructure                       0x20000010   Data           8  io.o(.data)
    ADC_RegularConvertedValueTab             0x20000018   Data           6  adc12.o(.data)
    ADC_SampleValue                          0x2000001e   Data           6  adc12.o(.data)
    adc_conver_count                         0x20000024   Data           2  timer.o(.data)
    sensor3_state                            0x20000028   Data           4  timer.o(.data)
    sensor3_have                             0x2000002c   Data           4  timer.o(.data)
    sensor3_no                               0x20000030   Data           4  timer.o(.data)
    sensor2_state                            0x20000034   Data           4  timer.o(.data)
    sensor1_state                            0x20000038   Data           4  timer.o(.data)
    sensor1_have                             0x2000003c   Data           4  timer.o(.data)
    sensor1_no                               0x20000040   Data           4  timer.o(.data)
    orgin_status                             0x20000044   Data           2  main.o(.data)
    run_status                               0x20000046   Data           2  main.o(.data)
    run_enable                               0x20000048   Data           2  main.o(.data)
    orgin_detect_count                       0x2000004c   Data           4  main.o(.data)
    orgin_detect_status                      0x20000050   Data           4  main.o(.data)
    ac_motor_run_stage                       0x20000054   Data           4  main.o(.data)
    kpd_status                               0x20000058   Data           4  main.o(.data)
    key_state                                0x2000005c   Data           4  main.o(.data)
    key_have                                 0x20000060   Data           4  main.o(.data)
    key_no                                   0x20000064   Data           4  main.o(.data)
    suck_close_flag                          0x20000068   Data           1  os_thread.o(.data)
    slow_start_opreate                       0x20000069   Data           1  os_thread.o(.data)
    slow_check_wink_frency_value             0x2000006a   Data           2  os_thread.o(.data)
    slow_check_light_frency_value            0x2000006c   Data           2  os_thread.o(.data)
    slow_check_count_wink                    0x20000070   Data           4  os_thread.o(.data)
    slow_check_count_wink_pre                0x20000074   Data           4  os_thread.o(.data)
    slow_check_count_light                   0x20000078   Data           4  os_thread.o(.data)
    slow_check_count_light_pre               0x2000007c   Data           4  os_thread.o(.data)
    fast_back_time_count                     0x20000080   Data           4  os_thread.o(.data)
    fast_back_time_flag                      0x20000084   Data           4  os_thread.o(.data)
    BotSem                                   0x20000088   Data           4  os_thread.o(.data)
    OrgSem                                   0x2000008c   Data           4  os_thread.o(.data)
    AspSem                                   0x20000090   Data           4  os_thread.o(.data)
    SckSem                                   0x20000094   Data           4  os_thread.o(.data)
    ComSem                                   0x20000098   Data           4  os_thread.o(.data)
    KpdSem                                   0x2000009c   Data           4  os_thread.o(.data)
    OSInterrputSum                           0x200000a0   Data           4  os_cpu_c.o(.data)
    OSIntNesting                             0x200000a4   Data           1  ucos_ii.o(.data)
    OSLockNesting                            0x200000a5   Data           1  ucos_ii.o(.data)
    OSPrioCur                                0x200000a6   Data           1  ucos_ii.o(.data)
    OSPrioHighRdy                            0x200000a7   Data           1  ucos_ii.o(.data)
    OSRdyGrp                                 0x200000a8   Data           1  ucos_ii.o(.data)
    OSRunning                                0x200000a9   Data           1  ucos_ii.o(.data)
    OSTaskCtr                                0x200000aa   Data           1  ucos_ii.o(.data)
    OSRdyTbl                                 0x200000ab   Data           2  ucos_ii.o(.data)
    OSCtxSwCtr                               0x200000b0   Data           4  ucos_ii.o(.data)
    OSEventFreeList                          0x200000b4   Data           4  ucos_ii.o(.data)
    OSIdleCtr                                0x200000b8   Data           4  ucos_ii.o(.data)
    OSTCBCur                                 0x200000bc   Data           4  ucos_ii.o(.data)
    OSTCBFreeList                            0x200000c0   Data           4  ucos_ii.o(.data)
    OSTCBHighRdy                             0x200000c4   Data           4  ucos_ii.o(.data)
    OSTCBList                                0x200000c8   Data           4  ucos_ii.o(.data)
    TIM1_TimeBaseStructure                   0x200000cc   Data          10  motor.o(.bss)
    TIM1_OCInitStructure                     0x200000d6   Data          16  motor.o(.bss)
    DMA_InitStructure                        0x200000e8   Data          44  adc12.o(.bss)
    InitTaskStk                              0x20000114   Data         400  main.o(.bss)
    BotTaskStk                               0x200002a4   Data         400  os_thread.o(.bss)
    OrgTaskStk                               0x20000434   Data         400  os_thread.o(.bss)
    AspTaskStk                               0x200005c4   Data         800  os_thread.o(.bss)
    SckTaskStk                               0x200008e4   Data         800  os_thread.o(.bss)
    SdaTaskStk                               0x20000c04   Data         800  os_thread.o(.bss)
    BktTaskStk                               0x20000f24   Data         800  os_thread.o(.bss)
    ComTaskStk                               0x20001244   Data         400  os_thread.o(.bss)
    OSEventTbl                               0x200013d4   Data         224  ucos_ii.o(.bss)
    OSTaskIdleStk                            0x200014b4   Data         200  ucos_ii.o(.bss)
    OSTCBPrioTbl                             0x2000157c   Data          40  ucos_ii.o(.bss)
    OSTCBTbl                                 0x200015a4   Data         640  ucos_ii.o(.bss)
    __libspace_start                         0x20001824   Data          96  libspace.o(.bss)
    __temporary_stack_top_libspace           0x20001884   Number         0  libspace.o(.bss)


================================================================================

Memory Map of the image

  Image Entry point : 0x08000101

  Load Region LR_1 (Base: 0x08000000, Size: 0x00002e50, Max: 0xffffffff, ABSOLUTE)

    Execution Region ER_RO (Base: 0x08000000, Size: 0x00002d84, Max: 0xffffffff, ABSOLUTE)

    Base Addr    Size         Type   Attr      Idx    E Section Name        Object

    0x08000000   0x00000118   Code   RO            9  * RESET               stm32f10x_startup.o
    0x08000118   0x00000008   Code   RO         4642  * !!!main             __main.o(c_w.l)
    0x08000120   0x00000034   Code   RO         4732    !!!scatter          __scatter.o(c_w.l)
    0x08000154   0x0000001a   Code   RO         4734    !!handler_copy      __scatter_copy.o(c_w.l)
    0x0800016e   0x00000002   PAD
    0x08000170   0x0000001c   Code   RO         4736    !!handler_zi        __scatter_zi.o(c_w.l)
    0x0800018c   0x00000004   Code   RO         4667    .emb_text           lib_init.o(c_w.l)
    0x08000190   0x0000001c   Code   RO           10    .text               stm32f10x_startup.o
    0x080001ac   0x000000e8   Code   RO         4281    .text               os_cpu_a.o
    0x08000294   0x00000026   Code   RO         4640    .text               stkheap2.o(c_w.l)
    0x080002ba   0x0000003e   Code   RO         4644    .text               kernel.o(c_w.l)
    0x080002f8   0x0000004a   Code   RO         4647    .text               sys_stackheap_outer.o(c_w.l)
    0x08000342   0x00000002   PAD
    0x08000344   0x0000000c   Code   RO         4652    .text               rt_stackheap_storage_intlibspace.o(c_w.l)
    0x08000350   0x00000014   Code   RO         4658    .text               sys_exit.o(c_w.l)
    0x08000364   0x00000008   Code   RO         4660    .text               libspace.o(c_w.l)
    0x0800036c   0x0000000c   Code   RO         4663    .text               exit.o(c_w.l)
    0x08000378   0x000000c0   Code   RO         4668    .text               lib_init.o(c_w.l)
    0x08000438   0x0000000a   Code   RO         4673    .text               boardinit2.o(c_w.l)
    0x08000442   0x00000008   Code   RO         4675    .text               boardinit3.o(c_w.l)
    0x0800044a   0x00000002   Code   RO         4679    .text               use_no_semi.o(c_w.l)
    0x0800044c   0x0000000c   Code   RO         4684    .text               rt_locale_intlibspace.o(c_w.l)
    0x08000458   0x00000002   Code   RO         4694    .text               no_argv.o(c_w.l)
    0x0800045a   0x00000002   PAD
    0x0800045c   0x0000000c   Code   RO         4703    .text               rt_fp_status_addr_intlibspace.o(c_w.l)
    0x08000468   0x0000000c   Code   RO         3796    i.ACMotor_BreakClose  motor.o
    0x08000474   0x0000001c   Code   RO         3794    i.ACMotor_Start     motor.o
    0x08000490   0x0000001c   Code   RO         3795    i.ACMotor_Stop      motor.o
    0x080004ac   0x0000000a   Code   RO          480    i.ADC_ClearITPendingBit  stm32f10x_adc.o
    0x080004b6   0x00000014   Code   RO          448    i.ADC_Cmd           stm32f10x_adc.o
    0x080004ca   0x00000002   PAD
    0x080004cc   0x00000110   Code   RO         4032    i.ADC_Configuration  adc12.o
    0x080005dc   0x00000016   Code   RO          449    i.ADC_DMACmd        stm32f10x_adc.o
    0x080005f2   0x00000012   Code   RO          457    i.ADC_DiscModeChannelCountConfig  stm32f10x_adc.o
    0x08000604   0x00000014   Code   RO          458    i.ADC_DiscModeCmd   stm32f10x_adc.o
    0x08000618   0x0000000e   Code   RO          454    i.ADC_GetCalibrationStatus  stm32f10x_adc.o
    0x08000626   0x0000000e   Code   RO          452    i.ADC_GetResetCalibrationStatus  stm32f10x_adc.o
    0x08000634   0x0000004c   Code   RO           34    i.ADC_IRQHandler    stm32f10x_it.o
    0x08000680   0x00000012   Code   RO          450    i.ADC_ITConfig      stm32f10x_adc.o
    0x08000692   0x00000002   PAD
    0x08000694   0x00000048   Code   RO          446    i.ADC_Init          stm32f10x_adc.o
    0x080006dc   0x00000074   Code   RO          459    i.ADC_RegularChannelConfig  stm32f10x_adc.o
    0x08000750   0x0000000a   Code   RO          451    i.ADC_ResetCalibration  stm32f10x_adc.o
    0x0800075a   0x00000014   Code   RO          455    i.ADC_SoftwareStartConvCmd  stm32f10x_adc.o
    0x0800076e   0x0000000a   Code   RO          453    i.ADC_StartCalibration  stm32f10x_adc.o
    0x08000778   0x00000020   Code   RO         4064    i.Bot_TimerStart    timer.o
    0x08000798   0x00000010   Code   RO         4065    i.Bot_TimerStop     timer.o
    0x080007a8   0x00000002   Code   RO           37    i.CAN_RX1_IRQHandler  stm32f10x_it.o
    0x080007aa   0x00000002   Code   RO           38    i.CAN_SCE_IRQHandler  stm32f10x_it.o
    0x080007ac   0x00000050   Code   RO         3966    i.CNTL_Configuration  io.o
    0x080007fc   0x0000000c   Code   RO         3797    i.DCMotor_BreakClose  motor.o
    0x08000808   0x000000a0   Code   RO         3789    i.DCMotor_NegativeStart  motor.o
    0x080008a8   0x0000005c   Code   RO         3790    i.DCMotor_NegativeStop  motor.o
    0x08000904   0x000000a0   Code   RO         3791    i.DCMotor_PassiveStart  motor.o
    0x080009a4   0x0000005c   Code   RO         3792    i.DCMotor_PassiveStop  motor.o
    0x08000a00   0x00000054   Code   RO         3793    i.DCMotor_PassiveStopNotBreak  motor.o
    0x08000a54   0x00000002   Code   RO           27    i.DMAChannel1_IRQHandler  stm32f10x_it.o
    0x08000a56   0x00000002   Code   RO           28    i.DMAChannel2_IRQHandler  stm32f10x_it.o
    0x08000a58   0x00000002   Code   RO           29    i.DMAChannel3_IRQHandler  stm32f10x_it.o
    0x08000a5a   0x00000002   Code   RO           30    i.DMAChannel4_IRQHandler  stm32f10x_it.o
    0x08000a5c   0x00000002   Code   RO           31    i.DMAChannel5_IRQHandler  stm32f10x_it.o
    0x08000a5e   0x00000002   Code   RO           32    i.DMAChannel6_IRQHandler  stm32f10x_it.o
    0x08000a60   0x00000002   Code   RO           33    i.DMAChannel7_IRQHandler  stm32f10x_it.o
    0x08000a62   0x00000014   Code   RO          938    i.DMA_Cmd           stm32f10x_dma.o
    0x08000a76   0x00000002   PAD
    0x08000a78   0x00000080   Code   RO          939    i.DMA_DeInit        stm32f10x_dma.o
    0x08000af8   0x0000003a   Code   RO          940    i.DMA_Init          stm32f10x_dma.o
    0x08000b32   0x00000002   Code   RO           22    i.EXTI0_IRQHandler  stm32f10x_it.o
    0x08000b34   0x00000002   Code   RO           56    i.EXTI15_10_IRQHandler  stm32f10x_it.o
    0x08000b36   0x00000002   Code   RO           23    i.EXTI1_IRQHandler  stm32f10x_it.o
    0x08000b38   0x00000002   Code   RO           24    i.EXTI2_IRQHandler  stm32f10x_it.o
    0x08000b3a   0x00000002   Code   RO           25    i.EXTI3_IRQHandler  stm32f10x_it.o
    0x08000b3c   0x00000002   Code   RO           26    i.EXTI4_IRQHandler  stm32f10x_it.o
    0x08000b3e   0x00000002   PAD
    0x08000b40   0x00000050   Code   RO           39    i.EXTI9_5_IRQHandler  stm32f10x_it.o
    0x08000b90   0x0000000c   Code   RO         1029    i.EXTI_ClearITPendingBit  stm32f10x_exti.o
    0x08000b9c   0x00000028   Code   RO         3969    i.EXTI_Configuration  io.o
    0x08000bc4   0x0000001c   Code   RO         1028    i.EXTI_GetITStatus  stm32f10x_exti.o
    0x08000be0   0x00000068   Code   RO         1023    i.EXTI_Init         stm32f10x_exti.o
    0x08000c48   0x00000034   Code   RO         3970    i.EXTI_PA7Start     io.o
    0x08000c7c   0x00000034   Code   RO         3971    i.EXTI_PA7Stop      io.o
    0x08000cb0   0x00000002   Code   RO           20    i.FLASH_IRQHandler  stm32f10x_it.o
    0x08000cb2   0x00000002   PAD
    0x08000cb4   0x00000018   Code   RO         1089    i.FLASH_PrefetchBufferCmd  stm32f10x_flash.o
    0x08000ccc   0x00000018   Code   RO         1087    i.FLASH_SetLatency  stm32f10x_flash.o
    0x08000ce4   0x00000028   Code   RO         1130    i.GPIO_EXTILineConfig  stm32f10x_gpio.o
    0x08000d0c   0x000000a0   Code   RO         1116    i.GPIO_Init         stm32f10x_gpio.o
    0x08000dac   0x0000000e   Code   RO         1118    i.GPIO_ReadInputDataBit  stm32f10x_gpio.o
    0x08000dba   0x00000004   Code   RO         1123    i.GPIO_ResetBits    stm32f10x_gpio.o
    0x08000dbe   0x00000004   Code   RO         1122    i.GPIO_SetBits      stm32f10x_gpio.o
    0x08000dc2   0x00000002   PAD
    0x08000dc4   0x00000010   Code   RO         3973    i.HPSuck_BreakClose  io.o
    0x08000dd4   0x00000010   Code   RO         3972    i.HPSuck_BreakOpen  io.o
    0x08000de4   0x00000002   Code   RO           48    i.I2C1_ER_IRQHandler  stm32f10x_it.o
    0x08000de6   0x00000002   Code   RO           47    i.I2C1_EV_IRQHandler  stm32f10x_it.o
    0x08000de8   0x00000002   Code   RO           50    i.I2C2_ER_IRQHandler  stm32f10x_it.o
    0x08000dea   0x00000002   Code   RO           49    i.I2C2_EV_IRQHandler  stm32f10x_it.o
    0x08000dec   0x000000d0   Code   RO         4140    i.Init_TaskCore     main.o
    0x08000ebc   0x00000084   Code   RO         4139    i.Init_run_status   main.o
    0x08000f40   0x00000024   Code   RO         3968    i.KEY_Configuration  io.o
    0x08000f64   0x0000008a   Code   RO         4144    i.NVIC_Configuration  main.o
    0x08000fee   0x00000074   Code   RO         1546    i.NVIC_Init         stm32f10x_nvic.o
    0x08001062   0x00000002   PAD
    0x08001064   0x00000014   Code   RO         1545    i.NVIC_PriorityGroupConfig  stm32f10x_nvic.o
    0x08001078   0x00000014   Code   RO         1561    i.NVIC_SetVectorTable  stm32f10x_nvic.o
    0x0800108c   0x00000002   Code   RO         4364    i.OSDebugInit       os_dbg.o
    0x0800108e   0x00000002   PAD
    0x08001090   0x000000cc   Code   RO         4395    i.OSInit            ucos_ii.o
    0x0800115c   0x00000002   Code   RO         4284    i.OSInitHookBegin   os_cpu_c.o
    0x0800115e   0x00000002   Code   RO         4285    i.OSInitHookEnd     os_cpu_c.o
    0x08001160   0x00000058   Code   RO         4397    i.OSIntExit         ucos_ii.o
    0x080011b8   0x00000038   Code   RO         4411    i.OSSemCreate       ucos_ii.o
    0x080011f0   0x00000084   Code   RO         4413    i.OSSemPend         ucos_ii.o
    0x08001274   0x00000048   Code   RO         4414    i.OSSemPost         ucos_ii.o
    0x080012bc   0x00000030   Code   RO         4400    i.OSStart           ucos_ii.o
    0x080012ec   0x00000002   Code   RO         4292    i.OSTCBInitHook     os_cpu_c.o
    0x080012ee   0x00000002   PAD
    0x080012f0   0x00000094   Code   RO         4393    i.OSTaskCreateExt   ucos_ii.o
    0x08001384   0x00000002   Code   RO         4286    i.OSTaskCreateHook  os_cpu_c.o
    0x08001386   0x00000002   Code   RO         4288    i.OSTaskIdleHook    os_cpu_c.o
    0x08001388   0x00000078   Code   RO         4417    i.OSTaskResume      ucos_ii.o
    0x08001400   0x00000072   Code   RO         4290    i.OSTaskStkInit     os_cpu_c.o
    0x08001472   0x00000002   PAD
    0x08001474   0x00000084   Code   RO         4419    i.OSTaskSuspend     ucos_ii.o
    0x080014f8   0x00000002   Code   RO         4291    i.OSTaskSwHook      os_cpu_c.o
    0x080014fa   0x00000002   PAD
    0x080014fc   0x00000040   Code   RO         4420    i.OSTimeDly         ucos_ii.o
    0x0800153c   0x00000074   Code   RO         4401    i.OSTimeTick        ucos_ii.o
    0x080015b0   0x00000038   Code   RO         4405    i.OS_EventTO        ucos_ii.o
    0x080015e8   0x00000068   Code   RO         4403    i.OS_EventTaskRdy   ucos_ii.o
    0x08001650   0x00000048   Code   RO         4404    i.OS_EventTaskWait  ucos_ii.o
    0x08001698   0x00000016   Code   RO         4406    i.OS_EventWaitListInit  ucos_ii.o
    0x080016ae   0x00000012   Code   RO         4394    i.OS_MemClr         ucos_ii.o
    0x080016c0   0x00000044   Code   RO         4390    i.OS_Sched          ucos_ii.o
    0x08001704   0x00000020   Code   RO         4421    i.OS_SchedNew       ucos_ii.o
    0x08001724   0x000000cc   Code   RO         4391    i.OS_TCBInit        ucos_ii.o
    0x080017f0   0x0000001c   Code   RO         4389    i.OS_TaskIdle       ucos_ii.o
    0x0800180c   0x00000016   Code   RO         4392    i.OS_TaskStkClr     ucos_ii.o
    0x08001822   0x00000002   Code   RO           17    i.PVD_IRQHandler    stm32f10x_it.o
    0x08001824   0x00000060   Code   RO         3787    i.PWM_Configuration  motor.o
    0x08001884   0x00000048   Code   RO         3788    i.PWM_IoConfiguration  motor.o
    0x080018cc   0x00000014   Code   RO         1846    i.RCC_ADCCLKConfig  stm32f10x_rcc.o
    0x080018e0   0x00000018   Code   RO         1852    i.RCC_AHBPeriphClockCmd  stm32f10x_rcc.o
    0x080018f8   0x00000018   Code   RO         1854    i.RCC_APB1PeriphClockCmd  stm32f10x_rcc.o
    0x08001910   0x00000018   Code   RO         1853    i.RCC_APB2PeriphClockCmd  stm32f10x_rcc.o
    0x08001928   0x00000018   Code   RO         1855    i.RCC_APB2PeriphResetCmd  stm32f10x_rcc.o
    0x08001940   0x00000082   Code   RO         4145    i.RCC_Configuration  main.o
    0x080019c2   0x00000002   PAD
    0x080019c4   0x00000048   Code   RO         1831    i.RCC_DeInit        stm32f10x_rcc.o
    0x08001a0c   0x00000094   Code   RO         1851    i.RCC_GetClocksFreq  stm32f10x_rcc.o
    0x08001aa0   0x00000030   Code   RO         1833    i.RCC_GetFlagStatus  stm32f10x_rcc.o
    0x08001ad0   0x00000010   Code   RO         1840    i.RCC_GetSYSCLKSource  stm32f10x_rcc.o
    0x08001ae0   0x00000014   Code   RO         1841    i.RCC_HCLKConfig    stm32f10x_rcc.o
    0x08001af4   0x00000034   Code   RO         1832    i.RCC_HSEConfig     stm32f10x_rcc.o
    0x08001b28   0x00000002   Code   RO           21    i.RCC_IRQHandler    stm32f10x_it.o
    0x08001b2a   0x00000002   PAD
    0x08001b2c   0x00000014   Code   RO         1842    i.RCC_PCLK1Config   stm32f10x_rcc.o
    0x08001b40   0x00000014   Code   RO         1843    i.RCC_PCLK2Config   stm32f10x_rcc.o
    0x08001b54   0x0000000c   Code   RO         1838    i.RCC_PLLCmd        stm32f10x_rcc.o
    0x08001b60   0x00000014   Code   RO         1837    i.RCC_PLLConfig     stm32f10x_rcc.o
    0x08001b74   0x00000014   Code   RO         1839    i.RCC_SYSCLKConfig  stm32f10x_rcc.o
    0x08001b88   0x00000030   Code   RO         1834    i.RCC_WaitForHSEStartUp  stm32f10x_rcc.o
    0x08001bb8   0x00000002   Code   RO           57    i.RTCAlarm_IRQHandler  stm32f10x_it.o
    0x08001bba   0x00000002   Code   RO           19    i.RTC_IRQHandler    stm32f10x_it.o
    0x08001bbc   0x00000024   Code   RO         3967    i.SENSOR_Configuration  io.o
    0x08001be0   0x00000002   Code   RO           51    i.SPI1_IRQHandler   stm32f10x_it.o
    0x08001be2   0x00000002   Code   RO           52    i.SPI2_IRQHandler   stm32f10x_it.o
    0x08001be4   0x00000020   Code   RO         4059    i.Sck_TimerStart    timer.o
    0x08001c04   0x00000010   Code   RO         4060    i.Sck_TimerStop     timer.o
    0x08001c14   0x00000024   Code   RO           15    i.SysTickHandler    stm32f10x_it.o
    0x08001c38   0x00000020   Code   RO         2333    i.SysTick_CounterCmd  stm32f10x_systick.o
    0x08001c58   0x00000018   Code   RO         2334    i.SysTick_ITConfig  stm32f10x_systick.o
    0x08001c70   0x00000008   Code   RO         2332    i.SysTick_SetReload  stm32f10x_systick.o
    0x08001c78   0x00000002   Code   RO           18    i.TAMPER_IRQHandler  stm32f10x_it.o
    0x08001c7a   0x00000002   Code   RO           40    i.TIM1_BRK_IRQHandler  stm32f10x_it.o
    0x08001c7c   0x00000002   Code   RO           43    i.TIM1_CC_IRQHandler  stm32f10x_it.o
    0x08001c7e   0x00000002   PAD
    0x08001c80   0x0000000c   Code   RO         2397    i.TIM1_Cmd          stm32f10x_tim1.o
    0x08001c8c   0x0000000c   Code   RO         2398    i.TIM1_CtrlPWMOutputs  stm32f10x_tim1.o
    0x08001c98   0x00000018   Code   RO         2379    i.TIM1_DeInit       stm32f10x_tim1.o
    0x08001cb0   0x00000048   Code   RO         2381    i.TIM1_OC1Init      stm32f10x_tim1.o
    0x08001cf8   0x00000048   Code   RO         2383    i.TIM1_OC3Init      stm32f10x_tim1.o
    0x08001d40   0x00000002   Code   RO           42    i.TIM1_TRG_COM_IRQHandler  stm32f10x_it.o
    0x08001d42   0x00000002   PAD
    0x08001d44   0x00000028   Code   RO         2380    i.TIM1_TimeBaseInit  stm32f10x_tim1.o
    0x08001d6c   0x00000002   Code   RO           41    i.TIM1_UP_IRQHandler  stm32f10x_it.o
    0x08001d6e   0x00000002   PAD
    0x08001d70   0x00000024   Code   RO           44    i.TIM2_IRQHandler   stm32f10x_it.o
    0x08001d94   0x000001ac   Code   RO         4061    i.TIM2_It           timer.o
    0x08001f40   0x00000024   Code   RO           45    i.TIM3_IRQHandler   stm32f10x_it.o
    0x08001f64   0x00000074   Code   RO         4063    i.TIM3_It           timer.o
    0x08001fd8   0x00000024   Code   RO           46    i.TIM4_IRQHandler   stm32f10x_it.o
    0x08001ffc   0x000000b4   Code   RO         4066    i.TIM4_It           timer.o
    0x080020b0   0x00000008   Code   RO         3077    i.TIM_ClearFlag     stm32f10x_tim.o
    0x080020b8   0x00000008   Code   RO         3079    i.TIM_ClearITPendingBit  stm32f10x_tim.o
    0x080020c0   0x00000016   Code   RO         3019    i.TIM_Cmd           stm32f10x_tim.o
    0x080020d6   0x00000002   PAD
    0x080020d8   0x000000e0   Code   RO         4058    i.TIM_Configuration  timer.o
    0x080021b8   0x00000010   Code   RO         3020    i.TIM_ITConfig      stm32f10x_tim.o
    0x080021c8   0x000000c0   Code   RO         3008    i.TIM_OCInit        stm32f10x_tim.o
    0x08002288   0x00000016   Code   RO         3030    i.TIM_PrescalerConfig  stm32f10x_tim.o
    0x0800229e   0x0000001e   Code   RO         3007    i.TIM_TimeBaseInit  stm32f10x_tim.o
    0x080022bc   0x00000090   Code   RO         3883    i.UART_onfiguration  uart.o
    0x0800234c   0x00000074   Code   RO           53    i.USART1_IRQHandler  stm32f10x_it.o
    0x080023c0   0x00000002   Code   RO           54    i.USART2_IRQHandler  stm32f10x_it.o
    0x080023c2   0x00000002   Code   RO           55    i.USART3_IRQHandler  stm32f10x_it.o
    0x080023c4   0x0000000e   Code   RO         3562    i.USART_ClearITPendingBit  stm32f10x_usart.o
    0x080023d2   0x00000014   Code   RO         3541    i.USART_Cmd         stm32f10x_usart.o
    0x080023e6   0x0000000e   Code   RO         3559    i.USART_GetFlagStatus  stm32f10x_usart.o
    0x080023f4   0x0000003e   Code   RO         3561    i.USART_GetITStatus  stm32f10x_usart.o
    0x08002432   0x00000030   Code   RO         3542    i.USART_ITConfig    stm32f10x_usart.o
    0x08002462   0x00000002   PAD
    0x08002464   0x00000098   Code   RO         3539    i.USART_Init        stm32f10x_usart.o
    0x080024fc   0x00000008   Code   RO         3550    i.USART_ReceiveData  stm32f10x_usart.o
    0x08002504   0x0000001c   Code   RO         3884    i.USART_SendChar    uart.o
    0x08002520   0x00000002   Code   RO           58    i.USBWakeUp_IRQHandler  stm32f10x_it.o
    0x08002522   0x00000002   Code   RO           35    i.USB_HP_CAN_TX_IRQHandler  stm32f10x_it.o
    0x08002524   0x00000002   Code   RO           36    i.USB_LP_CAN_RX0_IRQHandler  stm32f10x_it.o
    0x08002526   0x00000002   Code   RO           16    i.WWDG_IRQHandler   stm32f10x_it.o
    0x08002528   0x000000c0   Code   RO         4214    i.acstop_task_core  os_thread.o
    0x080025e8   0x000000a8   Code   RO         4211    i.back_timeout_task_core  os_thread.o
    0x08002690   0x00000040   Code   RO         4216    i.bot_task_core     os_thread.o
    0x080026d0   0x000000d0   Code   RO         4210    i.com_task_core     os_thread.o
    0x080027a0   0x0000003c   Code   RO         4218    i.create_os_compent  os_thread.o
    0x080027dc   0x00000120   Code   RO         4217    i.create_os_task    os_thread.o
    0x080028fc   0x00000094   Code   RO         4143    i.kpd_scan          main.o
    0x08002990   0x0000005c   Code   RO         4141    i.main              main.o
    0x080029ec   0x0000000c   Code   RO         4062    i.nop               timer.o
    0x080029f8   0x0000000c   Code   RO         4142    i.nop_op            main.o
    0x08002a04   0x00000064   Code   RO         4215    i.org_task_core     os_thread.o
    0x08002a68   0x000000c4   Code   RO         3885    i.printf            uart.o
    0x08002b2c   0x00000038   Code   RO         4212    i.send_tile_task_core  os_thread.o
    0x08002b64   0x000000cc   Code   RO         4213    i.slow_check_task_core  os_thread.o
    0x08002c30   0x0000000e   Code   RO         4696    x$fpl$fpinit        fpinit.o(fz_ws.l)
    0x08002c3e   0x00000014   Data   RO         1864    .constdata          stm32f10x_rcc.o
    0x08002c52   0x00000010   Data   RO         3081    .constdata          stm32f10x_tim.o
    0x08002c62   0x00000100   Data   RO         4423    .constdata          ucos_ii.o
    0x08002d62   0x00000002   PAD
    0x08002d64   0x00000020   Data   RO         4731    Region$$Table       anon$$obj.o


    Execution Region ER_RW (Base: 0x20000000, Size: 0x000000cc, Max: 0xffffffff, ABSOLUTE)

    Base Addr    Size         Type   Attr      Idx    E Section Name        Object

    0x20000000   0x00000002   Data   RW           59    .data               stm32f10x_it.o
    0x20000002   0x00000002   PAD
    0x20000004   0x00000008   Data   RW         1863    .data               stm32f10x_rcc.o
    0x2000000c   0x00000004   Data   RW         3798    .data               motor.o
    0x20000010   0x00000008   Data   RW         3974    .data               io.o
    0x20000018   0x00000006   Data   RW         4033    .data               adc12.o
    0x2000001e   0x00000006   Data   RW         4035    .data               adc12.o
    0x20000024   0x00000020   Data   RW         4067    .data               timer.o
    0x20000044   0x00000024   Data   RW         4146    .data               main.o
    0x20000068   0x00000038   Data   RW         4219    .data               os_thread.o
    0x200000a0   0x00000004   Data   RW         4293    .data               os_cpu_c.o
    0x200000a4   0x00000028   Data   RW         4422    .data               ucos_ii.o


    Execution Region ER_ZI (Base: 0x200000cc, Size: 0x00001bbc, Max: 0xffffffff, ABSOLUTE)

    Base Addr    Size         Type   Attr      Idx    E Section Name        Object

    0x200000cc   0x0000001a   Zero   RW         3799    .bss                motor.o
    0x200000e6   0x00000002   PAD
    0x200000e8   0x0000002c   Zero   RW         4034    .bss                adc12.o
    0x20000114   0x00000190   Zero   RW         4147    .bss                main.o
    0x200002a4   0x00001130   Zero   RW         4220    .bss                os_thread.o
    0x200013d4   0x00000450   Zero   RW         4424    .bss                ucos_ii.o
    0x20001824   0x00000060   Zero   RW         4661    .bss                libspace.o(c_w.l)
    0x20001884   0x00000004   PAD
    0x20001888   0x00000200   Zero   RW            8    HEAP                stm32f10x_startup.o
    0x20001a88   0x00000200   Zero   RW            7    STACK               stm32f10x_startup.o

