ARM Linker, 5.03 [Build 24] [MDK-ARM Professional]

==============================================================================

Section Cross References

    stm32f10x_it.o(i.DMAChannel2_IRQHandler) refers to stm32f10x_dma.o(i.DMA_ClearFlag) for DMA_ClearFlag
    stm32f10x_it.o(i.DMAChannel2_IRQHandler) refers to stm32f10x_dma.o(i.DMA_Cmd) for DMA_Cmd
    stm32f10x_it.o(i.DMAChannel3_IRQHandler) refers to stm32f10x_dma.o(i.DMA_ClearFlag) for DMA_ClearFlag
    stm32f10x_it.o(i.DMAChannel3_IRQHandler) refers to stm32f10x_dma.o(i.DMA_Cmd) for DMA_Cmd
    stm32f10x_it.o(i.DMAChannel4_IRQHandler) refers to stm32f10x_dma.o(i.DMA_ClearFlag) for DMA_ClearFlag
    stm32f10x_it.o(i.DMAChannel4_IRQHandler) refers to stm32f10x_dma.o(i.DMA_Cmd) for DMA_Cmd
    stm32f10x_it.o(i.EXTI0_IRQHandler) refers to os_cpu_a.o(.text) for OS_ENTER_CRITICAL
    stm32f10x_it.o(i.EXTI0_IRQHandler) refers to ucos_ii.o(i.OSIntExit) for OSIntExit
    stm32f10x_it.o(i.EXTI0_IRQHandler) refers to ucos_ii.o(.data) for OSIntNesting
    stm32f10x_it.o(i.EXTI15_10_IRQHandler) refers to os_cpu_a.o(.text) for OS_ENTER_CRITICAL
    stm32f10x_it.o(i.EXTI15_10_IRQHandler) refers to stm32f10x_exti.o(i.EXTI_GetITStatus) for EXTI_GetITStatus
    stm32f10x_it.o(i.EXTI15_10_IRQHandler) refers to stm32f10x_exti.o(i.EXTI_ClearITPendingBit) for EXTI_ClearITPendingBit
    stm32f10x_it.o(i.EXTI15_10_IRQHandler) refers to ucos_ii.o(i.OSIntExit) for OSIntExit
    stm32f10x_it.o(i.EXTI15_10_IRQHandler) refers to ucos_ii.o(.data) for OSIntNesting
    stm32f10x_it.o(i.EXTI15_10_IRQHandler) refers to stm32f10x_it.o(.data) for r_int_finish
    stm32f10x_it.o(i.EXTI1_IRQHandler) refers to os_cpu_a.o(.text) for OS_ENTER_CRITICAL
    stm32f10x_it.o(i.EXTI1_IRQHandler) refers to ucos_ii.o(i.OSIntExit) for OSIntExit
    stm32f10x_it.o(i.EXTI1_IRQHandler) refers to ucos_ii.o(.data) for OSIntNesting
    stm32f10x_it.o(i.EXTI9_5_IRQHandler) refers to os_cpu_a.o(.text) for OS_ENTER_CRITICAL
    stm32f10x_it.o(i.EXTI9_5_IRQHandler) refers to stm32f10x_exti.o(i.EXTI_GetITStatus) for EXTI_GetITStatus
    stm32f10x_it.o(i.EXTI9_5_IRQHandler) refers to stm32f10x_exti.o(i.EXTI_ClearITPendingBit) for EXTI_ClearITPendingBit
    stm32f10x_it.o(i.EXTI9_5_IRQHandler) refers to ucos_ii.o(i.OSIntExit) for OSIntExit
    stm32f10x_it.o(i.EXTI9_5_IRQHandler) refers to ucos_ii.o(.data) for OSIntNesting
    stm32f10x_it.o(i.EXTI9_5_IRQHandler) refers to stm32f10x_it.o(.data) for l_int_finish
    stm32f10x_it.o(i.SysTickHandler) refers to os_cpu_a.o(.text) for OS_ENTER_CRITICAL
    stm32f10x_it.o(i.SysTickHandler) refers to ucos_ii.o(i.OSTimeTick) for OSTimeTick
    stm32f10x_it.o(i.SysTickHandler) refers to ucos_ii.o(i.OSIntExit) for OSIntExit
    stm32f10x_it.o(i.SysTickHandler) refers to ucos_ii.o(.data) for OSIntNesting
    stm32f10x_it.o(i.TIM1_BRK_IRQHandler) refers to stm32f10x_tim1.o(i.TIM1_ClearFlag) for TIM1_ClearFlag
    stm32f10x_it.o(i.TIM1_CC_IRQHandler) refers to os_cpu_a.o(.text) for OS_ENTER_CRITICAL
    stm32f10x_it.o(i.TIM1_CC_IRQHandler) refers to stm32f10x_tim1.o(i.TIM1_GetITStatus) for TIM1_GetITStatus
    stm32f10x_it.o(i.TIM1_CC_IRQHandler) refers to stm32f10x_tim1.o(i.TIM1_ClearITPendingBit) for TIM1_ClearITPendingBit
    stm32f10x_it.o(i.TIM1_CC_IRQHandler) refers to stm32f10x_tim1.o(i.TIM1_GetCapture2) for TIM1_GetCapture2
    stm32f10x_it.o(i.TIM1_CC_IRQHandler) refers to stm32f10x_it.o(i.ir_parse) for ir_parse
    stm32f10x_it.o(i.TIM1_CC_IRQHandler) refers to stm32f10x_tim1.o(i.TIM1_GetCapture3) for TIM1_GetCapture3
    stm32f10x_it.o(i.TIM1_CC_IRQHandler) refers to ucos_ii.o(i.OSIntExit) for OSIntExit
    stm32f10x_it.o(i.TIM1_CC_IRQHandler) refers to ucos_ii.o(.data) for OSIntNesting
    stm32f10x_it.o(i.TIM1_CC_IRQHandler) refers to stm32f10x_it.o(.data) for ir_tim1_counter2
    stm32f10x_it.o(i.TIM1_CC_IRQHandler) refers to stm32f10x_it.o(.bss) for debug_info
    stm32f10x_it.o(i.TIM1_TRG_COM_IRQHandler) refers to os_cpu_a.o(.text) for OS_ENTER_CRITICAL
    stm32f10x_it.o(i.TIM1_TRG_COM_IRQHandler) refers to stm32f10x_tim1.o(i.TIM1_ClearFlag) for TIM1_ClearFlag
    stm32f10x_it.o(i.TIM1_TRG_COM_IRQHandler) refers to ucos_ii.o(i.OSIntExit) for OSIntExit
    stm32f10x_it.o(i.TIM1_TRG_COM_IRQHandler) refers to ucos_ii.o(.data) for OSIntNesting
    stm32f10x_it.o(i.TIM1_UP_IRQHandler) refers to os_cpu_a.o(.text) for OS_ENTER_CRITICAL
    stm32f10x_it.o(i.TIM1_UP_IRQHandler) refers to stm32f10x_tim1.o(i.TIM1_GetITStatus) for TIM1_GetITStatus
    stm32f10x_it.o(i.TIM1_UP_IRQHandler) refers to stm32f10x_tim1.o(i.TIM1_ClearFlag) for TIM1_ClearFlag
    stm32f10x_it.o(i.TIM1_UP_IRQHandler) refers to ucos_ii.o(i.OSIntExit) for OSIntExit
    stm32f10x_it.o(i.TIM1_UP_IRQHandler) refers to ucos_ii.o(.data) for OSIntNesting
    stm32f10x_it.o(i.TIM2_IRQHandler) refers to os_cpu_a.o(.text) for OS_ENTER_CRITICAL
    stm32f10x_it.o(i.TIM2_IRQHandler) refers to stm32f10x_tim.o(i.TIM_GetITStatus) for TIM_GetITStatus
[...]
    delay                                    0x08006651   Thumb Code    26  pcf8563.o(i.delay)
    delay_ms                                 0x0800666b   Thumb Code    44  mpu6050.o(i.delay_ms)
    detect_init                              0x08006699   Thumb Code    74  detect.o(i.detect_init)
    dmp_enable_6x_lp_quat                    0x080066ed   Thumb Code    60  inv_mpu_dmp_motion_driver.o(i.dmp_enable_6x_lp_quat)
    dmp_enable_feature                       0x08006729   Thumb Code   530  inv_mpu_dmp_motion_driver.o(i.dmp_enable_feature)
    dmp_enable_gyro_cal                      0x08006945   Thumb Code    62  inv_mpu_dmp_motion_driver.o(i.dmp_enable_gyro_cal)
    dmp_enable_lp_quat                       0x0800699d   Thumb Code    60  inv_mpu_dmp_motion_driver.o(i.dmp_enable_lp_quat)
    dmp_load_motion_driver_firmware          0x080069d9   Thumb Code    20  inv_mpu_dmp_motion_driver.o(i.dmp_load_motion_driver_firmware)
    dmp_read_fifo                            0x080069f1   Thumb Code   446  inv_mpu_dmp_motion_driver.o(i.dmp_read_fifo)
    dmp_set_accel_bias                       0x08006bb5   Thumb Code   300  inv_mpu_dmp_motion_driver.o(i.dmp_set_accel_bias)
    dmp_set_fifo_rate                        0x08006ce5   Thumb Code    96  inv_mpu_dmp_motion_driver.o(i.dmp_set_fifo_rate)
    dmp_set_gyro_bias                        0x08006d55   Thumb Code   294  inv_mpu_dmp_motion_driver.o(i.dmp_set_gyro_bias)
    dmp_set_orientation                      0x08006e85   Thumb Code   290  inv_mpu_dmp_motion_driver.o(i.dmp_set_orientation)
    dmp_set_shake_reject_thresh              0x08006fbd   Thumb Code    56  inv_mpu_dmp_motion_driver.o(i.dmp_set_shake_reject_thresh)
    dmp_set_shake_reject_time                0x08006ff5   Thumb Code    38  inv_mpu_dmp_motion_driver.o(i.dmp_set_shake_reject_time)
    dmp_set_shake_reject_timeout             0x0800701b   Thumb Code    38  inv_mpu_dmp_motion_driver.o(i.dmp_set_shake_reject_timeout)
    dmp_set_tap_axes                         0x08007041   Thumb Code    70  inv_mpu_dmp_motion_driver.o(i.dmp_set_tap_axes)
    dmp_set_tap_count                        0x08007087   Thumb Code    38  inv_mpu_dmp_motion_driver.o(i.dmp_set_tap_count)
    dmp_set_tap_thresh                       0x080070ad   Thumb Code   396  inv_mpu_dmp_motion_driver.o(i.dmp_set_tap_thresh)
    dmp_set_tap_time                         0x0800724d   Thumb Code    38  inv_mpu_dmp_motion_driver.o(i.dmp_set_tap_time)
    dmp_set_tap_time_multi                   0x08007273   Thumb Code    38  inv_mpu_dmp_motion_driver.o(i.dmp_set_tap_time_multi)
    dtd_adc_init                             0x08007299   Thumb Code   412  detect.o(i.dtd_adc_init)
    fputc                                    0x08007441   Thumb Code    22  uart.o(i.fputc)
    gopoint                                  0x08007981   Thumb Code  4044  function.o(i.gopoint)
    interaction_task_core                    0x08008aa5   Thumb Code   116  rf.o(i.interaction_task_core)
    inv_orientation_matrix_to_scalar         0x08008b2d   Thumb Code    40  inv_mpu.o(i.inv_orientation_matrix_to_scalar)
    inv_row_2_scale                          0x08008b55   Thumb Code    78  inv_mpu.o(i.inv_row_2_scale)
    ir_check_long_key                        0x08008ba5   Thumb Code   102  stm32f10x_it.o(i.ir_check_long_key)
    ir_parse                                 0x08008c2d   Thumb Code   492  stm32f10x_it.o(i.ir_parse)
    ir_recv_ext_config                       0x08008e4d   Thumb Code   514  detect.o(i.ir_recv_ext_config)
    led_down                                 0x08009061   Thumb Code    18  tm1637.o(i.led_down)
    led_gpio_init                            0x08009079   Thumb Code    52  tm1637.o(i.led_gpio_init)
    led_init                                 0x080090b5   Thumb Code    46  tm1637.o(i.led_init)
    led_light                                0x080090e9   Thumb Code    22  tm1637.o(i.led_light)
    left_motor_backward                      0x08009101   Thumb Code    90  motor_hal.o(i.left_motor_backward)
    left_motor_forward                       0x08009165   Thumb Code    90  motor_hal.o(i.left_motor_forward)
    left_motor_stop                          0x080091c9   Thumb Code    42  motor_hal.o(i.left_motor_stop)
    main                                     0x080091f9   Thumb Code    78  main.o(i.main)
    mget_ms                                  0x08009269   Thumb Code     2  inv_mpu.o(i.mget_ms)
    mpu_configure_fifo                       0x0800926d   Thumb Code   106  inv_mpu.o(i.mpu_configure_fifo)
    mpu_dmp_get_data                         0x080092dd   Thumb Code   542  inv_mpu.o(i.mpu_dmp_get_data)
    mpu_dmp_init                             0x08009501   Thumb Code   154  inv_mpu.o(i.mpu_dmp_init)
    mpu_get_accel_fsr                        0x080095a1   Thumb Code    72  inv_mpu.o(i.mpu_get_accel_fsr)
    mpu_get_accel_sens                       0x080095ed   Thumb Code    78  inv_mpu.o(i.mpu_get_accel_sens)
    mpu_get_fifo_config                      0x08009641   Thumb Code    12  inv_mpu.o(i.mpu_get_fifo_config)
    mpu_get_gyro_fsr                         0x08009651   Thumb Code    64  inv_mpu.o(i.mpu_get_gyro_fsr)
    mpu_get_gyro_sens                        0x08009695   Thumb Code    58  inv_mpu.o(i.mpu_get_gyro_sens)
    mpu_get_lpf                              0x080096e5   Thumb Code    74  inv_mpu.o(i.mpu_get_lpf)
    mpu_get_sample_rate                      0x08009735   Thumb Code    26  inv_mpu.o(i.mpu_get_sample_rate)
    mpu_init                                 0x08009755   Thumb Code   416  inv_mpu.o(i.mpu_init)
    mpu_load_firmware                        0x08009945   Thumb Code   180  inv_mpu.o(i.mpu_load_firmware)
    mpu_lp_accel_mode                        0x080099fd   Thumb Code   218  inv_mpu.o(i.mpu_lp_accel_mode)
    mpu_read_fifo_stream                     0x08009add   Thumb Code   186  inv_mpu.o(i.mpu_read_fifo_stream)
    mpu_read_mem                             0x08009b9d   Thumb Code   122  inv_mpu.o(i.mpu_read_mem)
    mpu_reset_fifo                           0x08009c1d   Thumb Code   450  inv_mpu.o(i.mpu_reset_fifo)
    mpu_run_self_test                        0x08009de5   Thumb Code   278  inv_mpu.o(i.mpu_run_self_test)
    mpu_set_accel_fsr                        0x08009f01   Thumb Code   126  inv_mpu.o(i.mpu_set_accel_fsr)
    mpu_set_bypass                           0x08009f85   Thumb Code   328  inv_mpu.o(i.mpu_set_bypass)
    mpu_set_dmp_state                        0x0800a0d1   Thumb Code   138  inv_mpu.o(i.mpu_set_dmp_state)
    mpu_set_gyro_fsr                         0x0800a161   Thumb Code   132  inv_mpu.o(i.mpu_set_gyro_fsr)
    mpu_set_int_latched                      0x0800a1e9   Thumb Code   102  inv_mpu.o(i.mpu_set_int_latched)
    mpu_set_lpf                              0x0800a255   Thumb Code   126  inv_mpu.o(i.mpu_set_lpf)
    mpu_set_sample_rate                      0x0800a2d9   Thumb Code   152  inv_mpu.o(i.mpu_set_sample_rate)
    mpu_set_sensors                          0x0800a375   Thumb Code   202  inv_mpu.o(i.mpu_set_sensors)
    mpu_write_mem                            0x0800a445   Thumb Code   122  inv_mpu.o(i.mpu_write_mem)
    pannel_led_control                       0x0800a4c5   Thumb Code    60  rf.o(i.pannel_led_control)
    poll_ir_key                              0x0800a505   Thumb Code   222  detect.o(i.poll_ir_key)
    right_motor_backward                     0x0800a5f5   Thumb Code    90  motor_hal.o(i.right_motor_backward)
    right_motor_forward                      0x0800a659   Thumb Code    90  motor_hal.o(i.right_motor_forward)
    right_motor_stop                         0x0800a6bd   Thumb Code    42  motor_hal.o(i.right_motor_stop)
    run_self_test                            0x0800a6ed   Thumb Code   148  inv_mpu.o(i.run_self_test)
    sensor_work                              0x0800a781   Thumb Code  2388  function.o(i.sensor_work)
    side_speed_configure                     0x0800b171   Thumb Code   144  motor_hal.o(i.side_speed_configure)
    sin                                      0x0800b209   Thumb Code   166  sin.o(i.sin)
    speed_measure_ext_configure              0x0800b2b9   Thumb Code   108  detect.o(i.speed_measure_ext_configure)
    speed_measure_ext_configure_init         0x0800b325   Thumb Code   102  detect.o(i.speed_measure_ext_configure_init)
    sqrt                                     0x0800b38b   Thumb Code    78  sqrt.o(i.sqrt)
    startup_buzzer_ring                      0x0800b3d9   Thumb Code    44  detect.o(i.startup_buzzer_ring)
    thing_round                              0x0800b411   Thumb Code  3928  function.o(i.thing_round)
    update                                   0x0800c381   Thumb Code   314  function.o(i.update)
    wrong                                    0x0800c4e1   Thumb Code    18  stm32f10x_it.o(i.wrong)
    __aeabi_d2f                              0x0800c501   Thumb Code     0  d2f.o(x$fpl$d2f)
    _d2f                                     0x0800c501   Thumb Code    98  d2f.o(x$fpl$d2f)
    __aeabi_dadd                             0x0800c565   Thumb Code     0  daddsub_clz.o(x$fpl$dadd)
    _dadd                                    0x0800c565   Thumb Code   332  daddsub_clz.o(x$fpl$dadd)
    __fpl_dcheck_NaN1                        0x0800c6b5   Thumb Code    10  dcheck1.o(x$fpl$dcheck1)
    __fpl_dcmp_Inf                           0x0800c6c5   Thumb Code    24  dcmpi.o(x$fpl$dcmpinf)
    __aeabi_ddiv                             0x0800c6dd   Thumb Code     0  ddiv.o(x$fpl$ddiv)
    _ddiv                                    0x0800c6dd   Thumb Code   552  ddiv.o(x$fpl$ddiv)
    __aeabi_d2iz                             0x0800c98d   Thumb Code     0  dfix.o(x$fpl$dfix)
    _dfix                                    0x0800c98d   Thumb Code    94  dfix.o(x$fpl$dfix)
    __aeabi_i2d                              0x0800c9eb   Thumb Code     0  dflt_clz.o(x$fpl$dflt)
    _dflt                                    0x0800c9eb   Thumb Code    46  dflt_clz.o(x$fpl$dflt)
    __aeabi_ui2d                             0x0800ca19   Thumb Code     0  dflt_clz.o(x$fpl$dfltu)
    _dfltu                                   0x0800ca19   Thumb Code    38  dflt_clz.o(x$fpl$dfltu)
    __aeabi_cdcmple                          0x0800ca41   Thumb Code     0  dleqf.o(x$fpl$dleqf)
    _dcmple                                  0x0800ca41   Thumb Code   120  dleqf.o(x$fpl$dleqf)
    __fpl_dcmple_InfNaN                      0x0800caa3   Thumb Code     0  dleqf.o(x$fpl$dleqf)
    __aeabi_dmul                             0x0800cab9   Thumb Code     0  dmul.o(x$fpl$dmul)
    _dmul                                    0x0800cab9   Thumb Code   332  dmul.o(x$fpl$dmul)
    __fpl_dnaninf                            0x0800cc0d   Thumb Code   156  dnaninf.o(x$fpl$dnaninf)
    __fpl_dretinf                            0x0800cca9   Thumb Code    12  dretinf.o(x$fpl$dretinf)
    __aeabi_cdrcmple                         0x0800ccb5   Thumb Code     0  drleqf.o(x$fpl$drleqf)
    _drcmple                                 0x0800ccb5   Thumb Code   108  drleqf.o(x$fpl$drleqf)
    __aeabi_drsub                            0x0800cd21   Thumb Code     0  daddsub_clz.o(x$fpl$drsb)
    _drsb                                    0x0800cd21   Thumb Code    22  daddsub_clz.o(x$fpl$drsb)
    _dsqrt                                   0x0800cd39   Thumb Code   456  dsqrt_noumaal.o(x$fpl$dsqrt)
    __aeabi_dsub                             0x0800cf05   Thumb Code     0  daddsub_clz.o(x$fpl$dsub)
    _dsub                                    0x0800cf05   Thumb Code   464  daddsub_clz.o(x$fpl$dsub)
    __aeabi_f2d                              0x0800d0d9   Thumb Code     0  f2d.o(x$fpl$f2d)
    _f2d                                     0x0800d0d9   Thumb Code    86  f2d.o(x$fpl$f2d)
    __aeabi_fadd                             0x0800d131   Thumb Code     0  faddsub_clz.o(x$fpl$fadd)
    _fadd                                    0x0800d131   Thumb Code   196  faddsub_clz.o(x$fpl$fadd)
    __fpl_fcmp_Inf                           0x0800d1f5   Thumb Code    24  fcmpi.o(x$fpl$fcmpinf)
    __aeabi_fdiv                             0x0800d20d   Thumb Code     0  fdiv.o(x$fpl$fdiv)
    _fdiv                                    0x0800d20d   Thumb Code   384  fdiv.o(x$fpl$fdiv)
    __aeabi_cfcmpeq                          0x0800d391   Thumb Code     0  feqf.o(x$fpl$feqf)
    _fcmpeq                                  0x0800d391   Thumb Code   104  feqf.o(x$fpl$feqf)
    __aeabi_f2iz                             0x0800d3f9   Thumb Code     0  ffix.o(x$fpl$ffix)
    _ffix                                    0x0800d3f9   Thumb Code    54  ffix.o(x$fpl$ffix)
    __aeabi_f2uiz                            0x0800d431   Thumb Code     0  ffixu.o(x$fpl$ffixu)
    _ffixu                                   0x0800d431   Thumb Code    62  ffixu.o(x$fpl$ffixu)
    __aeabi_i2f                              0x0800d471   Thumb Code     0  fflt_clz.o(x$fpl$fflt)
    _fflt                                    0x0800d471   Thumb Code    48  fflt_clz.o(x$fpl$fflt)
    __aeabi_ui2f                             0x0800d4a1   Thumb Code     0  fflt_clz.o(x$fpl$ffltu)
    _ffltu                                   0x0800d4a1   Thumb Code    38  fflt_clz.o(x$fpl$ffltu)
    __aeabi_cfcmple                          0x0800d4c9   Thumb Code     0  fleqf.o(x$fpl$fleqf)
    _fcmple                                  0x0800d4c9   Thumb Code   104  fleqf.o(x$fpl$fleqf)
    __fpl_fcmple_InfNaN                      0x0800d51b   Thumb Code     0  fleqf.o(x$fpl$fleqf)
    __aeabi_fmul                             0x0800d531   Thumb Code     0  fmul.o(x$fpl$fmul)
    _fmul                                    0x0800d531   Thumb Code   258  fmul.o(x$fpl$fmul)
    __fpl_fnaninf                            0x0800d633   Thumb Code   140  fnaninf.o(x$fpl$fnaninf)
    __fpl_fretinf                            0x0800d6bf   Thumb Code    10  fretinf.o(x$fpl$fretinf)
    __aeabi_cfrcmple                         0x0800d6c9   Thumb Code     0  frleqf.o(x$fpl$frleqf)
    _frcmple                                 0x0800d6c9   Thumb Code    98  frleqf.o(x$fpl$frleqf)
    __aeabi_frsub                            0x0800d72b   Thumb Code     0  faddsub_clz.o(x$fpl$frsb)
    _frsb                                    0x0800d72b   Thumb Code    20  faddsub_clz.o(x$fpl$frsb)
    __aeabi_fsub                             0x0800d741   Thumb Code     0  faddsub_clz.o(x$fpl$fsub)
    _fsub                                    0x0800d741   Thumb Code   234  faddsub_clz.o(x$fpl$fsub)
    __fpl_return_NaN                         0x0800d82b   Thumb Code   100  retnan.o(x$fpl$retnan)
    __ARM_scalbn                             0x0800d88f   Thumb Code    92  scalbn.o(x$fpl$scalbn)
    __fpl_cmpreturn                          0x0800d8eb   Thumb Code    48  trapv.o(x$fpl$trapveneer)
    __I$use$fp                               0x0800d91a   Number         0  usenofp.o(x$fpl$usenofp)
    OSDebugEn                                0x0800d940   Data           2  os_dbg.o(.constdata)
    OSEndiannessTest                         0x0800d944   Data           4  os_dbg.o(.constdata)
    OSEventMax                               0x0800d948   Data           2  os_dbg.o(.constdata)
    OSEventNameSize                          0x0800d94a   Data           2  os_dbg.o(.constdata)
    OSEventEn                                0x0800d94c   Data           2  os_dbg.o(.constdata)
    OSEventSize                              0x0800d94e   Data           2  os_dbg.o(.constdata)
    OSEventTblSize                           0x0800d950   Data           2  os_dbg.o(.constdata)
    OSFlagEn                                 0x0800d952   Data           2  os_dbg.o(.constdata)
    OSFlagGrpSize                            0x0800d954   Data           2  os_dbg.o(.constdata)
    OSFlagNodeSize                           0x0800d956   Data           2  os_dbg.o(.constdata)
    OSFlagWidth                              0x0800d958   Data           2  os_dbg.o(.constdata)
    OSFlagMax                                0x0800d95a   Data           2  os_dbg.o(.constdata)
    OSFlagNameSize                           0x0800d95c   Data           2  os_dbg.o(.constdata)
    OSLowestPrio                             0x0800d95e   Data           2  os_dbg.o(.constdata)
    OSMboxEn                                 0x0800d960   Data           2  os_dbg.o(.constdata)
    OSMemEn                                  0x0800d962   Data           2  os_dbg.o(.constdata)
    OSMemMax                                 0x0800d964   Data           2  os_dbg.o(.constdata)
    OSMemNameSize                            0x0800d966   Data           2  os_dbg.o(.constdata)
    OSMemSize                                0x0800d968   Data           2  os_dbg.o(.constdata)
    OSMemTblSize                             0x0800d96a   Data           2  os_dbg.o(.constdata)
    OSMutexEn                                0x0800d96c   Data           2  os_dbg.o(.constdata)
    OSPtrSize                                0x0800d96e   Data           2  os_dbg.o(.constdata)
    OSQEn                                    0x0800d970   Data           2  os_dbg.o(.constdata)
    OSQMax                                   0x0800d972   Data           2  os_dbg.o(.constdata)
    OSQSize                                  0x0800d974   Data           2  os_dbg.o(.constdata)
    OSRdyTblSize                             0x0800d976   Data           2  os_dbg.o(.constdata)
    OSSemEn                                  0x0800d978   Data           2  os_dbg.o(.constdata)
    OSStkWidth                               0x0800d97a   Data           2  os_dbg.o(.constdata)
    OSTaskCreateEn                           0x0800d97c   Data           2  os_dbg.o(.constdata)
    OSTaskCreateExtEn                        0x0800d97e   Data           2  os_dbg.o(.constdata)
    OSTaskDelEn                              0x0800d980   Data           2  os_dbg.o(.constdata)
    OSTaskIdleStkSize                        0x0800d982   Data           2  os_dbg.o(.constdata)
    OSTaskProfileEn                          0x0800d984   Data           2  os_dbg.o(.constdata)
    OSTaskMax                                0x0800d986   Data           2  os_dbg.o(.constdata)
    OSTaskNameSize                           0x0800d988   Data           2  os_dbg.o(.constdata)
    OSTaskStatEn                             0x0800d98a   Data           2  os_dbg.o(.constdata)
    OSTaskStatStkSize                        0x0800d98c   Data           2  os_dbg.o(.constdata)
    OSTaskStatStkChkEn                       0x0800d98e   Data           2  os_dbg.o(.constdata)
    OSTaskSwHookEn                           0x0800d990   Data           2  os_dbg.o(.constdata)
    OSTCBPrioTblMax                          0x0800d992   Data           2  os_dbg.o(.constdata)
    OSTCBSize                                0x0800d994   Data           2  os_dbg.o(.constdata)
    OSTicksPerSec                            0x0800d996   Data           2  os_dbg.o(.constdata)
    OSTimeTickHookEn                         0x0800d998   Data           2  os_dbg.o(.constdata)
    OSVersionNbr                             0x0800d99a   Data           2  os_dbg.o(.constdata)
    OSDataSize                               0x0800d99c   Data           2  os_dbg.o(.constdata)
    OSUnMapTbl                               0x0800d99e   Data         256  ucos_ii.o(.constdata)
    reg                                      0x0800e694   Data          27  inv_mpu.o(.constdata)
    hw                                       0x0800e6b0   Data          12  inv_mpu.o(.constdata)
    test                                     0x0800e6bc   Data          40  inv_mpu.o(.constdata)
    __mathlib_zero                           0x0800e860   Data           8  qnan.o(.constdata)
    Region$$Table$$Base                      0x0800e958   Number         0  anon$$obj.o(Region$$Table)
    Region$$Table$$Limit                     0x0800e978   Number         0  anon$$obj.o(Region$$Table)
    wdg_clr_flag                             0x20000000   Data           4  stm32f10x_it.o(.data)
    r_int_finish                             0x20000004   Data           4  stm32f10x_it.o(.data)
    l_int_finish                             0x20000008   Data           4  stm32f10x_it.o(.data)
    right_wheel_counter                      0x2000000c   Data           4  stm32f10x_it.o(.data)
    left_wheel_counter                       0x20000010   Data           4  stm32f10x_it.o(.data)
    emu_key_state                            0x20000014   Data           1  stm32f10x_it.o(.data)
    emu_key                                  0x20000015   Data           1  stm32f10x_it.o(.data)
    right_wheel_record                       0x20000018   Data           4  stm32f10x_it.o(.data)
    left_wheel_record                        0x2000001c   Data           4  stm32f10x_it.o(.data)
    l_ostime_old                             0x20000020   Data           4  stm32f10x_it.o(.data)
    l_tick_old                               0x20000024   Data           4  stm32f10x_it.o(.data)
    l_tick_delta                             0x20000028   Data           4  stm32f10x_it.o(.data)
    l_tick_now                               0x2000002c   Data           4  stm32f10x_it.o(.data)
    l_tick_wrong                             0x20000030   Data           4  stm32f10x_it.o(.data)
    last_turn_tick_record                    0x20000034   Data           4  stm32f10x_it.o(.data)
    last_turn_ward                           0x20000038   Data           4  stm32f10x_it.o(.data)
    left_wheel_wrong                         0x2000003c   Data           4  stm32f10x_it.o(.data)
    right_wheel_wrong                        0x20000040   Data           4  stm32f10x_it.o(.data)
    r_ostime_old                             0x20000044   Data           4  stm32f10x_it.o(.data)
    r_tick_old                               0x20000048   Data           4  stm32f10x_it.o(.data)
    r_tick_delta                             0x2000004c   Data           4  stm32f10x_it.o(.data)
    r_tick_now                               0x20000050   Data           4  stm32f10x_it.o(.data)
    r_tick_wrong                             0x20000054   Data           4  stm32f10x_it.o(.data)
    wheel_count                              0x20000058   Data           4  stm32f10x_it.o(.data)
    min_count                                0x2000005c   Data           1  stm32f10x_it.o(.data)
    speed_delay                              0x2000005d   Data           1  stm32f10x_it.o(.data)
    long_ostime_delta                        0x20000060   Data           4  stm32f10x_it.o(.data)
    ir_tim1_counter2                         0x20000064   Data           4  stm32f10x_it.o(.data)
    ir_tim1_counter3                         0x20000068   Data           4  stm32f10x_it.o(.data)
    ir_tim1_last_counter2                    0x2000006c   Data           4  stm32f10x_it.o(.data)
    ir_tim1_last_counter3                    0x20000070   Data           4  stm32f10x_it.o(.data)
    delta_counter                            0x20000074   Data           4  stm32f10x_it.o(.data)
    debug_index                              0x20000078   Data           4  stm32f10x_it.o(.data)
    ir_tim2_counter1                         0x2000007c   Data           4  stm32f10x_it.o(.data)
    ir_tim2_counter2                         0x20000080   Data           4  stm32f10x_it.o(.data)
    ir_tim2_counter3                         0x20000084   Data           4  stm32f10x_it.o(.data)
    ir_tim2_counter4                         0x20000088   Data           4  stm32f10x_it.o(.data)
    ir_tim2_last_counter1                    0x2000008c   Data           4  stm32f10x_it.o(.data)
    ir_tim2_last_counter2                    0x20000090   Data           4  stm32f10x_it.o(.data)
    ir_tim2_last_counter3                    0x20000094   Data           4  stm32f10x_it.o(.data)
    ir_tim2_last_counter4                    0x20000098   Data           4  stm32f10x_it.o(.data)
    tim2_delta_counter                       0x2000009c   Data           4  stm32f10x_it.o(.data)
    RxCounter                                0x200000a0   Data           1  stm32f10x_it.o(.data)
    rx3_index                                0x200000a1   Data           1  stm32f10x_it.o(.data)
    rx3_finish                               0x200000a2   Data           1  stm32f10x_it.o(.data)
    head_ok                                  0x200000a3   Data           6  stm32f10x_it.o(.data)
    flagh                                    0x200000a9   Data           6  stm32f10x_it.o(.data)
    flag_near                                0x200000af   Data           6  stm32f10x_it.o(.data)
    flagr                                    0x200000b5   Data           6  stm32f10x_it.o(.data)
    tick0                                    0x200000bc   Data           4  stm32f10x_it.o(.data)
    tick1                                    0x200000c0   Data           4  stm32f10x_it.o(.data)
    RxBuffer                                 0x200000c4   Data           1  stm32f10x_it.o(.data)
    HSEStartUpStatus                         0x200000c5   Data           1  stm32f10x_target.o(.data)
    OSInterrputSum                           0x200000d0   Data           4  os_cpu_c.o(.data)
    OSCtxSwCtr                               0x200000d4   Data           4  ucos_ii.o(.data)
    OSEventFreeList                          0x200000d8   Data           4  ucos_ii.o(.data)
    OSIntNesting                             0x200000dc   Data           1  ucos_ii.o(.data)
    OSLockNesting                            0x200000dd   Data           1  ucos_ii.o(.data)
    OSPrioCur                                0x200000de   Data           1  ucos_ii.o(.data)
    OSPrioHighRdy                            0x200000df   Data           1  ucos_ii.o(.data)
    OSRdyGrp                                 0x200000e0   Data           2  ucos_ii.o(.data)
    OSRunning                                0x200000e2   Data           1  ucos_ii.o(.data)
    OSTaskCtr                                0x200000e3   Data           1  ucos_ii.o(.data)
    OSIdleCtr                                0x200000e4   Data           4  ucos_ii.o(.data)
    OSTCBCur                                 0x200000e8   Data           4  ucos_ii.o(.data)
    OSTCBFreeList                            0x200000ec   Data           4  ucos_ii.o(.data)
    OSTCBHighRdy                             0x200000f0   Data           4  ucos_ii.o(.data)
    OSTCBList                                0x200000f4   Data           4  ucos_ii.o(.data)
    OSMemFreeList                            0x200000f8   Data           4  ucos_ii.o(.data)
    OSTime                                   0x200000fc   Data           4  ucos_ii.o(.data)
    Uart_Rx_Ready                            0x20000100   Data           1  uart.o(.data)
    Uart_Rx_Real_Len                         0x20000101   Data           1  uart.o(.data)
    __stdout                                 0x20000104   Data           4  uart.o(.data)
    ComSem                                   0x20000108   Data           4  create_task.o(.data)
    inter_task_wdg_counter                   0x2000010c   Data           4  rf.o(.data)
    pKeyValueMail                            0x20000110   Data           4  rf.o(.data)
    actionmail                               0x20000114   Data           4  rf.o(.data)
    inter_task_ready                         0x20000118   Data           1  rf.o(.data)
    lcm_task_ready                           0x20000119   Data           1  rf.o(.data)
    key_event                                0x2000011a   Data           1  rf.o(.data)
    presskey_task_wdg_counter                0x2000011c   Data           4  rf.o(.data)
    motor_task_wdg_counter                   0x20000120   Data           4  rf.o(.data)
    global_sub_task_index                    0x20000124   Data           4  rf.o(.data)
    need_wakeup_event                        0x20000128   Data           1  rf.o(.data)
    clean_sub_type                           0x20000129   Data           1  rf.o(.data)
    rf_enable                                0x2000012a   Data           1  rf.o(.data)
    show_version_no_display_time             0x2000012b   Data           1  rf.o(.data)
    wait_motor_finish                        0x2000012c   Data           1  rf.o(.data)
    global_stop_event                        0x2000012d   Data           1  rf.o(.data)
    stop_count                               0x2000012e   Data           2  rf.o(.data)
    auto_test_once                           0x20000130   Data           1  rf.o(.data)
    buzzer_once_flag                         0x20000131   Data           1  rf.o(.data)
    motor_task_ready                         0x20000132   Data           1  rf.o(.data)
    digit_num                                0x20000133   Data          10  tm1637.o(.data)
    g_led                                    0x2000013d   Data           5  tm1637.o(.data)
    LineSpeed                                0x20000144   Data           1  function.o(.data)
    TurnSpeed                                0x20000145   Data           1  function.o(.data)
    roundspeed                               0x20000146   Data           1  function.o(.data)
    StartEvent                               0x20000148   Data           4  function.o(.data)
    ComEvent                                 0x2000014c   Data           4  function.o(.data)
    ask                                      0x20000150   Data           1  function.o(.data)
    limit_msg                                0x20000151   Data           1  function.o(.data)
    int_times                                0x200001cc   Data          24  stm32f10x_it.o(.bss)
    tmr_times                                0x200001e4   Data          24  stm32f10x_it.o(.bss)
    err_count                                0x200001fc   Data          24  stm32f10x_it.o(.bss)
    ir_index                                 0x20000214   Data          24  stm32f10x_it.o(.bss)
    forward_long_key                         0x2000022c   Data          24  stm32f10x_it.o(.bss)
    forward_long_key_last_ostime             0x20000244   Data          24  stm32f10x_it.o(.bss)
    code_data                                0x2000025c   Data          24  stm32f10x_it.o(.bss)
    shuju                                    0x20000274   Data          24  stm32f10x_it.o(.bss)
    shuju_near                               0x2000028c   Data          24  stm32f10x_it.o(.bss)
    shujur                                   0x200002a4   Data          24  stm32f10x_it.o(.bss)
    ir_data                                  0x200002bc   Data         960  stm32f10x_it.o(.bss)
    debug_info                               0x2000067c   Data         512  stm32f10x_it.o(.bss)
    rx3_data                                 0x2000087c   Data          64  stm32f10x_it.o(.bss)
    rx3_command                              0x200008bc   Data          64  stm32f10x_it.o(.bss)
    OSEventTbl                               0x200008fc   Data         720  ucos_ii.o(.bss)
    OSRdyTbl                                 0x20000bcc   Data          10  ucos_ii.o(.bss)
    OSTaskIdleStk                            0x20000bd8   Data         200  ucos_ii.o(.bss)
    OSTCBPrioTbl                             0x20000ca0   Data         260  ucos_ii.o(.bss)
    OSTCBTbl                                 0x20000da4   Data        1764  ucos_ii.o(.bss)
    OSMemTbl                                 0x20001488   Data         720  ucos_ii.o(.bss)
    InitTaskStk                              0x20001758   Data         256  main.o(.bss)
    RFTaskStk                                0x20001858   Data         384  create_task.o(.bss)
    LIMITTaskStk                             0x200019d8   Data         512  create_task.o(.bss)
    COMTaskStk                               0x20001bd8   Data        1024  create_task.o(.bss)
    WORKTaskStk                              0x20001fd8   Data        2048  create_task.o(.bss)
    MAPTaskStk                               0x200027d8   Data         512  create_task.o(.bss)
    SENSORTaskStk                            0x200029d8   Data        2048  create_task.o(.bss)
    key_ok                                   0x200031d8   Data          12  detect.o(.bss)
    ADC_ConvertedValue                       0x200031e4   Data         384  detect.o(.bss)
    global_setting                           0x20003364   Data          19  rf.o(.bss)
    global_clean_task                        0x20003378   Data         668  rf.o(.bss)
    pKeyBuffer                               0x20003614   Data          12  rf.o(.bss)
    actionbuffer                             0x20003620   Data          12  rf.o(.bss)
    motor_global_setting                     0x2000362c   Data         192  rf.o(.bss)
    Car                                      0x200036f0   Data          48  function.o(.bss)
    senddata                                 0x20003720   Data          14  function.o(.bss)
    hordata                                  0x20003730   Data          20  function.o(.bss)
    __libspace_start                         0x20003754   Data          96  libspace.o(.bss)
    __temporary_stack_top$libspace           0x200037b4   Data           0  libspace.o(.bss)



==============================================================================

Memory Map of the image

  Image Entry point : 0x08000119

  Load Region LR_IROM1 (Base: 0x08000000, Size: 0x0000eb44, Max: 0x00020000, ABSOLUTE, COMPRESSED[0x0000e9b4])

    Execution Region ER_IROM1 (Base: 0x08000000, Size: 0x0000e978, Max: 0x00020000, ABSOLUTE)

    Base Addr    Size         Type   Attr      Idx    E Section Name        Object

    0x08000000   0x00000118   Code   RO          513    RESET               stm32f10x_startup.o
    0x08000118   0x00000008   Code   RO         6531  * !!!main             c_w.l(__main.o)
    0x08000120   0x00000034   Code   RO         6877    !!!scatter          c_w.l(__scatter.o)
    0x08000154   0x0000005a   Code   RO         6875    !!dczerorl2         c_w.l(__dczerorl2.o)
    0x080001ae   0x00000002   PAD
    0x080001b0   0x0000001c   Code   RO         6879    !!handler_zi        c_w.l(__scatter_zi.o)
    0x080001cc   0x00000000   Code   RO         6520    .ARM.Collect$$_printf_percent$$00000000  c_w.l(_printf_percent.o)
    0x080001cc   0x00000006   Code   RO         6519    .ARM.Collect$$_printf_percent$$00000009  c_w.l(_printf_d.o)
    0x080001d2   0x00000004   Code   RO         6648    .ARM.Collect$$_printf_percent$$00000017  c_w.l(_printf_percent_end.o)
    0x080001d6   0x00000002   Code   RO         6747    .ARM.Collect$$libinit$$00000000  c_w.l(libinit.o)
    0x080001d8   0x00000000   Code   RO         6757    .ARM.Collect$$libinit$$00000002  c_w.l(libinit2.o)
    0x080001d8   0x00000000   Code   RO         6760    .ARM.Collect$$libinit$$00000008  c_w.l(libinit2.o)
    0x080001d8   0x00000000   Code   RO         6762    .ARM.Collect$$libinit$$0000000A  c_w.l(libinit2.o)
    0x080001d8   0x00000000   Code   RO         6764    .ARM.Collect$$libinit$$0000000C  c_w.l(libinit2.o)
    0x080001d8   0x00000000   Code   RO         6767    .ARM.Collect$$libinit$$0000000F  c_w.l(libinit2.o)
    0x080001d8   0x00000000   Code   RO         6769    .ARM.Collect$$libinit$$00000011  c_w.l(libinit2.o)
    0x080001d8   0x00000000   Code   RO         6771    .ARM.Collect$$libinit$$00000013  c_w.l(libinit2.o)
    0x080001d8   0x00000000   Code   RO         6773    .ARM.Collect$$libinit$$00000015  c_w.l(libinit2.o)
    0x080001d8   0x00000000   Code   RO         6775    .ARM.Collect$$libinit$$00000017  c_w.l(libinit2.o)
    0x080001d8   0x00000000   Code   RO         6777    .ARM.Collect$$libinit$$00000019  c_w.l(libinit2.o)
    0x080001d8   0x00000000   Code   RO         6779    .ARM.Collect$$libinit$$0000001B  c_w.l(libinit2.o)
    0x080001d8   0x00000000   Code   RO         6781    .ARM.Collect$$libinit$$0000001D  c_w.l(libinit2.o)
    0x080001d8   0x00000000   Code   RO         6783    .ARM.Collect$$libinit$$0000001F  c_w.l(libinit2.o)
    0x080001d8   0x00000000   Code   RO         6785    .ARM.Collect$$libinit$$00000021  c_w.l(libinit2.o)
    0x080001d8   0x00000000   Code   RO         6787    .ARM.Collect$$libinit$$00000023  c_w.l(libinit2.o)
    0x080001d8   0x00000000   Code   RO         6791    .ARM.Collect$$libinit$$0000002A  c_w.l(libinit2.o)
    0x080001d8   0x00000000   Code   RO         6793    .ARM.Collect$$libinit$$0000002C  c_w.l(libinit2.o)
    0x080001d8   0x00000000   Code   RO         6795    .ARM.Collect$$libinit$$0000002E  c_w.l(libinit2.o)
    0x080001d8   0x00000000   Code   RO         6797    .ARM.Collect$$libinit$$00000030  c_w.l(libinit2.o)
    0x080001d8   0x00000002   Code   RO         6798    .ARM.Collect$$libinit$$00000031  c_w.l(libinit2.o)
    0x080001da   0x00000002   Code   RO         6828    .ARM.Collect$$libshutdown$$00000000  c_w.l(libshutdown.o)
    0x080001dc   0x00000000   Code   RO         6843    .ARM.Collect$$libshutdown$$00000003  c_w.l(libshutdown2.o)
    0x080001dc   0x00000000   Code   RO         6846    .ARM.Collect$$libshutdown$$00000006  c_w.l(libshutdown2.o)
    0x080001dc   0x00000000   Code   RO         6849    .ARM.Collect$$libshutdown$$00000009  c_w.l(libshutdown2.o)
    0x080001dc   0x00000000   Code   RO         6851    .ARM.Collect$$libshutdown$$0000000B  c_w.l(libshutdown2.o)
    0x080001dc   0x00000000   Code   RO         6854    .ARM.Collect$$libshutdown$$0000000E  c_w.l(libshutdown2.o)
    0x080001dc   0x00000002   Code   RO         6855    .ARM.Collect$$libshutdown$$0000000F  c_w.l(libshutdown2.o)
    0x080001de   0x00000000   Code   RO         6639    .ARM.Collect$$rtentry$$00000000  c_w.l(rtentry.o)
    0x080001de   0x00000000   Code   RO         6700    .ARM.Collect$$rtentry$$00000002  c_w.l(rtentry2.o)
    0x080001de   0x00000006   Code   RO         6712    .ARM.Collect$$rtentry$$00000004  c_w.l(rtentry4.o)
    0x080001e4   0x00000000   Code   RO         6702    .ARM.Collect$$rtentry$$00000009  c_w.l(rtentry2.o)
    0x080001e4   0x00000004   Code   RO         6703    .ARM.Collect$$rtentry$$0000000A  c_w.l(rtentry2.o)
    0x080001e8   0x00000000   Code   RO         6705    .ARM.Collect$$rtentry$$0000000C  c_w.l(rtentry2.o)
    0x080001e8   0x00000008   Code   RO         6706    .ARM.Collect$$rtentry$$0000000D  c_w.l(rtentry2.o)
    0x080001f0   0x00000002   Code   RO         6750    .ARM.Collect$$rtexit$$00000000  c_w.l(rtexit.o)
    0x080001f2   0x00000000   Code   RO         6802    .ARM.Collect$$rtexit$$00000002  c_w.l(rtexit2.o)
    0x080001f2   0x00000004   Code   RO         6803    .ARM.Collect$$rtexit$$00000003  c_w.l(rtexit2.o)
    0x080001f6   0x00000006   Code   RO         6804    .ARM.Collect$$rtexit$$00000004  c_w.l(rtexit2.o)
    0x080001fc   0x0000001c   Code   RO          514    .text               stm32f10x_startup.o
    0x08000218   0x000000e8   Code   RO         3174    .text               os_cpu_a.o
    0x08000300   0x00000002   Code   RO         6463    .text               c_w.l(use_no_semi_2.o)
    0x08000302   0x00000048   Code   RO         6465    .text               c_w.l(llsdiv.o)
    0x0800034a   0x00000002   PAD
    0x0800034c   0x00000018   Code   RO         6469    .text               c_w.l(noretval__2printf.o)
    0x08000364   0x00000078   Code   RO         6475    .text               c_w.l(_printf_dec.o)
    0x080003dc   0x0000013c   Code   RO         6510    .text               c_w.l(__printf_flags_wp.o)
    0x08000518   0x00000058   Code   RO         6521    .text               c_w.l(memcmp.o)
    0x08000570   0x00000064   Code   RO         6523    .text               c_w.l(rt_memcpy_w.o)
    0x080005d4   0x00000010   Code   RO         6525    .text               c_w.l(aeabi_memset.o)
    0x080005e4   0x0000004e   Code   RO         6527    .text               c_w.l(rt_memclr_w.o)
    0x08000632   0x00000006   Code   RO         6529    .text               c_w.l(heapauxi.o)
    0x08000638   0x00000002   Code   RO         6637    .text               c_w.l(use_no_semi.o)
    0x0800063a   0x000000ee   Code   RO         6640    .text               c_w.l(lludivv7m.o)
    0x08000728   0x00000016   Code   RO         6642    .text               c_w.l(_rserrno.o)
    0x0800073e   0x000000b8   Code   RO         6644    .text               c_w.l(_printf_intcommon.o)
    0x080007f6   0x00000002   PAD
    0x080007f8   0x00000024   Code   RO         6646    .text               c_w.l(_printf_char_file.o)
    0x0800081c   0x00000044   Code   RO         6649    .text               c_w.l(rt_memclr.o)
    0x08000860   0x00000008   Code   RO         6721    .text               c_w.l(rt_errno_addr_intlibspace.o)
    0x08000868   0x00000030   Code   RO         6723    .text               c_w.l(_printf_char_common.o)
    0x08000898   0x00000008   Code   RO         6725    .text               c_w.l(ferror.o)
    0x080008a0   0x00000008   Code   RO         6731    .text               c_w.l(libspace.o)
    0x080008a8   0x0000004a   Code   RO         6734    .text               c_w.l(sys_stackheap_outer.o)
    0x080008f2   0x0000000c   Code   RO         6740    .text               c_w.l(exit.o)
    0x080008fe   0x00000016   Code   RO          634    i.ADC_Cmd           stm32f10x_adc.o
    0x08000914   0x00000018   Code   RO          635    i.ADC_DMACmd        stm32f10x_adc.o
    0x0800092c   0x00000014   Code   RO          642    i.ADC_GetCalibrationStatus  stm32f10x_adc.o
    0x08000940   0x00000014   Code   RO          648    i.ADC_GetResetCalibrationStatus  stm32f10x_adc.o
    0x08000954   0x00000002   Code   RO            6    i.ADC_IRQHandler    stm32f10x_it.o
    0x08000956   0x00000002   PAD
    0x08000958   0x00000050   Code   RO          652    i.ADC_Init          stm32f10x_adc.o
    0x080009a8   0x000000b8   Code   RO          656    i.ADC_RegularChannelConfig  stm32f10x_adc.o
    0x08000a60   0x0000000a   Code   RO          657    i.ADC_ResetCalibration  stm32f10x_adc.o
    0x08000a6a   0x00000016   Code   RO          659    i.ADC_SoftwareStartConvCmd  stm32f10x_adc.o
    0x08000a80   0x0000000a   Code   RO          661    i.ADC_StartCalibration  stm32f10x_adc.o
    0x08000a8a   0x00000002   Code   RO            7    i.CAN_RX1_IRQHandler  stm32f10x_it.o
    0x08000a8c   0x00000002   Code   RO            8    i.CAN_SCE_IRQHandler  stm32f10x_it.o
    0x08000a8e   0x00000002   PAD
    0x08000a90   0x000000e8   Code   RO         5462    i.Car_limit_detect  function.o
    0x08000b78   0x00000478   Code   RO         5463    i.Car_move          function.o
    0x08000ff0   0x000002a0   Code   RO         5464    i.Car_move_back     function.o
    0x08001290   0x0000033c   Code   RO         5465    i.Car_turn          function.o
    0x080015cc   0x00000754   Code   RO         5467    i.Car_work          function.o
    0x08001d20   0x00000014   Code   RO         5468    i.ComTask           function.o
    0x08001d34   0x000001f4   Code   RO         3958    i.DETECT_GPIO_Config  detect.o
    0x08001f28   0x000000a8   Code   RO         4228    i.DISPLAY_GPIO_Configure  display.o
    0x08001fd0   0x00000002   Code   RO            9    i.DMAChannel1_IRQHandler  stm32f10x_it.o
    0x08001fd2   0x00000002   PAD
    0x08001fd4   0x00000018   Code   RO           10    i.DMAChannel2_IRQHandler  stm32f10x_it.o
    0x08001fec   0x00000018   Code   RO           11    i.DMAChannel3_IRQHandler  stm32f10x_it.o
    0x08002004   0x00000018   Code   RO           12    i.DMAChannel4_IRQHandler  stm32f10x_it.o
    0x0800201c   0x00000002   Code   RO           13    i.DMAChannel5_IRQHandler  stm32f10x_it.o
    0x0800201e   0x00000002   Code   RO           14    i.DMAChannel6_IRQHandler  stm32f10x_it.o
    0x08002020   0x00000002   Code   RO           15    i.DMAChannel7_IRQHandler  stm32f10x_it.o
    0x08002022   0x00000002   PAD
    0x08002024   0x0000000c   Code   RO          931    i.DMA_ClearFlag     stm32f10x_dma.o
    0x08002030   0x00000016   Code   RO          933    i.DMA_Cmd           stm32f10x_dma.o
    0x08002046   0x00000002   PAD
    0x08002048   0x000000cc   Code   RO          934    i.DMA_DeInit        stm32f10x_dma.o
    0x08002114   0x0000003c   Code   RO          939    i.DMA_Init          stm32f10x_dma.o
    0x08002150   0x0000001c   Code   RO         5311    i.Delay_us          tm1637.o
    0x0800216c   0x00000020   Code   RO           16    i.EXTI0_IRQHandler  stm32f10x_it.o
    0x0800218c   0x00000048   Code   RO           17    i.EXTI15_10_IRQHandler  stm32f10x_it.o
    0x080021d4   0x00000020   Code   RO           18    i.EXTI1_IRQHandler  stm32f10x_it.o
    0x080021f4   0x00000002   Code   RO           19    i.EXTI2_IRQHandler  stm32f10x_it.o
    0x080021f6   0x00000002   Code   RO           20    i.EXTI3_IRQHandler  stm32f10x_it.o
    0x080021f8   0x00000002   Code   RO           21    i.EXTI4_IRQHandler  stm32f10x_it.o
    0x080021fa   0x00000002   PAD
    0x080021fc   0x00000048   Code   RO           22    i.EXTI9_5_IRQHandler  stm32f10x_it.o
    0x08002244   0x0000000c   Code   RO         1003    i.EXTI_ClearFlag    stm32f10x_exti.o
    0x08002250   0x0000000c   Code   RO         1004    i.EXTI_ClearITPendingBit  stm32f10x_exti.o
    0x0800225c   0x00000028   Code   RO         1008    i.EXTI_GetITStatus  stm32f10x_exti.o
    0x08002284   0x00000080   Code   RO         1009    i.EXTI_Init         stm32f10x_exti.o
    0x08002304   0x00000002   Code   RO           23    i.FLASH_IRQHandler  stm32f10x_it.o
    0x08002306   0x00000002   PAD
    0x08002308   0x0000001c   Code   RO         1071    i.FLASH_PrefetchBufferCmd  stm32f10x_flash.o
    0x08002324   0x0000001c   Code   RO         1076    i.FLASH_SetLatency  stm32f10x_flash.o
    0x08002340   0x00000038   Code   RO          519    i.GPIOX_Configuration  stm32f10x_target.o
    0x08002378   0x00000094   Code   RO         1206    i.GPIO_DeInit       stm32f10x_gpio.o
    0x0800240c   0x00000040   Code   RO         1207    i.GPIO_EXTILineConfig  stm32f10x_gpio.o
    0x0800244c   0x00000112   Code   RO         1210    i.GPIO_Init         stm32f10x_gpio.o
    0x0800255e   0x00000002   PAD
    0x08002560   0x0000005c   Code   RO         1212    i.GPIO_PinRemapConfig  stm32f10x_gpio.o
    0x080025bc   0x00000012   Code   RO         1214    i.GPIO_ReadInputDataBit  stm32f10x_gpio.o
    0x080025ce   0x00000012   Code   RO         1221    i.GPIO_WriteBit     stm32f10x_gpio.o
    0x080025e0   0x00000002   Code   RO           24    i.I2C1_ER_IRQHandler  stm32f10x_it.o
    0x080025e2   0x00000002   Code   RO           25    i.I2C1_EV_IRQHandler  stm32f10x_it.o
    0x080025e4   0x00000002   Code   RO           26    i.I2C2_ER_IRQHandler  stm32f10x_it.o
    0x080025e6   0x00000002   Code   RO           27    i.I2C2_EV_IRQHandler  stm32f10x_it.o
    0x080025e8   0x00000034   Code   RO         5312    i.I2CStart          tm1637.o
    0x0800261c   0x0000004c   Code   RO         5313    i.I2CStop           tm1637.o
    0x08002668   0x00000060   Code   RO         5314    i.I2CWrByte         tm1637.o
    0x080026c8   0x00000058   Code   RO         5315    i.I2Cask            tm1637.o
    0x08002720   0x00000030   Code   RO         5146    i.IIC_PCF8563_Init  pcf8563.o
    0x08002750   0x0000005c   Code   RO         5150    i.IIC_Send_Byte     pcf8563.o
    0x080027ac   0x0000003c   Code   RO         5151    i.IIC_Start         pcf8563.o
    0x080027e8   0x00000040   Code   RO         5152    i.IIC_Stop          pcf8563.o
    0x08002828   0x00000050   Code   RO         5154    i.IIC_Wait_Ack      pcf8563.o
    0x08002878   0x0000002e   Code   RO         5155    i.IIC_Write_Addr    pcf8563.o
    0x080028a6   0x00000002   PAD
    0x080028a8   0x00000024   Code   RO         5316    i.LED_DAT_INPUT     tm1637.o
    0x080028cc   0x00000024   Code   RO         5317    i.LED_DAT_OUTPUT    tm1637.o
    0x080028f0   0x00000028   Code   RO         6338    i.MPU_DAT_INPUT     mpuiic.o
    0x08002918   0x00000028   Code   RO         6339    i.MPU_DAT_OUTPUT    mpuiic.o
    0x08002940   0x00000038   Code   RO         6340    i.MPU_IIC_Ack       mpuiic.o
    0x08002978   0x00000016   Code   RO         6341    i.MPU_IIC_Delay     mpuiic.o
    0x0800298e   0x00000002   PAD
    0x08002990   0x0000005c   Code   RO         6342    i.MPU_IIC_Init      mpuiic.o
    0x080029ec   0x00000038   Code   RO         6343    i.MPU_IIC_NAck      mpuiic.o
    0x08002a24   0x00000064   Code   RO         6344    i.MPU_IIC_Read_Byte  mpuiic.o
    0x08002a88   0x00000058   Code   RO         6345    i.MPU_IIC_Send_Byte  mpuiic.o
    0x08002ae0   0x0000003c   Code   RO         6346    i.MPU_IIC_Start     mpuiic.o
    0x08002b1c   0x00000038   Code   RO         6347    i.MPU_IIC_Stop      mpuiic.o
    0x08002b54   0x00000050   Code   RO         6348    i.MPU_IIC_Wait_Ack  mpuiic.o
    0x08002ba4   0x0000007a   Code   RO         6207    i.MPU_Init          mpu6050.o
    0x08002c1e   0x0000003a   Code   RO         6208    i.MPU_Read_Byte     mpu6050.o
    0x08002c58   0x00000074   Code   RO         6209    i.MPU_Read_Len      mpu6050.o
    0x08002ccc   0x00000010   Code   RO         6210    i.MPU_Set_Accel_Fsr  mpu6050.o
    0x08002cdc   0x00000010   Code   RO         6211    i.MPU_Set_Gyro_Fsr  mpu6050.o
    0x08002cec   0x0000003a   Code   RO         6212    i.MPU_Set_LPF       mpu6050.o
    0x08002d26   0x00000038   Code   RO         6213    i.MPU_Set_Rate      mpu6050.o
    0x08002d5e   0x00000044   Code   RO         6214    i.MPU_Write_Byte    mpu6050.o
    0x08002da2   0x00000060   Code   RO         6215    i.MPU_Write_Len     mpu6050.o
    0x08002e02   0x00000002   PAD
    0x08002e04   0x00000250   Code   RO         5469    i.MapSend           function.o
    0x08003054   0x00000068   Code   RO         4377    i.Motor_GPIO_Configuration  motor_hal.o
    0x080030bc   0x00000098   Code   RO         4378    i.Motor_TIM4_Configuration  motor_hal.o
    0x08003154   0x000000f4   Code   RO          520    i.NVIC_Configuration  stm32f10x_target.o
    0x08003248   0x0000004c   Code   RO         1373    i.NVIC_DeInit       stm32f10x_nvic.o
    0x08003294   0x000000a4   Code   RO         1386    i.NVIC_Init         stm32f10x_nvic.o
    0x08003338   0x00000014   Code   RO         1387    i.NVIC_PriorityGroupConfig  stm32f10x_nvic.o
    0x0800334c   0x00000014   Code   RO         1395    i.NVIC_SetVectorTable  stm32f10x_nvic.o
    0x08003360   0x00000070   Code   RO         1398    i.NVIC_SystemHandlerPriorityConfig  stm32f10x_nvic.o
    0x080033d0   0x00000114   Code   RO         3248    i.OSDebugInit       os_dbg.o
    0x080034e4   0x00000028   Code   RO         3263    i.OSInit            ucos_ii.o
    0x0800350c   0x00000002   Code   RO         3177    i.OSInitHookBegin   os_cpu_c.o
    0x0800350e   0x00000002   Code   RO         3178    i.OSInitHookEnd     os_cpu_c.o
    0x08003510   0x0000008c   Code   RO         3265    i.OSIntExit         ucos_ii.o
    0x0800359c   0x00000048   Code   RO         3289    i.OSSemCreate       ucos_ii.o
    0x080035e4   0x000000bc   Code   RO         3291    i.OSSemPend         ucos_ii.o
    0x080036a0   0x0000004c   Code   RO         3292    i.OSSemPost         ucos_ii.o
    0x080036ec   0x00000048   Code   RO         3295    i.OSStart           ucos_ii.o
    0x08003734   0x00000004   Code   RO         3179    i.OSTCBInitHook     os_cpu_c.o
    0x08003738   0x00000094   Code   RO         3296    i.OSTaskCreate      ucos_ii.o
    0x080037cc   0x000000a4   Code   RO         3297    i.OSTaskCreateExt   ucos_ii.o
    0x08003870   0x00000004   Code   RO         3180    i.OSTaskCreateHook  os_cpu_c.o
    0x08003874   0x0000000c   Code   RO         3182    i.OSTaskIdleHook    os_cpu_c.o
    0x08003880   0x00000070   Code   RO         3299    i.OSTaskNameSet     ucos_ii.o
    0x080038f0   0x00000094   Code   RO         3301    i.OSTaskResume      ucos_ii.o
    0x08003984   0x0000009a   Code   RO         3184    i.OSTaskStkInit     os_cpu_c.o
    0x08003a1e   0x00000002   PAD
    0x08003a20   0x000000a0   Code   RO         3303    i.OSTaskSuspend     ucos_ii.o
    0x08003ac0   0x00000002   Code   RO         3185    i.OSTaskSwHook      os_cpu_c.o
    0x08003ac2   0x00000002   PAD
    0x08003ac4   0x0000005c   Code   RO         3304    i.OSTimeDly         ucos_ii.o
    0x08003b20   0x0000006c   Code   RO         3305    i.OSTimeDlyHMSM     ucos_ii.o
    0x08003b8c   0x00000018   Code   RO         3307    i.OSTimeGet         ucos_ii.o
    0x08003ba4   0x000000ac   Code   RO         3309    i.OSTimeTick        ucos_ii.o
    0x08003c50   0x00000054   Code   RO         3311    i.OS_EventTO        ucos_ii.o
    0x08003ca4   0x0000012c   Code   RO         3312    i.OS_EventTaskRdy   ucos_ii.o
    0x08003dd0   0x00000080   Code   RO         3313    i.OS_EventTaskWait  ucos_ii.o
    0x08003e50   0x0000001c   Code   RO         3314    i.OS_EventWaitListInit  ucos_ii.o
    0x08003e6c   0x00000040   Code   RO         3315    i.OS_InitEventList  ucos_ii.o
    0x08003eac   0x0000003c   Code   RO         3316    i.OS_InitMisc       ucos_ii.o
    0x08003ee8   0x00000048   Code   RO         3317    i.OS_InitRdyList    ucos_ii.o
    0x08003f30   0x00000068   Code   RO         3318    i.OS_InitTCBList    ucos_ii.o
    0x08003f98   0x0000004c   Code   RO         3319    i.OS_InitTaskIdle   ucos_ii.o
    0x08003fe4   0x00000012   Code   RO         3320    i.OS_MemClr         ucos_ii.o
    0x08003ff6   0x00000002   PAD
    0x08003ff8   0x00000050   Code   RO         3322    i.OS_MemInit        ucos_ii.o
    0x08004048   0x0000006c   Code   RO         3323    i.OS_Sched          ucos_ii.o
    0x080040b4   0x00000060   Code   RO         3324    i.OS_SchedNew       ucos_ii.o
    0x08004114   0x0000001c   Code   RO         3325    i.OS_StrCopy        ucos_ii.o
    0x08004130   0x00000014   Code   RO         3326    i.OS_StrLen         ucos_ii.o
    0x08004144   0x00000114   Code   RO         3327    i.OS_TCBInit        ucos_ii.o
    0x08004258   0x00000020   Code   RO         3328    i.OS_TaskIdle       ucos_ii.o
    0x08004278   0x0000001a   Code   RO         3329    i.OS_TaskStkClr     ucos_ii.o
    0x08004292   0x00000002   Code   RO           28    i.PVD_IRQHandler    stm32f10x_it.o
    0x08004294   0x0000007c   Code   RO         1999    i.PWMI_Config       stm32f10x_tim.o
    0x08004310   0x0000000c   Code   RO         1556    i.PWR_BackupAccessCmd  stm32f10x_pwr.o
    0x0800431c   0x00000018   Code   RO         1616    i.RCC_ADCCLKConfig  stm32f10x_rcc.o
    0x08004334   0x00000020   Code   RO         1617    i.RCC_AHBPeriphClockCmd  stm32f10x_rcc.o
    0x08004354   0x00000020   Code   RO         1618    i.RCC_APB1PeriphClockCmd  stm32f10x_rcc.o
    0x08004374   0x00000020   Code   RO         1619    i.RCC_APB1PeriphResetCmd  stm32f10x_rcc.o
    0x08004394   0x00000020   Code   RO         1620    i.RCC_APB2PeriphClockCmd  stm32f10x_rcc.o
    0x080043b4   0x00000020   Code   RO         1621    i.RCC_APB2PeriphResetCmd  stm32f10x_rcc.o
    0x080043d4   0x00000104   Code   RO          521    i.RCC_Configuration  stm32f10x_target.o
    0x080044d8   0x0000005c   Code   RO         1627    i.RCC_DeInit        stm32f10x_rcc.o
    0x08004534   0x000000d4   Code   RO         1628    i.RCC_GetClocksFreq  stm32f10x_rcc.o
    0x08004608   0x0000003c   Code   RO         1629    i.RCC_GetFlagStatus  stm32f10x_rcc.o
    0x08004644   0x00000010   Code   RO         1631    i.RCC_GetSYSCLKSource  stm32f10x_rcc.o
    0x08004654   0x00000018   Code   RO         1632    i.RCC_HCLKConfig    stm32f10x_rcc.o
    0x0800466c   0x0000004c   Code   RO         1633    i.RCC_HSEConfig     stm32f10x_rcc.o
    0x080046b8   0x00000002   Code   RO           29    i.RCC_IRQHandler    stm32f10x_it.o
    0x080046ba   0x00000002   PAD
    0x080046bc   0x00000018   Code   RO         1639    i.RCC_PCLK1Config   stm32f10x_rcc.o
    0x080046d4   0x00000018   Code   RO         1640    i.RCC_PCLK2Config   stm32f10x_rcc.o
    0x080046ec   0x0000000c   Code   RO         1641    i.RCC_PLLCmd        stm32f10x_rcc.o
    0x080046f8   0x0000001c   Code   RO         1642    i.RCC_PLLConfig     stm32f10x_rcc.o
    0x08004714   0x00000018   Code   RO         1645    i.RCC_SYSCLKConfig  stm32f10x_rcc.o
    0x0800472c   0x00000040   Code   RO         1647    i.RCC_WaitForHSEStartUp  stm32f10x_rcc.o
    0x0800476c   0x00000002   Code   RO           30    i.RTCAlarm_IRQHandler  stm32f10x_it.o
    0x0800476e   0x00000002   Code   RO           31    i.RTC_IRQHandler    stm32f10x_it.o
    0x08004770   0x00000024   Code   RO         5156    i.SDA_IN            pcf8563.o
    0x08004794   0x00000024   Code   RO         5157    i.SDA_OUT           pcf8563.o
    0x080047b8   0x00000002   Code   RO           32    i.SPI1_IRQHandler   stm32f10x_it.o
    0x080047ba   0x00000002   Code   RO           33    i.SPI2_IRQHandler   stm32f10x_it.o
    0x080047bc   0x00000054   Code   RO         5318    i.SmgDisplay        tm1637.o
    0x08004810   0x00000024   Code   RO           34    i.SysTickHandler    stm32f10x_it.o
    0x08004834   0x00000028   Code   RO         1957    i.SysTick_CLKSourceConfig  stm32f10x_systick.o
    0x0800485c   0x00000034   Code   RO         1958    i.SysTick_CounterCmd  stm32f10x_systick.o
    0x08004890   0x00000026   Code   RO         1961    i.SysTick_ITConfig  stm32f10x_systick.o
    0x080048b6   0x00000008   Code   RO         1962    i.SysTick_SetReload  stm32f10x_systick.o
    0x080048be   0x00000002   Code   RO           35    i.TAMPER_IRQHandler  stm32f10x_it.o
    0x080048c0   0x00000038   Code   RO         2000    i.TI1_Config        stm32f10x_tim.o
    0x080048f8   0x00000034   Code   RO         2626    i.TI1_Config        stm32f10x_tim1.o
    0x0800492c   0x00000050   Code   RO         2001    i.TI2_Config        stm32f10x_tim.o
    0x0800497c   0x00000044   Code   RO         2627    i.TI2_Config        stm32f10x_tim1.o
    0x080049c0   0x00000042   Code   RO         2002    i.TI3_Config        stm32f10x_tim.o
    0x08004a02   0x00000002   PAD
    0x08004a04   0x00000034   Code   RO         2628    i.TI3_Config        stm32f10x_tim1.o
    0x08004a38   0x00000052   Code   RO         2003    i.TI4_Config        stm32f10x_tim.o
    0x08004a8a   0x00000002   PAD
    0x08004a8c   0x00000044   Code   RO         2629    i.TI4_Config        stm32f10x_tim1.o
    0x08004ad0   0x0000000c   Code   RO         2630    i.TIM1_ARRPreloadConfig  stm32f10x_tim1.o
    0x08004adc   0x0000000a   Code   RO           36    i.TIM1_BRK_IRQHandler  stm32f10x_it.o
    0x08004ae6   0x00000002   PAD
    0x08004ae8   0x00000110   Code   RO           37    i.TIM1_CC_IRQHandler  stm32f10x_it.o
    0x08004bf8   0x00000010   Code   RO         2636    i.TIM1_ClearFlag    stm32f10x_tim1.o
    0x08004c08   0x00000010   Code   RO         2637    i.TIM1_ClearITPendingBit  stm32f10x_tim1.o
    0x08004c18   0x0000000c   Code   RO         2642    i.TIM1_Cmd          stm32f10x_tim1.o
    0x08004c24   0x00000016   Code   RO         2647    i.TIM1_DeInit       stm32f10x_tim1.o
    0x08004c3a   0x00000002   PAD
    0x08004c3c   0x0000000c   Code   RO         2658    i.TIM1_GetCapture2  stm32f10x_tim1.o
    0x08004c48   0x0000000c   Code   RO         2659    i.TIM1_GetCapture3  stm32f10x_tim1.o
    0x08004c54   0x0000002c   Code   RO         2663    i.TIM1_GetITStatus  stm32f10x_tim1.o
    0x08004c80   0x0000005c   Code   RO         2665    i.TIM1_ICInit       stm32f10x_tim1.o
    0x08004cdc   0x00000020   Code   RO         2667    i.TIM1_ITConfig     stm32f10x_tim1.o
    0x08004cfc   0x0000001c   Code   RO         2708    i.TIM1_SetIC1Prescaler  stm32f10x_tim1.o
    0x08004d18   0x00000024   Code   RO         2709    i.TIM1_SetIC2Prescaler  stm32f10x_tim1.o
    0x08004d3c   0x0000001c   Code   RO         2710    i.TIM1_SetIC3Prescaler  stm32f10x_tim1.o
    0x08004d58   0x00000024   Code   RO         2711    i.TIM1_SetIC4Prescaler  stm32f10x_tim1.o
    0x08004d7c   0x00000024   Code   RO           38    i.TIM1_TRG_COM_IRQHandler  stm32f10x_it.o
    0x08004da0   0x00000040   Code   RO         2713    i.TIM1_TimeBaseInit  stm32f10x_tim1.o
    0x08004de0   0x0000002c   Code   RO           39    i.TIM1_UP_IRQHandler  stm32f10x_it.o
    0x08004e0c   0x000001d4   Code   RO           40    i.TIM2_IRQHandler   stm32f10x_it.o
    0x08004fe0   0x00000002   Code   RO           41    i.TIM3_IRQHandler   stm32f10x_it.o
    0x08004fe2   0x00000002   PAD
    0x08004fe4   0x00000034   Code   RO           42    i.TIM4_IRQHandler   stm32f10x_it.o
    0x08005018   0x00000018   Code   RO         2004    i.TIM_ARRPreloadConfig  stm32f10x_tim.o
    0x08005030   0x00000008   Code   RO         2005    i.TIM_ClearFlag     stm32f10x_tim.o
    0x08005038   0x00000008   Code   RO         2006    i.TIM_ClearITPendingBit  stm32f10x_tim.o
    0x08005040   0x00000018   Code   RO         2011    i.TIM_Cmd           stm32f10x_tim.o
    0x08005058   0x00000058   Code   RO         2015    i.TIM_DeInit        stm32f10x_tim.o
    0x080050b0   0x00000006   Code   RO         2025    i.TIM_GetCapture1   stm32f10x_tim.o
    0x080050b6   0x00000006   Code   RO         2026    i.TIM_GetCapture2   stm32f10x_tim.o
    0x080050bc   0x00000006   Code   RO         2027    i.TIM_GetCapture3   stm32f10x_tim.o
    0x080050c2   0x00000008   Code   RO         2028    i.TIM_GetCapture4   stm32f10x_tim.o
    0x080050ca   0x00000022   Code   RO         2031    i.TIM_GetITStatus   stm32f10x_tim.o
    0x080050ec   0x0000007e   Code   RO         2033    i.TIM_ICInit        stm32f10x_tim.o
    0x0800516a   0x00000012   Code   RO         2035    i.TIM_ITConfig      stm32f10x_tim.o
    0x0800517c   0x00000012   Code   RO         2040    i.TIM_OC1PreloadConfig  stm32f10x_tim.o
    0x0800518e   0x00000012   Code   RO         2046    i.TIM_OC3PreloadConfig  stm32f10x_tim.o
    0x080051a0   0x0000001a   Code   RO         2049    i.TIM_OC4PreloadConfig  stm32f10x_tim.o
    0x080051ba   0x00000002   PAD
    0x080051bc   0x00000104   Code   RO         2050    i.TIM_OCInit        stm32f10x_tim.o
    0x080052c0   0x00000054   Code   RO         2052    i.TIM_OC_Config     stm32f10x_tim.o
    0x08005314   0x0000001a   Code   RO         2053    i.TIM_PrescalerConfig  stm32f10x_tim.o
    0x0800532e   0x00000012   Code   RO         2068    i.TIM_SetIC1Prescaler  stm32f10x_tim.o
    0x08005340   0x0000001a   Code   RO         2069    i.TIM_SetIC2Prescaler  stm32f10x_tim.o
    0x0800535a   0x00000012   Code   RO         2070    i.TIM_SetIC3Prescaler  stm32f10x_tim.o
    0x0800536c   0x0000001a   Code   RO         2071    i.TIM_SetIC4Prescaler  stm32f10x_tim.o
    0x08005386   0x0000001e   Code   RO         2073    i.TIM_TimeBaseInit  stm32f10x_tim.o
    0x080053a4   0x00000014   Code   RO          524    i.Target_Init       stm32f10x_target.o
    0x080053b8   0x00000020   Code   RO          525    i.Tmr_TickInit      stm32f10x_target.o
    0x080053d8   0x0000009c   Code   RO         3683    i.UART_onfiguration  uart.o
    0x08005474   0x00000068   Code   RO           43    i.USART1_IRQHandler  stm32f10x_it.o
    0x080054dc   0x00000020   Code   RO           44    i.USART2_IRQHandler  stm32f10x_it.o
    0x080054fc   0x00000002   Code   RO           45    i.USART3_IRQHandler  stm32f10x_it.o
    0x080054fe   0x00000016   Code   RO         2471    i.USART_ClearITPendingBit  stm32f10x_usart.o
    0x08005514   0x00000018   Code   RO         2472    i.USART_Cmd         stm32f10x_usart.o
    0x0800552c   0x00000012   Code   RO         2475    i.USART_GetFlagStatus  stm32f10x_usart.o
    0x0800553e   0x0000004c   Code   RO         2476    i.USART_GetITStatus  stm32f10x_usart.o
    0x0800558a   0x00000040   Code   RO         2478    i.USART_ITConfig    stm32f10x_usart.o
    0x080055ca   0x00000002   PAD
    0x080055cc   0x000000ac   Code   RO         2479    i.USART_Init        stm32f10x_usart.o
    0x08005678   0x0000000a   Code   RO         2484    i.USART_ReceiveData  stm32f10x_usart.o
    0x08005682   0x00000002   PAD
    0x08005684   0x00000020   Code   RO         3684    i.USART_SendChar    uart.o
    0x080056a4   0x00000002   Code   RO           46    i.USBWakeUp_IRQHandler  stm32f10x_it.o
    0x080056a6   0x00000002   Code   RO           47    i.USB_HP_CAN_TX_IRQHandler  stm32f10x_it.o
    0x080056a8   0x00000002   Code   RO           48    i.USB_LP_CAN_RX0_IRQHandler  stm32f10x_it.o
    0x080056aa   0x00000002   Code   RO           49    i.WWDG_IRQHandler   stm32f10x_it.o
    0x080056ac   0x00000028   Code   RO         6683    i.__ARM_fpclassify  m_ws.l(fpclassify.o)
    0x080056d4   0x00000388   Code   RO         6688    i.__ieee754_rem_pio2  m_ws.l(rred.o)
    0x08005a5c   0x000000fc   Code   RO         6678    i.__kernel_cos      m_ws.l(cos_i.o)
    0x08005b58   0x000000aa   Code   RO         6685    i.__kernel_poly     m_ws.l(poly.o)
    0x08005c02   0x00000002   PAD
    0x08005c04   0x000000ec   Code   RO         6693    i.__kernel_sin      m_ws.l(sin_i.o)
    0x08005cf0   0x00000010   Code   RO         6681    i.__mathlib_dbl_underflow  m_ws.l(dunder.o)
    0x08005d00   0x0000000e   Code   RO         6508    i._is_digit         c_w.l(__printf_wp.o)
    0x08005d0e   0x00000006   Code   RO         3688    i._sys_exit         uart.o
    0x08005d14   0x000000a4   Code   RO         5832    i.accel_self_test   inv_mpu.o
    0x08005db8   0x00000008   Code   RO         3779    i.application_init  main.o
    0x08005dc0   0x0000027c   Code   RO         6596    i.asin              m_ws.l(asin.o)
    0x0800603c   0x00000224   Code   RO         6669    i.atan              m_ws.l(atan.o)
    0x08006260   0x00000180   Code   RO         6606    i.atan2             m_ws.l(atan2.o)
    0x080063e0   0x0000005a   Code   RO         3961    i.average           detect.o
    0x0800643a   0x00000002   PAD
    0x0800643c   0x000000ac   Code   RO         6614    i.cos               m_ws.l(cos.o)
    0x080064e8   0x00000002   Code   RO         3854    i.create_os_mailbox  create_task.o
    0x080064ea   0x00000002   Code   RO         3855    i.create_os_mutex   create_task.o
    0x080064ec   0x00000002   Code   RO         3856    i.create_os_queue   create_task.o
    0x080064ee   0x00000002   PAD
    0x080064f0   0x00000014   Code   RO         3857    i.create_os_semphore  create_task.o
    0x08006504   0x000000e4   Code   RO         3858    i.create_os_task    create_task.o
    0x080065e8   0x00000002   Code   RO         3859    i.create_os_timer   create_task.o
    0x080065ea   0x00000002   Code   RO         3860    i.create_task_status  create_task.o
    0x080065ec   0x00000064   Code   RO         5606    i.decode_gesture    inv_mpu_dmp_motion_driver.o
    0x08006650   0x0000001a   Code   RO         5160    i.delay             pcf8563.o
    0x0800666a   0x0000002c   Code   RO         6218    i.delay_ms          mpu6050.o
    0x08006696   0x00000002   PAD
    0x08006698   0x00000054   Code   RO         3964    i.detect_init       detect.o
    0x080066ec   0x0000003c   Code   RO         5607    i.dmp_enable_6x_lp_quat  inv_mpu_dmp_motion_driver.o
    0x08006728   0x0000021c   Code   RO         5608    i.dmp_enable_feature  inv_mpu_dmp_motion_driver.o
    0x08006944   0x00000058   Code   RO         5609    i.dmp_enable_gyro_cal  inv_mpu_dmp_motion_driver.o
    0x0800699c   0x0000003c   Code   RO         5610    i.dmp_enable_lp_quat  inv_mpu_dmp_motion_driver.o
    0x080069d8   0x00000018   Code   RO         5615    i.dmp_load_motion_driver_firmware  inv_mpu_dmp_motion_driver.o
    0x080069f0   0x000001c4   Code   RO         5616    i.dmp_read_fifo     inv_mpu_dmp_motion_driver.o
    0x08006bb4   0x00000130   Code   RO         5619    i.dmp_set_accel_bias  inv_mpu_dmp_motion_driver.o
    0x08006ce4   0x00000070   Code   RO         5620    i.dmp_set_fifo_rate  inv_mpu_dmp_motion_driver.o
    0x08006d54   0x00000130   Code   RO         5621    i.dmp_set_gyro_bias  inv_mpu_dmp_motion_driver.o
    0x08006e84   0x00000138   Code   RO         5623    i.dmp_set_orientation  inv_mpu_dmp_motion_driver.o
    0x08006fbc   0x00000038   Code   RO         5626    i.dmp_set_shake_reject_thresh  inv_mpu_dmp_motion_driver.o
    0x08006ff4   0x00000026   Code   RO         5627    i.dmp_set_shake_reject_time  inv_mpu_dmp_motion_driver.o
    0x0800701a   0x00000026   Code   RO         5628    i.dmp_set_shake_reject_timeout  inv_mpu_dmp_motion_driver.o
    0x08007040   0x00000046   Code   RO         5629    i.dmp_set_tap_axes  inv_mpu_dmp_motion_driver.o
    0x08007086   0x00000026   Code   RO         5630    i.dmp_set_tap_count  inv_mpu_dmp_motion_driver.o
    0x080070ac   0x000001a0   Code   RO         5631    i.dmp_set_tap_thresh  inv_mpu_dmp_motion_driver.o
    0x0800724c   0x00000026   Code   RO         5632    i.dmp_set_tap_time  inv_mpu_dmp_motion_driver.o
    0x08007272   0x00000026   Code   RO         5633    i.dmp_set_tap_time_multi  inv_mpu_dmp_motion_driver.o
    0x08007298   0x000001a8   Code   RO         3967    i.dtd_adc_init      detect.o
    0x08007440   0x0000001c   Code   RO         3689    i.fputc             uart.o
    0x0800745c   0x000000b4   Code   RO         5833    i.get_accel_prod_shift  inv_mpu.o
    0x08007510   0x00000470   Code   RO         5834    i.get_st_biases     inv_mpu.o
    0x08007980   0x00000fec   Code   RO         5472    i.gopoint           function.o
    0x0800896c   0x0000010c   Code   RO         5835    i.gyro_self_test    inv_mpu.o
    0x08008a78   0x0000002c   Code   RO         3780    i.init_task_core    main.o
    0x08008aa4   0x00000088   Code   RO         4138    i.interaction_task_core  rf.o
    0x08008b2c   0x00000028   Code   RO         5836    i.inv_orientation_matrix_to_scalar  inv_mpu.o
    0x08008b54   0x0000004e   Code   RO         5837    i.inv_row_2_scale   inv_mpu.o
    0x08008ba2   0x00000002   PAD
    0x08008ba4   0x00000088   Code   RO           52    i.ir_check_long_key  stm32f10x_it.o
    0x08008c2c   0x00000220   Code   RO           53    i.ir_parse          stm32f10x_it.o
    0x08008e4c   0x00000214   Code   RO         3969    i.ir_recv_ext_config  detect.o
    0x08009060   0x00000018   Code   RO         5322    i.led_down          tm1637.o
    0x08009078   0x0000003c   Code   RO         5323    i.led_gpio_init     tm1637.o
    0x080090b4   0x00000034   Code   RO         5324    i.led_init          tm1637.o
    0x080090e8   0x00000016   Code   RO         5325    i.led_light         tm1637.o
    0x080090fe   0x00000002   PAD
    0x08009100   0x00000064   Code   RO         4386    i.left_motor_backward  motor_hal.o
    0x08009164   0x00000064   Code   RO         4387    i.left_motor_forward  motor_hal.o
    0x080091c8   0x00000030   Code   RO         4389    i.left_motor_stop   motor_hal.o
    0x080091f8   0x00000070   Code   RO         3789    i.main              main.o
    0x08009268   0x00000002   Code   RO         5846    i.mget_ms           inv_mpu.o
    0x0800926a   0x00000002   PAD
    0x0800926c   0x00000070   Code   RO         5847    i.mpu_configure_fifo  inv_mpu.o
    0x080092dc   0x00000224   Code   RO         5848    i.mpu_dmp_get_data  inv_mpu.o
    0x08009500   0x000000a0   Code   RO         5849    i.mpu_dmp_init      inv_mpu.o
    0x080095a0   0x0000004c   Code   RO         5850    i.mpu_get_accel_fsr  inv_mpu.o
    0x080095ec   0x00000054   Code   RO         5852    i.mpu_get_accel_sens  inv_mpu.o
    0x08009640   0x00000010   Code   RO         5857    i.mpu_get_fifo_config  inv_mpu.o
    0x08009650   0x00000044   Code   RO         5858    i.mpu_get_gyro_fsr  inv_mpu.o
    0x08009694   0x00000050   Code   RO         5860    i.mpu_get_gyro_sens  inv_mpu.o
    0x080096e4   0x00000050   Code   RO         5862    i.mpu_get_lpf       inv_mpu.o
    0x08009734   0x00000020   Code   RO         5864    i.mpu_get_sample_rate  inv_mpu.o
    0x08009754   0x000001f0   Code   RO         5866    i.mpu_init          inv_mpu.o
    0x08009944   0x000000b8   Code   RO         5867    i.mpu_load_firmware  inv_mpu.o
    0x080099fc   0x000000e0   Code   RO         5868    i.mpu_lp_accel_mode  inv_mpu.o
    0x08009adc   0x000000c0   Code   RO         5871    i.mpu_read_fifo_stream  inv_mpu.o
    0x08009b9c   0x00000080   Code   RO         5872    i.mpu_read_mem      inv_mpu.o
    0x08009c1c   0x000001c8   Code   RO         5875    i.mpu_reset_fifo    inv_mpu.o
    0x08009de4   0x0000011c   Code   RO         5876    i.mpu_run_self_test  inv_mpu.o
    0x08009f00   0x00000084   Code   RO         5878    i.mpu_set_accel_fsr  inv_mpu.o
    0x08009f84   0x0000014c   Code   RO         5879    i.mpu_set_bypass    inv_mpu.o
    0x0800a0d0   0x00000090   Code   RO         5881    i.mpu_set_dmp_state  inv_mpu.o
    0x0800a160   0x00000088   Code   RO         5882    i.mpu_set_gyro_fsr  inv_mpu.o
    0x0800a1e8   0x0000006c   Code   RO         5883    i.mpu_set_int_latched  inv_mpu.o
    0x0800a254   0x00000084   Code   RO         5885    i.mpu_set_lpf       inv_mpu.o
    0x0800a2d8   0x0000009c   Code   RO         5886    i.mpu_set_sample_rate  inv_mpu.o
    0x0800a374   0x000000d0   Code   RO         5887    i.mpu_set_sensors   inv_mpu.o
    0x0800a444   0x00000080   Code   RO         5888    i.mpu_write_mem     inv_mpu.o
    0x0800a4c4   0x00000040   Code   RO         4148    i.pannel_led_control  rf.o
    0x0800a504   0x000000f0   Code   RO         3979    i.poll_ir_key       detect.o
    0x0800a5f4   0x00000064   Code   RO         4400    i.right_motor_backward  motor_hal.o
    0x0800a658   0x00000064   Code   RO         4401    i.right_motor_forward  motor_hal.o
    0x0800a6bc   0x00000030   Code   RO         4403    i.right_motor_stop  motor_hal.o
    0x0800a6ec   0x00000094   Code   RO         5889    i.run_self_test     inv_mpu.o
    0x0800a780   0x00000960   Code   RO         5481    i.sensor_work       function.o
    0x0800b0e0   0x00000090   Code   RO         5890    i.set_int_enable    inv_mpu.o
    0x0800b170   0x00000098   Code   RO         4409    i.side_speed_configure  motor_hal.o
    0x0800b208   0x000000b0   Code   RO         6622    i.sin               m_ws.l(sin.o)
    0x0800b2b8   0x0000006c   Code   RO         3981    i.speed_measure_ext_configure  detect.o
    0x0800b324   0x00000066   Code   RO         3982    i.speed_measure_ext_configure_init  detect.o
    0x0800b38a   0x0000004e   Code   RO         6630    i.sqrt              m_ws.l(sqrt.o)
    0x0800b3d8   0x00000038   Code   RO         3983    i.startup_buzzer_ring  detect.o
    0x0800b410   0x00000f70   Code   RO         5483    i.thing_round       function.o
    0x0800c380   0x00000160   Code   RO         5484    i.update            function.o
    0x0800c4e0   0x00000020   Code   RO           62    i.wrong             stm32f10x_it.o
    0x0800c500   0x00000062   Code   RO         6533    x$fpl$d2f           fz_ws.l(d2f.o)
    0x0800c562   0x00000002   PAD
    0x0800c564   0x00000150   Code   RO         6535    x$fpl$dadd          fz_ws.l(daddsub_clz.o)
    0x0800c6b4   0x00000010   Code   RO         6729    x$fpl$dcheck1       fz_ws.l(dcheck1.o)
    0x0800c6c4   0x00000018   Code   RO         6651    x$fpl$dcmpinf       fz_ws.l(dcmpi.o)
    0x0800c6dc   0x000002b0   Code   RO         6542    x$fpl$ddiv          fz_ws.l(ddiv.o)
    0x0800c98c   0x0000005e   Code   RO         6545    x$fpl$dfix          fz_ws.l(dfix.o)
    0x0800c9ea   0x0000002e   Code   RO         6550    x$fpl$dflt          fz_ws.l(dflt_clz.o)
    0x0800ca18   0x00000026   Code   RO         6549    x$fpl$dfltu         fz_ws.l(dflt_clz.o)
    0x0800ca3e   0x00000002   PAD
    0x0800ca40   0x00000078   Code   RO         6555    x$fpl$dleqf         fz_ws.l(dleqf.o)
    0x0800cab8   0x00000154   Code   RO         6557    x$fpl$dmul          fz_ws.l(dmul.o)
    0x0800cc0c   0x0000009c   Code   RO         6653    x$fpl$dnaninf       fz_ws.l(dnaninf.o)
    0x0800cca8   0x0000000c   Code   RO         6655    x$fpl$dretinf       fz_ws.l(dretinf.o)
    0x0800ccb4   0x0000006c   Code   RO         6559    x$fpl$drleqf        fz_ws.l(drleqf.o)
    0x0800cd20   0x00000016   Code   RO         6536    x$fpl$drsb          fz_ws.l(daddsub_clz.o)
    0x0800cd36   0x00000002   PAD
    0x0800cd38   0x000001cc   Code   RO         6657    x$fpl$dsqrt         fz_ws.l(dsqrt_noumaal.o)
    0x0800cf04   0x000001d4   Code   RO         6537    x$fpl$dsub          fz_ws.l(daddsub_clz.o)
    0x0800d0d8   0x00000056   Code   RO         6561    x$fpl$f2d           fz_ws.l(f2d.o)
    0x0800d12e   0x00000002   PAD
    0x0800d130   0x000000c4   Code   RO         6563    x$fpl$fadd          fz_ws.l(faddsub_clz.o)
    0x0800d1f4   0x00000018   Code   RO         6659    x$fpl$fcmpinf       fz_ws.l(fcmpi.o)
    0x0800d20c   0x00000184   Code   RO         6570    x$fpl$fdiv          fz_ws.l(fdiv.o)
    0x0800d390   0x00000068   Code   RO         6573    x$fpl$feqf          fz_ws.l(feqf.o)
    0x0800d3f8   0x00000036   Code   RO         6575    x$fpl$ffix          fz_ws.l(ffix.o)
    0x0800d42e   0x00000002   PAD
    0x0800d430   0x0000003e   Code   RO         6579    x$fpl$ffixu         fz_ws.l(ffixu.o)
    0x0800d46e   0x00000002   PAD
    0x0800d470   0x00000030   Code   RO         6584    x$fpl$fflt          fz_ws.l(fflt_clz.o)
    0x0800d4a0   0x00000026   Code   RO         6583    x$fpl$ffltu         fz_ws.l(fflt_clz.o)
    0x0800d4c6   0x00000002   PAD
    0x0800d4c8   0x00000068   Code   RO         6589    x$fpl$fleqf         fz_ws.l(fleqf.o)
    0x0800d530   0x00000102   Code   RO         6591    x$fpl$fmul          fz_ws.l(fmul.o)
    0x0800d632   0x0000008c   Code   RO         6661    x$fpl$fnaninf       fz_ws.l(fnaninf.o)
    0x0800d6be   0x0000000a   Code   RO         6663    x$fpl$fretinf       fz_ws.l(fretinf.o)
    0x0800d6c8   0x00000062   Code   RO         6593    x$fpl$frleqf        fz_ws.l(frleqf.o)
    0x0800d72a   0x00000014   Code   RO         6564    x$fpl$frsb          fz_ws.l(faddsub_clz.o)
    0x0800d73e   0x00000002   PAD
    0x0800d740   0x000000ea   Code   RO         6565    x$fpl$fsub          fz_ws.l(faddsub_clz.o)
    0x0800d82a   0x00000064   Code   RO         6748    x$fpl$retnan        fz_ws.l(retnan.o)
    0x0800d88e   0x0000005c   Code   RO         6665    x$fpl$scalbn        fz_ws.l(scalbn.o)
    0x0800d8ea   0x00000030   Code   RO         6799    x$fpl$trapveneer    fz_ws.l(trapv.o)
    0x0800d91a   0x00000000   Code   RO         6667    x$fpl$usenofp       fz_ws.l(usenofp.o)
    0x0800d91a   0x00000014   Data   RO         1648    .constdata          stm32f10x_rcc.o
    0x0800d92e   0x00000010   Data   RO         2077    .constdata          stm32f10x_tim.o
    0x0800d93e   0x00000002   PAD
    0x0800d940   0x0000005e   Data   RO         3249    .constdata          os_dbg.o
    0x0800d99e   0x00000100   Data   RO         3331    .constdata          ucos_ii.o
    0x0800da9e   0x00000bf6   Data   RO         5643    .constdata          inv_mpu_dmp_motion_driver.o
    0x0800e694   0x0000009d   Data   RO         5892    .constdata          inv_mpu.o
    0x0800e731   0x00000011   Data   RO         6511    .constdata          c_w.l(__printf_flags_wp.o)
    0x0800e742   0x00000006   PAD
    0x0800e748   0x00000050   Data   RO         6597    .constdata          m_ws.l(asin.o)
    0x0800e798   0x00000098   Data   RO         6670    .constdata          m_ws.l(atan.o)
    0x0800e830   0x00000030   Data   RO         6679    .constdata          m_ws.l(cos_i.o)
    0x0800e860   0x00000008   Data   RO         6687    .constdata          m_ws.l(qnan.o)
    0x0800e868   0x000000c8   Data   RO         6690    .constdata          m_ws.l(rred.o)
    0x0800e930   0x00000028   Data   RO         6694    .constdata          m_ws.l(sin_i.o)
    0x0800e958   0x00000020   Data   RO         6873    Region$$Table       anon$$obj.o


    Execution Region RW_IRAM1 (Base: 0x20000000, Size: 0x00003bb8, Max: 0x00005000, ABSOLUTE, COMPRESSED[0x0000003c])

    Base Addr    Size         Type   Attr      Idx    E Section Name        Object

    0x20000000   0x000000c5   Data   RW           64    .data               stm32f10x_it.o
    0x200000c5   0x00000001   Data   RW          537    .data               stm32f10x_target.o
    0x200000c6   0x00000002   PAD
    0x200000c8   0x00000005   Data   RW         1649    .data               stm32f10x_rcc.o
    0x200000cd   0x00000003   PAD
    0x200000d0   0x00000004   Data   RW         3186    .data               os_cpu_c.o
    0x200000d4   0x0000002c   Data   RW         3332    .data               ucos_ii.o
    0x20000100   0x00000008   Data   RW         3699    .data               uart.o
    0x20000108   0x00000004   Data   RW         3870    .data               create_task.o
    0x2000010c   0x00000027   Data   RW         4150    .data               rf.o
    0x20000133   0x0000000f   Data   RW         5336    .data               tm1637.o
    0x20000142   0x00000002   PAD
    0x20000144   0x0000004e   Data   RW         5486    .data               function.o
    0x20000192   0x00000002   PAD
    0x20000194   0x00000035   Data   RW         5893    .data               inv_mpu.o
    0x200001c9   0x00000003   PAD
    0x200001cc   0x00000730   Zero   RW           63    .bss                stm32f10x_it.o
    0x200008fc   0x00000e5c   Zero   RW         3330    .bss                ucos_ii.o
    0x20001758   0x00000100   Zero   RW         3790    .bss                main.o
    0x20001858   0x00001980   Zero   RW         3869    .bss                create_task.o
    0x200031d8   0x0000018c   Zero   RW         3986    .bss                detect.o
    0x20003364   0x00000388   Zero   RW         4149    .bss                rf.o
    0x200036ec   0x00000004   PAD
    0x200036f0   0x00000054   Zero   RW         5485    .bss                function.o
    0x20003744   0x00000010   Zero   RW         5642    .bss                inv_mpu_dmp_motion_driver.o
    0x20003754   0x00000060   Zero   RW         6732    .bss                c_w.l(libspace.o)
    0x200037b4   0x00000004   PAD
    0x200037b8   0x00000200   Zero   RW          512    HEAP                stm32f10x_startup.o
    0x200039b8   0x00000200   Zero   RW          511    STACK               stm32f10x_startup.o


==============================================================================

Image component sizes


      Code (inc. data)   RO Data    RW Data    ZI Data      Debug   Object Name

         0          0          0          0          0         32   cortexm3_macro.o
       258         90          0          4       6528       3936   create_task.o
      2136         92          0          0        396       7173   detect.o
       168         10          0          0          0        573   display.o
     16144        746          0         78         84      15287   function.o
      6856        292        157         53          0      28976   inv_mpu.o
      3088        124       3062          0         16      19382   inv_mpu_dmp_motion_driver.o
       164         34          0          0        256       1873   main.o
       904         72          0          0          0      20603   motor_hal.o
       650          0          0          0          0       6178   mpu6050.o
       690         52          0          0          0       5510   mpuiic.o
       232         42          0          0          0        300   os_cpu_a.o
       180          4          0          4          0      10479   os_cpu_c.o
       276        182         94          0          0       2821   os_dbg.o
       488         62          0          0          0       4433   pcf8563.o
       200         24          0         39        904      21217   rf.o
       392         10          0          0          0       6701   stm32f10x_adc.o
       298         16          0          0          0       2822   stm32f10x_dma.o
       192         22          0          0          0       2377   stm32f10x_exti.o
        56         12          0          0          0       1001   stm32f10x_flash.o
       614         20          0          0          0       4646   stm32f10x_gpio.o
      2102        272          0        197       1840     126067   stm32f10x_it.o
       392         52          0          0          0       3406   stm32f10x_nvic.o
        12          6          0          0          0        482   stm32f10x_pwr.o
       840        128         20          5          0      11899   stm32f10x_rcc.o
       308        280          0          0       1024        508   stm32f10x_startup.o
       138          0          0          0          0       2006   stm32f10x_systick.o
       612         52          0          1          0       2840   stm32f10x_target.o
      1314         14         16          0          0      18691   stm32f10x_tim.o
       702        106          0          0          0      16294   stm32f10x_tim1.o
       386          4          0          0          0       5606   stm32f10x_usart.o
       654         68          0         15          0       6468   tm1637.o
       222         20          0          8          0       4419   uart.o
      3316        406        256         44       3676      25609   ucos_ii.o

    ----------------------------------------------------------------------
     45042       3314       3639        460      14728     390615   Object Totals
         0          0         32          0          0          0   (incl. Generated)
        58          0          2         12          4          0   (incl. Padding)

    ----------------------------------------------------------------------

      Code (inc. data)   RO Data    RW Data    ZI Data      Debug   Library Member Name

        90          0          0          0          0          0   __dczerorl2.o
         8          0          0          0          0         68   __main.o
       316          6         17          0          0         92   __printf_flags_wp.o
        14          0          0          0          0         68   __printf_wp.o
        52          8          0          0          0          0   __scatter.o
        28          0          0          0          0          0   __scatter_zi.o
        48          6          0          0          0         96   _printf_char_common.o
        36          4          0          0          0         80   _printf_char_file.o
         6          0          0          0          0          0   _printf_d.o
       120         18          0          0          0         92   _printf_dec.o
       184          0          0          0          0         88   _printf_intcommon.o
         0          0          0          0          0          0   _printf_percent.o
         4          0          0          0          0          0   _printf_percent_end.o
        22          0          0          0          0        100   _rserrno.o
        16          0          0          0          0         68   aeabi_memset.o
        12          0          0          0          0         72   exit.o
         8          0          0          0          0         68   ferror.o
         6          0          0          0          0        152   heapauxi.o
         2          0          0          0          0          0   libinit.o
         2          0          0          0          0          0   libinit2.o
         2          0          0          0          0          0   libshutdown.o
         2          0          0          0          0          0   libshutdown2.o
         8          4          0          0         96         68   libspace.o
        72          0          0          0          0         76   llsdiv.o
       238          0          0          0          0        100   lludivv7m.o
        88          0          0          0          0         76   memcmp.o
        24          4          0          0          0         84   noretval__2printf.o
         8          4          0          0          0         68   rt_errno_addr_intlibspace.o
        68          0          0          0          0         68   rt_memclr.o
        78          0          0          0          0         80   rt_memclr_w.o
       100          0          0          0          0         80   rt_memcpy_w.o
         0          0          0          0          0          0   rtentry.o
        12          0          0          0          0          0   rtentry2.o
         6          0          0          0          0          0   rtentry4.o
         2          0          0          0          0          0   rtexit.o
        10          0          0          0          0          0   rtexit2.o
        74          0          0          0          0         80   sys_stackheap_outer.o
         2          0          0          0          0         68   use_no_semi.o
         2          0          0          0          0         68   use_no_semi_2.o
        98          4          0          0          0         92   d2f.o
       826         16          0          0          0        356   daddsub_clz.o
        16          4          0          0          0         68   dcheck1.o
        24          0          0          0          0         68   dcmpi.o
       688        140          0          0          0        212   ddiv.o
        94          4          0          0          0         92   dfix.o
        84          0          0          0          0        136   dflt_clz.o
       120          4          0          0          0         92   dleqf.o
       340         12          0          0          0        104   dmul.o
       156          4          0          0          0         92   dnaninf.o
        12          0          0          0          0         68   dretinf.o
       108          0          0          0          0         80   drleqf.o
       460         56          0          0          0        120   dsqrt_noumaal.o
        86          4          0          0          0         84   f2d.o
       450          8          0          0          0        236   faddsub_clz.o
        24          0          0          0          0         68   fcmpi.o
       388         76          0          0          0         96   fdiv.o
       104          4          0          0          0         84   feqf.o
        54          4          0          0          0         84   ffix.o
        62          4          0          0          0         84   ffixu.o
        86          0          0          0          0        136   fflt_clz.o
       104          4          0          0          0         84   fleqf.o
       258          4          0          0          0         84   fmul.o
       140          4          0          0          0         84   fnaninf.o
        10          0          0          0          0         68   fretinf.o
        98          0          0          0          0         68   frleqf.o
       100          0          0          0          0         68   retnan.o
        92          0          0          0          0         68   scalbn.o
        48          0          0          0          0         68   trapv.o
         0          0          0          0          0          0   usenofp.o
       636         52         80          0          0        168   asin.o
       548         70        152          0          0        124   atan.o
       384         38          0          0          0        144   atan2.o
       172          8          0          0          0        112   cos.o
       252         22         48          0          0        124   cos_i.o
        16          6          0          0          0         68   dunder.o
        40          0          0          0          0         68   fpclassify.o
       170          0          0          0          0         96   poly.o
         0          0          8          0          0          0   qnan.o
       904         72        200          0          0        132   rred.o
       176         10          0          0          0        116   sin.o
       236         12         40          0          0        128   sin_i.o
        78          0          0          0          0         84   sqrt.o

    ----------------------------------------------------------------------
     10536        700        551          0        100       6368   Library Totals
        24          0          6          0          4          0   (incl. Padding)

    ----------------------------------------------------------------------

      Code (inc. data)   RO Data    RW Data    ZI Data      Debug   Library Name

      1770         54         17          0         96       1960   c_w.l
      5130        356          0          0          0       3044   fz_ws.l
      3612        290        528          0          0       1364   m_ws.l

    ----------------------------------------------------------------------
     10536        700        551          0        100       6368   Library Totals

    ----------------------------------------------------------------------

==============================================================================


      Code (inc. data)   RO Data    RW Data    ZI Data      Debug   

     55578       4014       4190        460      14828     375923   Grand Totals
     55578       4014       4190         60      14828     375923   ELF Image Totals (compressed)
     55578       4014       4190         60          0          0   ROM Totals

==============================================================================

    Total RO  Size (Code + RO Data)                59768 (  58.37kB)
    Total RW  Size (RW Data + ZI Data)             15288 (  14.93kB)
    Total ROM Size (Code + RO Data + RW Data)      59828 (  58.43kB)

==============================================================================

