ARM Linker, 5.03 [Build 24] [MDK-ARM Professional]

==============================================================================

Section Cross References

    stm32f10x_it.o(i.DMAChannel2_IRQHandler) refers to stm32f10x_dma.o(i.DMA_ClearFlag) for DMA_ClearFlag
    stm32f10x_it.o(i.DMAChannel2_IRQHandler) refers to stm32f10x_dma.o(i.DMA_Cmd) for DMA_Cmd
    stm32f10x_it.o(i.DMAChannel3_IRQHandler) refers to stm32f10x_dma.o(i.DMA_ClearFlag) for DMA_ClearFlag
    stm32f10x_it.o(i.DMAChannel3_IRQHandler) refers to stm32f10x_dma.o(i.DMA_Cmd) for DMA_Cmd
    stm32f10x_it.o(i.DMAChannel4_IRQHandler) refers to stm32f10x_dma.o(i.DMA_ClearFlag) for DMA_ClearFlag
    stm32f10x_it.o(i.DMAChannel4_IRQHandler) refers to stm32f10x_dma.o(i.DMA_Cmd) for DMA_Cmd
    stm32f10x_it.o(i.EXTI0_IRQHandler) refers to os_cpu_a.o(.text) for OS_ENTER_CRITICAL
    stm32f10x_it.o(i.EXTI0_IRQHandler) refers to ucos_ii.o(i.OSIntExit) for OSIntExit
    stm32f10x_it.o(i.EXTI0_IRQHandler) refers to ucos_ii.o(.data) for OSIntNesting
    stm32f10x_it.o(i.EXTI15_10_IRQHandler) refers to os_cpu_a.o(.text) for OS_ENTER_CRITICAL
    stm32f10x_it.o(i.EXTI15_10_IRQHandler) refers to stm32f10x_exti.o(i.EXTI_GetITStatus) for EXTI_GetITStatus
    stm32f10x_it.o(i.EXTI15_10_IRQHandler) refers to stm32f10x_exti.o(i.EXTI_ClearITPendingBit) for EXTI_ClearITPendingBit
    stm32f10x_it.o(i.EXTI15_10_IRQHandler) refers to ucos_ii.o(i.OSIntExit) for OSIntExit
    stm32f10x_it.o(i.EXTI15_10_IRQHandler) refers to ucos_ii.o(.data) for OSIntNesting
    stm32f10x_it.o(i.EXTI15_10_IRQHandler) refers to stm32f10x_it.o(.data) for .data
    stm32f10x_it.o(i.EXTI1_IRQHandler) refers to os_cpu_a.o(.text) for OS_ENTER_CRITICAL
    stm32f10x_it.o(i.EXTI1_IRQHandler) refers to ucos_ii.o(i.OSIntExit) for OSIntExit
    stm32f10x_it.o(i.EXTI1_IRQHandler) refers to ucos_ii.o(.data) for OSIntNesting
    stm32f10x_it.o(i.EXTI9_5_IRQHandler) refers to os_cpu_a.o(.text) for OS_ENTER_CRITICAL
    stm32f10x_it.o(i.EXTI9_5_IRQHandler) refers to stm32f10x_exti.o(i.EXTI_GetITStatus) for EXTI_GetITStatus
    stm32f10x_it.o(i.EXTI9_5_IRQHandler) refers to stm32f10x_exti.o(i.EXTI_ClearITPendingBit) for EXTI_ClearITPendingBit
    stm32f10x_it.o(i.EXTI9_5_IRQHandler) refers to ucos_ii.o(i.OSIntExit) for OSIntExit
    stm32f10x_it.o(i.EXTI9_5_IRQHandler) refers to ucos_ii.o(.data) for OSIntNesting
    stm32f10x_it.o(i.EXTI9_5_IRQHandler) refers to stm32f10x_it.o(.data) for .data
    stm32f10x_it.o(i.SysTickHandler) refers to os_cpu_a.o(.text) for OS_ENTER_CRITICAL
    stm32f10x_it.o(i.SysTickHandler) refers to ucos_ii.o(i.OSTimeTick) for OSTimeTick
    stm32f10x_it.o(i.SysTickHandler) refers to ucos_ii.o(i.OSIntExit) for OSIntExit
    stm32f10x_it.o(i.SysTickHandler) refers to ucos_ii.o(.data) for OSIntNesting
    stm32f10x_it.o(i.TIM1_BRK_IRQHandler) refers to stm32f10x_tim1.o(i.TIM1_ClearFlag) for TIM1_ClearFlag
    stm32f10x_it.o(i.TIM1_CC_IRQHandler) refers to os_cpu_a.o(.text) for OS_ENTER_CRITICAL
    stm32f10x_it.o(i.TIM1_CC_IRQHandler) refers to stm32f10x_tim1.o(i.TIM1_GetITStatus) for TIM1_GetITStatus
    stm32f10x_it.o(i.TIM1_CC_IRQHandler) refers to stm32f10x_tim1.o(i.TIM1_ClearITPendingBit) for TIM1_ClearITPendingBit
    stm32f10x_it.o(i.TIM1_CC_IRQHandler) refers to stm32f10x_tim1.o(i.TIM1_GetCapture2) for TIM1_GetCapture2
    stm32f10x_it.o(i.TIM1_CC_IRQHandler) refers to stm32f10x_it.o(i.ir_parse) for ir_parse
    stm32f10x_it.o(i.TIM1_CC_IRQHandler) refers to stm32f10x_tim1.o(i.TIM1_GetCapture3) for TIM1_GetCapture3
    stm32f10x_it.o(i.TIM1_CC_IRQHandler) refers to ucos_ii.o(i.OSIntExit) for OSIntExit
    stm32f10x_it.o(i.TIM1_CC_IRQHandler) refers to ucos_ii.o(.data) for OSIntNesting
    stm32f10x_it.o(i.TIM1_CC_IRQHandler) refers to stm32f10x_it.o(.data) for .data
    stm32f10x_it.o(i.TIM1_CC_IRQHandler) refers to stm32f10x_it.o(.bss) for .bss
    stm32f10x_it.o(i.TIM1_TRG_COM_IRQHandler) refers to os_cpu_a.o(.text) for OS_ENTER_CRITICAL
    stm32f10x_it.o(i.TIM1_TRG_COM_IRQHandler) refers to stm32f10x_tim1.o(i.TIM1_ClearFlag) for TIM1_ClearFlag
    stm32f10x_it.o(i.TIM1_TRG_COM_IRQHandler) refers to ucos_ii.o(i.OSIntExit) for OSIntExit
    stm32f10x_it.o(i.TIM1_TRG_COM_IRQHandler) refers to ucos_ii.o(.data) for OSIntNesting
    stm32f10x_it.o(i.TIM1_UP_IRQHandler) refers to os_cpu_a.o(.text) for OS_ENTER_CRITICAL
    stm32f10x_it.o(i.TIM1_UP_IRQHandler) refers to stm32f10x_tim1.o(i.TIM1_GetITStatus) for TIM1_GetITStatus
    stm32f10x_it.o(i.TIM1_UP_IRQHandler) refers to stm32f10x_tim1.o(i.TIM1_ClearFlag) for TIM1_ClearFlag
    stm32f10x_it.o(i.TIM1_UP_IRQHandler) refers to ucos_ii.o(i.OSIntExit) for OSIntExit
    stm32f10x_it.o(i.TIM1_UP_IRQHandler) refers to ucos_ii.o(.data) for OSIntNesting
    stm32f10x_it.o(i.TIM2_IRQHandler) refers to os_cpu_a.o(.text) for OS_ENTER_CRITICAL
    stm32f10x_it.o(i.TIM2_IRQHandler) refers to stm32f10x_tim.o(i.TIM_GetITStatus) for TIM_GetITStatus
[...]
    i.side_motor_stop                        0x080044c8   Section        0  motor_hal.o(i.side_motor_stop)
    i.side_motor_test                        0x080044e8   Section        0  kdebug.o(i.side_motor_test)
    i.side_speed_configure                   0x08004620   Section        0  motor_hal.o(i.side_speed_configure)
    i.speed_measure_ext_configure            0x080046d4   Section        0  detect.o(i.speed_measure_ext_configure)
    i.speed_measure_ext_configure_init       0x08004718   Section        0  detect.o(i.speed_measure_ext_configure_init)
    i.startup_buzzer_ring                    0x08004754   Section        0  detect.o(i.startup_buzzer_ring)
    i.stm_delay_ms                           0x08004784   Section        0  mpu_i2c.o(i.stm_delay_ms)
    i.voltage_test                           0x0800479c   Section        0  kdebug.o(i.voltage_test)
    i.walk_motor_test                        0x080047c8   Section        0  kdebug.o(i.walk_motor_test)
    i.wrong                                  0x08004aa8   Section        0  stm32f10x_it.o(i.wrong)
    .constdata                               0x08004ac4   Section       20  stm32f10x_rcc.o(.constdata)
    ADCPrescTable                            0x08004ac4   Data           4  stm32f10x_rcc.o(.constdata)
    APBAHBPrescTable                         0x08004ac8   Data          16  stm32f10x_rcc.o(.constdata)
    .constdata                               0x08004ad8   Section       16  stm32f10x_tim.o(.constdata)
    Tab_OCModeMask                           0x08004ad8   Data           8  stm32f10x_tim.o(.constdata)
    Tab_PolarityMask                         0x08004ae0   Data           8  stm32f10x_tim.o(.constdata)
    .constdata                               0x08004ae8   Section      256  ucos_ii.o(.constdata)
    .constdata                               0x08004be8   Section       12  mpu_i2c.o(.constdata)
    .constdata                               0x08004bf4   Section       27  mpu_i2c.o(.constdata)
    .constdata                               0x08004c10   Section       40  mpu_i2c.o(.constdata)
    .data                                    0x20000000   Section        4  stm32f10x_it.o(.data)
    .data                                    0x20000004   Section      100  stm32f10x_it.o(.data)
    .data                                    0x20000068   Section        1  stm32f10x_target.o(.data)
    .data                                    0x2000006c   Section        8  stm32f10x_rcc.o(.data)
    HSEStatus                                0x2000006c   Data           1  stm32f10x_rcc.o(.data)
    StartUpCounter                           0x20000070   Data           4  stm32f10x_rcc.o(.data)
    .data                                    0x20000074   Section        4  os_cpu_c.o(.data)
    .data                                    0x20000078   Section       44  ucos_ii.o(.data)
    .data                                    0x200000a4   Section        4  create_task.o(.data)
    .data                                    0x200000a8   Section        1  detect.o(.data)
    .data                                    0x200000ac   Section       16  rf.o(.data)
    .data                                    0x200000bc   Section        1  motor_hal.o(.data)
    .data                                    0x200000bd   Section        1  kdebug.o(.data)
    .data                                    0x200000be   Section        4  hoover_disp.o(.data)
    .data                                    0x200000c2   Section       10  tm1637.o(.data)
    .data                                    0x200000cc   Section        5  tm1637.o(.data)
    .data                                    0x200000d4   Section       44  mpu_i2c.o(.data)
    st                                       0x200000d4   Data          44  mpu_i2c.o(.data)
    .bss                                     0x20000100   Section      728  stm32f10x_it.o(.bss)
    .bss                                     0x200003d8   Section     3676  ucos_ii.o(.bss)
    .bss                                     0x20001234   Section      256  main.o(.bss)
    .bss                                     0x20001334   Section      768  create_task.o(.bss)
    .bss                                     0x20001634   Section      396  detect.o(.bss)
    .bss                                     0x200017c0   Section       19  rf.o(.bss)
    .bss                                     0x200017d4   Section      192  rf.o(.bss)
    .bss                                     0x20001894   Section       60  kdebug.o(.bss)
    .bss                                     0x200018d0   Section       96  libspace.o(.bss)
    HEAP                                     0x20001930   Section      512  stm32f10x_startup.o(HEAP)
    Heap                                     0x20001930   Data           0  stm32f10x_startup.o(HEAP)
    STACK                                    0x20001b30   Section      512  stm32f10x_startup.o(STACK)
    Stack                                    0x20001b30   Data           0  stm32f10x_startup.o(STACK)

    Global Symbols

    Symbol Name                              Value     Ov Type        Size  Object(Section)

    BuildAttributes$$THM_ISAv4$P$D$K$B$S$PE$A:L22UL41UL21$X:L11$S22US41US21$IEEE1$IW$USESV6$~STKCKD$USESV7$~SHL$OSPACE$ROPI$EBA8$UX$STANDARDLIB$REQ8$PRES8$EABIv2 0x00000000   Number         0  anon$$obj.o ABSOLUTE
    __ARM_use_no_argv                        0x00000000   Number         0  main.o ABSOLUTE
    __ARM_exceptions_init                     - Undefined Weak Reference
    __alloca_initialize                       - Undefined Weak Reference
    __cpp_initialize__aeabi_                  - Undefined Weak Reference
    __cxa_finalize                            - Undefined Weak Reference
    __rt_locale                               - Undefined Weak Reference
    __sigvec_lookup                           - Undefined Weak Reference
    _atexit_init                              - Undefined Weak Reference
    _call_atexit_fns                          - Undefined Weak Reference
    _clock_init                               - Undefined Weak Reference
    _fp_trap_init                             - Undefined Weak Reference
    _fp_trap_shutdown                         - Undefined Weak Reference
    _get_lc_collate                           - Undefined Weak Reference
    _get_lc_ctype                             - Undefined Weak Reference
    _get_lc_monetary                          - Undefined Weak Reference
    _get_lc_numeric                           - Undefined Weak Reference
    _get_lc_time                              - Undefined Weak Reference
    _getenv_init                              - Undefined Weak Reference
    _handle_redirection                       - Undefined Weak Reference
    _init_alloc                               - Undefined Weak Reference
    _init_user_alloc                          - Undefined Weak Reference
    _initio                                   - Undefined Weak Reference
    _rand_init                                - Undefined Weak Reference
    _signal_finish                            - Undefined Weak Reference
    _signal_init                              - Undefined Weak Reference
    _terminate_alloc                          - Undefined Weak Reference
    _terminate_user_alloc                     - Undefined Weak Reference
    _terminateio                              - Undefined Weak Reference
    __Vectors                                0x08000000   Data           0  stm32f10x_startup.o(RESET)
    Reset_Handler                            0x08000101   Thumb Code     0  stm32f10x_startup.o(RESET)
    __main                                   0x08000119   Thumb Code     8  __main.o(!!!main)
    __scatterload                            0x08000121   Thumb Code     0  __scatter.o(!!!scatter)
    __scatterload_rt2                        0x08000121   Thumb Code    44  __scatter.o(!!!scatter)
    __scatterload_rt2_thumb_only             0x08000121   Thumb Code     0  __scatter.o(!!!scatter)
    __scatterload_null                       0x0800012f   Thumb Code     0  __scatter.o(!!!scatter)
    __scatterload_copy                       0x08000155   Thumb Code    26  __scatter_copy.o(!!handler_copy)
    __scatterload_zeroinit                   0x08000171   Thumb Code    28  __scatter_zi.o(!!handler_zi)
    __rt_lib_init                            0x0800018d   Thumb Code     0  libinit.o(.ARM.Collect$$libinit$$00000000)
    __rt_lib_init_alloca_1                   0x0800018f   Thumb Code     0  libinit2.o(.ARM.Collect$$libinit$$0000002C)
    __rt_lib_init_argv_1                     0x0800018f   Thumb Code     0  libinit2.o(.ARM.Collect$$libinit$$0000002A)
    __rt_lib_init_atexit_1                   0x0800018f   Thumb Code     0  libinit2.o(.ARM.Collect$$libinit$$00000019)
    __rt_lib_init_clock_1                    0x0800018f   Thumb Code     0  libinit2.o(.ARM.Collect$$libinit$$0000001F)
    __rt_lib_init_cpp_1                      0x0800018f   Thumb Code     0  libinit2.o(.ARM.Collect$$libinit$$00000030)
    __rt_lib_init_exceptions_1               0x0800018f   Thumb Code     0  libinit2.o(.ARM.Collect$$libinit$$0000002E)
    __rt_lib_init_fp_1                       0x0800018f   Thumb Code     0  libinit2.o(.ARM.Collect$$libinit$$00000002)
    __rt_lib_init_fp_trap_1                  0x0800018f   Thumb Code     0  libinit2.o(.ARM.Collect$$libinit$$0000001D)
    __rt_lib_init_getenv_1                   0x0800018f   Thumb Code     0  libinit2.o(.ARM.Collect$$libinit$$00000021)
    __rt_lib_init_heap_1                     0x0800018f   Thumb Code     0  libinit2.o(.ARM.Collect$$libinit$$00000008)
    __rt_lib_init_lc_collate_1               0x0800018f   Thumb Code     0  libinit2.o(.ARM.Collect$$libinit$$0000000F)
    __rt_lib_init_lc_ctype_1                 0x0800018f   Thumb Code     0  libinit2.o(.ARM.Collect$$libinit$$00000011)
    __rt_lib_init_lc_monetary_1              0x0800018f   Thumb Code     0  libinit2.o(.ARM.Collect$$libinit$$00000013)
    __rt_lib_init_lc_numeric_1               0x0800018f   Thumb Code     0  libinit2.o(.ARM.Collect$$libinit$$00000015)
    __rt_lib_init_lc_time_1                  0x0800018f   Thumb Code     0  libinit2.o(.ARM.Collect$$libinit$$00000017)
    __rt_lib_init_rand_1                     0x0800018f   Thumb Code     0  libinit2.o(.ARM.Collect$$libinit$$0000000C)
    __rt_lib_init_return                     0x0800018f   Thumb Code     0  libinit2.o(.ARM.Collect$$libinit$$00000031)
    __rt_lib_init_signal_1                   0x0800018f   Thumb Code     0  libinit2.o(.ARM.Collect$$libinit$$0000001B)
    __rt_lib_init_stdio_1                    0x0800018f   Thumb Code     0  libinit2.o(.ARM.Collect$$libinit$$00000023)
    __rt_lib_init_user_alloc_1               0x0800018f   Thumb Code     0  libinit2.o(.ARM.Collect$$libinit$$0000000A)
    __rt_lib_shutdown                        0x08000191   Thumb Code     0  libshutdown.o(.ARM.Collect$$libshutdown$$00000000)
    __rt_lib_shutdown_fp_trap_1              0x08000193   Thumb Code     0  libshutdown2.o(.ARM.Collect$$libshutdown$$00000006)
    __rt_lib_shutdown_heap_1                 0x08000193   Thumb Code     0  libshutdown2.o(.ARM.Collect$$libshutdown$$0000000E)
    __rt_lib_shutdown_return                 0x08000193   Thumb Code     0  libshutdown2.o(.ARM.Collect$$libshutdown$$0000000F)
    __rt_lib_shutdown_signal_1               0x08000193   Thumb Code     0  libshutdown2.o(.ARM.Collect$$libshutdown$$00000009)
    __rt_lib_shutdown_stdio_1                0x08000193   Thumb Code     0  libshutdown2.o(.ARM.Collect$$libshutdown$$00000003)
    __rt_lib_shutdown_user_alloc_1           0x08000193   Thumb Code     0  libshutdown2.o(.ARM.Collect$$libshutdown$$0000000B)
    __rt_entry                               0x08000195   Thumb Code     0  rtentry.o(.ARM.Collect$$rtentry$$00000000)
    __rt_entry_presh_1                       0x08000195   Thumb Code     0  rtentry2.o(.ARM.Collect$$rtentry$$00000002)
    __rt_entry_sh                            0x08000195   Thumb Code     0  rtentry4.o(.ARM.Collect$$rtentry$$00000004)
    __rt_entry_li                            0x0800019b   Thumb Code     0  rtentry2.o(.ARM.Collect$$rtentry$$0000000A)
    __rt_entry_postsh_1                      0x0800019b   Thumb Code     0  rtentry2.o(.ARM.Collect$$rtentry$$00000009)
    __rt_entry_main                          0x0800019f   Thumb Code     0  rtentry2.o(.ARM.Collect$$rtentry$$0000000D)
    __rt_entry_postli_1                      0x0800019f   Thumb Code     0  rtentry2.o(.ARM.Collect$$rtentry$$0000000C)
    __rt_exit                                0x080001a7   Thumb Code     0  rtexit.o(.ARM.Collect$$rtexit$$00000000)
    __rt_exit_ls                             0x080001a9   Thumb Code     0  rtexit2.o(.ARM.Collect$$rtexit$$00000003)
    __rt_exit_prels_1                        0x080001a9   Thumb Code     0  rtexit2.o(.ARM.Collect$$rtexit$$00000002)
    __rt_exit_exit                           0x080001ad   Thumb Code     0  rtexit2.o(.ARM.Collect$$rtexit$$00000004)
    __user_initial_stackheap                 0x080001b5   Thumb Code     0  stm32f10x_startup.o(.text)
    OS_ENTER_CRITICAL                        0x080001d1   Thumb Code     0  os_cpu_a.o(.text)
    OS_EXIT_CRITICAL                         0x080001e3   Thumb Code     0  os_cpu_a.o(.text)
    OSStartHighRdy                           0x080001fd   Thumb Code     0  os_cpu_a.o(.text)
    OSCtxSw                                  0x0800021f   Thumb Code     0  os_cpu_a.o(.text)
    OSIntCtxSw                               0x0800022d   Thumb Code     0  os_cpu_a.o(.text)
    OSPendSV                                 0x0800023d   Thumb Code     0  os_cpu_a.o(.text)
    ItDisAll                                 0x0800028b   Thumb Code     0  os_cpu_a.o(.text)
    __use_two_region_memory                  0x080002b9   Thumb Code     2  heapauxi.o(.text)
    __rt_heap_escrow$2region                 0x080002bb   Thumb Code     2  heapauxi.o(.text)
    __rt_heap_expand$2region                 0x080002bd   Thumb Code     2  heapauxi.o(.text)
    __user_setup_stackheap                   0x080002bf   Thumb Code    74  sys_stackheap_outer.o(.text)
    exit                                     0x08000309   Thumb Code    12  exit.o(.text)
    __user_libspace                          0x08000315   Thumb Code     8  libspace.o(.text)
    __user_perproc_libspace                  0x08000315   Thumb Code     0  libspace.o(.text)
    __user_perthread_libspace                0x08000315   Thumb Code     0  libspace.o(.text)
    _sys_exit                                0x0800031d   Thumb Code     8  sys_exit.o(.text)
    __I$use$semihosting                      0x08000329   Thumb Code     0  use_no_semi.o(.text)
    __use_no_semihosting_swi                 0x08000329   Thumb Code     2  use_no_semi.o(.text)
    ADC_Cmd                                  0x0800032b   Thumb Code    20  stm32f10x_adc.o(i.ADC_Cmd)
    __semihosting_library_function           0x0800032b   Thumb Code     0  indicate_semi.o(.text)
    ADC_DMACmd                               0x0800033f   Thumb Code    22  stm32f10x_adc.o(i.ADC_DMACmd)
    ADC_GetCalibrationStatus                 0x08000355   Thumb Code    14  stm32f10x_adc.o(i.ADC_GetCalibrationStatus)
    ADC_GetResetCalibrationStatus            0x08000363   Thumb Code    14  stm32f10x_adc.o(i.ADC_GetResetCalibrationStatus)
    ADC_IRQHandler                           0x08000371   Thumb Code     2  stm32f10x_it.o(i.ADC_IRQHandler)
    ADC_Init                                 0x08000375   Thumb Code    62  stm32f10x_adc.o(i.ADC_Init)
    ADC_RegularChannelConfig                 0x080003bd   Thumb Code   116  stm32f10x_adc.o(i.ADC_RegularChannelConfig)
    ADC_ResetCalibration                     0x08000431   Thumb Code    10  stm32f10x_adc.o(i.ADC_ResetCalibration)
    ADC_SoftwareStartConvCmd                 0x0800043b   Thumb Code    20  stm32f10x_adc.o(i.ADC_SoftwareStartConvCmd)
    ADC_StartCalibration                     0x0800044f   Thumb Code    10  stm32f10x_adc.o(i.ADC_StartCalibration)
    BCD_To_Decimal                           0x08000459   Thumb Code    18  pcf8563.o(i.BCD_To_Decimal)
    CAN_RX1_IRQHandler                       0x0800046b   Thumb Code     2  stm32f10x_it.o(i.CAN_RX1_IRQHandler)
    CAN_SCE_IRQHandler                       0x0800046d   Thumb Code     2  stm32f10x_it.o(i.CAN_SCE_IRQHandler)
    DETECT_GPIO_Config                       0x08000471   Thumb Code   412  detect.o(i.DETECT_GPIO_Config)
    DISPLAY_GPIO_Configure                   0x08000621   Thumb Code   148  display.o(i.DISPLAY_GPIO_Configure)
    DMAChannel1_IRQHandler                   0x080006bd   Thumb Code     2  stm32f10x_it.o(i.DMAChannel1_IRQHandler)
    DMAChannel2_IRQHandler                   0x080006c1   Thumb Code    20  stm32f10x_it.o(i.DMAChannel2_IRQHandler)
    DMAChannel3_IRQHandler                   0x080006d9   Thumb Code    22  stm32f10x_it.o(i.DMAChannel3_IRQHandler)
    DMAChannel4_IRQHandler                   0x080006f5   Thumb Code    22  stm32f10x_it.o(i.DMAChannel4_IRQHandler)
    DMAChannel5_IRQHandler                   0x08000711   Thumb Code     2  stm32f10x_it.o(i.DMAChannel5_IRQHandler)
    DMAChannel6_IRQHandler                   0x08000713   Thumb Code     2  stm32f10x_it.o(i.DMAChannel6_IRQHandler)
    DMAChannel7_IRQHandler                   0x08000715   Thumb Code     2  stm32f10x_it.o(i.DMAChannel7_IRQHandler)
    DMA_ClearFlag                            0x08000719   Thumb Code     6  stm32f10x_dma.o(i.DMA_ClearFlag)
    DMA_Cmd                                  0x08000725   Thumb Code    20  stm32f10x_dma.o(i.DMA_Cmd)
    DMA_DeInit                               0x08000739   Thumb Code   118  stm32f10x_dma.o(i.DMA_DeInit)
    DMA_Init                                 0x080007b9   Thumb Code    58  stm32f10x_dma.o(i.DMA_Init)
    DS1302_GetTime                           0x080007f5   Thumb Code    98  pcf8563.o(i.DS1302_GetTime)
    EXTI0_IRQHandler                         0x08000875   Thumb Code    26  stm32f10x_it.o(i.EXTI0_IRQHandler)
    EXTI15_10_IRQHandler                     0x08000895   Thumb Code    60  stm32f10x_it.o(i.EXTI15_10_IRQHandler)
    EXTI1_IRQHandler                         0x080008d9   Thumb Code    26  stm32f10x_it.o(i.EXTI1_IRQHandler)
    EXTI2_IRQHandler                         0x080008f9   Thumb Code     2  stm32f10x_it.o(i.EXTI2_IRQHandler)
    EXTI3_IRQHandler                         0x080008fb   Thumb Code     2  stm32f10x_it.o(i.EXTI3_IRQHandler)
    EXTI4_IRQHandler                         0x080008fd   Thumb Code     2  stm32f10x_it.o(i.EXTI4_IRQHandler)
    EXTI9_5_IRQHandler                       0x08000901   Thumb Code    60  stm32f10x_it.o(i.EXTI9_5_IRQHandler)
    EXTI_ClearFlag                           0x08000945   Thumb Code     6  stm32f10x_exti.o(i.EXTI_ClearFlag)
    EXTI_ClearITPendingBit                   0x08000951   Thumb Code     6  stm32f10x_exti.o(i.EXTI_ClearITPendingBit)
    EXTI_GetITStatus                         0x0800095d   Thumb Code    28  stm32f10x_exti.o(i.EXTI_GetITStatus)
    EXTI_Init                                0x0800097d   Thumb Code    82  stm32f10x_exti.o(i.EXTI_Init)
    FLASH_IRQHandler                         0x080009d5   Thumb Code     2  stm32f10x_it.o(i.FLASH_IRQHandler)
    FLASH_PrefetchBufferCmd                  0x080009d9   Thumb Code    18  stm32f10x_flash.o(i.FLASH_PrefetchBufferCmd)
    FLASH_SetLatency                         0x080009f1   Thumb Code    18  stm32f10x_flash.o(i.FLASH_SetLatency)
    GPIO_DeInit                              0x08000a09   Thumb Code   112  stm32f10x_gpio.o(i.GPIO_DeInit)
    GPIO_EXTILineConfig                      0x08000a81   Thumb Code    34  stm32f10x_gpio.o(i.GPIO_EXTILineConfig)
    GPIO_Init                                0x08000aa9   Thumb Code   150  stm32f10x_gpio.o(i.GPIO_Init)
    GPIO_PinRemapConfig                      0x08000b41   Thumb Code    56  stm32f10x_gpio.o(i.GPIO_PinRemapConfig)
    GPIO_ReadInputDataBit                    0x08000b7d   Thumb Code    14  stm32f10x_gpio.o(i.GPIO_ReadInputDataBit)
    GPIO_WriteBit                            0x08000b8b   Thumb Code    18  stm32f10x_gpio.o(i.GPIO_WriteBit)
    I2C1_ER_IRQHandler                       0x08000b9d   Thumb Code     2  stm32f10x_it.o(i.I2C1_ER_IRQHandler)
    I2C1_EV_IRQHandler                       0x08000b9f   Thumb Code     2  stm32f10x_it.o(i.I2C1_EV_IRQHandler)
    I2C2_ER_IRQHandler                       0x08000ba1   Thumb Code     2  stm32f10x_it.o(i.I2C2_ER_IRQHandler)
    I2C2_EV_IRQHandler                       0x08000ba3   Thumb Code     2  stm32f10x_it.o(i.I2C2_EV_IRQHandler)
    I2CStart                                 0x08000ba5   Thumb Code    48  tm1637.o(i.I2CStart)
    I2CStop                                  0x08000bdd   Thumb Code    76  tm1637.o(i.I2CStop)
    I2CWrByte                                0x08000c31   Thumb Code    86  tm1637.o(i.I2CWrByte)
    I2Cask                                   0x08000d99   Thumb Code    86  tm1637.o(i.I2Cask)
    IIC_Ack                                  0x08000df9   Thumb Code    34  pcf8563.o(i.IIC_Ack)
    IIC_NAck                                 0x08000e21   Thumb Code    34  pcf8563.o(i.IIC_NAck)
    IIC_PCF8563_Init                         0x08000e49   Thumb Code    40  pcf8563.o(i.IIC_PCF8563_Init)
    IIC_Read_Addr                            0x08000e75   Thumb Code    58  pcf8563.o(i.IIC_Read_Addr)
    IIC_Read_Byte                            0x08000eb1   Thumb Code    80  pcf8563.o(i.IIC_Read_Byte)
    IIC_Send_Byte                            0x08000f05   Thumb Code    66  pcf8563.o(i.IIC_Send_Byte)
    IIC_Start                                0x08000f4d   Thumb Code    34  pcf8563.o(i.IIC_Start)
    IIC_Stop                                 0x08000f75   Thumb Code    42  pcf8563.o(i.IIC_Stop)
    IIC_Wait_Ack                             0x08000fa5   Thumb Code    64  pcf8563.o(i.IIC_Wait_Ack)
    IIC_Write_Addr                           0x08000fe9   Thumb Code    48  pcf8563.o(i.IIC_Write_Addr)
    LED_DAT_INPUT                            0x08001019   Thumb Code    30  tm1637.o(i.LED_DAT_INPUT)
    LED_DAT_OUTPUT                           0x0800103d   Thumb Code    30  tm1637.o(i.LED_DAT_OUTPUT)
    Motor_GPIO_Configuration                 0x080010b1   Thumb Code    90  motor_hal.o(i.Motor_GPIO_Configuration)
    Motor_TIM4_Configuration                 0x08001115   Thumb Code   142  motor_hal.o(i.Motor_TIM4_Configuration)
    NVIC_DeInit                              0x08001285   Thumb Code    36  stm32f10x_nvic.o(i.NVIC_DeInit)
    NVIC_Init                                0x080012b1   Thumb Code   114  stm32f10x_nvic.o(i.NVIC_Init)
    NVIC_PriorityGroupConfig                 0x0800132d   Thumb Code    10  stm32f10x_nvic.o(i.NVIC_PriorityGroupConfig)
    NVIC_SetVectorTable                      0x08001341   Thumb Code    12  stm32f10x_nvic.o(i.NVIC_SetVectorTable)
    NVIC_SystemHandlerPriorityConfig         0x08001355   Thumb Code    72  stm32f10x_nvic.o(i.NVIC_SystemHandlerPriorityConfig)
    OSDebugInit                              0x080013a1   Thumb Code     2  os_dbg.o(i.OSDebugInit)
    OSInit                                   0x080013a5   Thumb Code   228  ucos_ii.o(i.OSInit)
    OSInitHookBegin                          0x080014ad   Thumb Code     2  os_cpu_c.o(i.OSInitHookBegin)
    OSInitHookEnd                            0x080014af   Thumb Code     2  os_cpu_c.o(i.OSInitHookEnd)
    OSIntExit                                0x080014b1   Thumb Code    78  ucos_ii.o(i.OSIntExit)
    OSSemCreate                              0x08001509   Thumb Code    52  ucos_ii.o(i.OSSemCreate)
    OSStart                                  0x08001541   Thumb Code    38  ucos_ii.o(i.OSStart)
    OSTCBInitHook                            0x08001571   Thumb Code     2  os_cpu_c.o(i.OSTCBInitHook)
    OSTaskCreateExt                          0x08001575   Thumb Code   142  ucos_ii.o(i.OSTaskCreateExt)
    OSTaskCreateHook                         0x0800160d   Thumb Code     2  os_cpu_c.o(i.OSTaskCreateHook)
    OSTaskIdleHook                           0x08001611   Thumb Code     8  os_cpu_c.o(i.OSTaskIdleHook)
    OSTaskNameSet                            0x0800161d   Thumb Code    84  ucos_ii.o(i.OSTaskNameSet)
    OSTaskStkInit                            0x08001679   Thumb Code   114  os_cpu_c.o(i.OSTaskStkInit)
    OSTaskSuspend                            0x080016ed   Thumb Code   122  ucos_ii.o(i.OSTaskSuspend)
    OSTaskSwHook                             0x08001771   Thumb Code     2  os_cpu_c.o(i.OSTaskSwHook)
    OSTimeDly                                0x08001775   Thumb Code    58  ucos_ii.o(i.OSTimeDly)
    OSTimeDlyHMSM                            0x080017b9   Thumb Code    78  ucos_ii.o(i.OSTimeDlyHMSM)
    OSTimeGet                                0x08001809   Thumb Code    18  ucos_ii.o(i.OSTimeGet)
    OSTimeTick                               0x08001821   Thumb Code   126  ucos_ii.o(i.OSTimeTick)
    OS_EventWaitListInit                     0x080018a9   Thumb Code    22  ucos_ii.o(i.OS_EventWaitListInit)
    OS_MemClr                                0x080018bf   Thumb Code    18  ucos_ii.o(i.OS_MemClr)
    OS_MemInit                               0x080018d1   Thumb Code    60  ucos_ii.o(i.OS_MemInit)
    OS_Sched                                 0x08001915   Thumb Code    60  ucos_ii.o(i.OS_Sched)
    OS_StrCopy                               0x080019ad   Thumb Code    28  ucos_ii.o(i.OS_StrCopy)
    OS_StrLen                                0x080019c9   Thumb Code    20  ucos_ii.o(i.OS_StrLen)
    OS_TCBInit                               0x080019dd   Thumb Code   202  ucos_ii.o(i.OS_TCBInit)
    OS_TaskIdle                              0x08001ab1   Thumb Code    22  ucos_ii.o(i.OS_TaskIdle)
    OS_TaskStkClr                            0x08001acd   Thumb Code    22  ucos_ii.o(i.OS_TaskStkClr)
    PVD_IRQHandler                           0x08001ae3   Thumb Code     2  stm32f10x_it.o(i.PVD_IRQHandler)
    PWR_BackupAccessCmd                      0x08001b51   Thumb Code     6  stm32f10x_pwr.o(i.PWR_BackupAccessCmd)
    RCC_ADCCLKConfig                         0x08001b5d   Thumb Code    14  stm32f10x_rcc.o(i.RCC_ADCCLKConfig)
    RCC_AHBPeriphClockCmd                    0x08001b71   Thumb Code    18  stm32f10x_rcc.o(i.RCC_AHBPeriphClockCmd)
    RCC_APB1PeriphClockCmd                   0x08001b89   Thumb Code    18  stm32f10x_rcc.o(i.RCC_APB1PeriphClockCmd)
    RCC_APB1PeriphResetCmd                   0x08001ba1   Thumb Code    18  stm32f10x_rcc.o(i.RCC_APB1PeriphResetCmd)
    RCC_APB2PeriphClockCmd                   0x08001bb9   Thumb Code    18  stm32f10x_rcc.o(i.RCC_APB2PeriphClockCmd)
    RCC_APB2PeriphResetCmd                   0x08001bd1   Thumb Code    18  stm32f10x_rcc.o(i.RCC_APB2PeriphResetCmd)
    RCC_Configuration                        0x08001be9   Thumb Code   228  stm32f10x_target.o(i.RCC_Configuration)
    RCC_DeInit                               0x08001ce1   Thumb Code    60  stm32f10x_rcc.o(i.RCC_DeInit)
    RCC_GetClocksFreq                        0x08001d29   Thumb Code   130  stm32f10x_rcc.o(i.RCC_GetClocksFreq)
    RCC_GetFlagStatus                        0x08001dbd   Thumb Code    42  stm32f10x_rcc.o(i.RCC_GetFlagStatus)
    RCC_GetSYSCLKSource                      0x08001ded   Thumb Code    10  stm32f10x_rcc.o(i.RCC_GetSYSCLKSource)
    RCC_HCLKConfig                           0x08001dfd   Thumb Code    14  stm32f10x_rcc.o(i.RCC_HCLKConfig)
    RCC_HSEConfig                            0x08001e11   Thumb Code    48  stm32f10x_rcc.o(i.RCC_HSEConfig)
    RCC_IRQHandler                           0x08001e45   Thumb Code     2  stm32f10x_it.o(i.RCC_IRQHandler)
    RCC_PCLK1Config                          0x08001e49   Thumb Code    14  stm32f10x_rcc.o(i.RCC_PCLK1Config)
    RCC_PCLK2Config                          0x08001e5d   Thumb Code    16  stm32f10x_rcc.o(i.RCC_PCLK2Config)
    RCC_PLLCmd                               0x08001e71   Thumb Code     6  stm32f10x_rcc.o(i.RCC_PLLCmd)
    RCC_PLLConfig                            0x08001e7d   Thumb Code    16  stm32f10x_rcc.o(i.RCC_PLLConfig)
    RCC_SYSCLKConfig                         0x08001e91   Thumb Code    14  stm32f10x_rcc.o(i.RCC_SYSCLKConfig)
    RCC_WaitForHSEStartUp                    0x08001ea5   Thumb Code    42  stm32f10x_rcc.o(i.RCC_WaitForHSEStartUp)
    RTCAlarm_IRQHandler                      0x08001ed5   Thumb Code     2  stm32f10x_it.o(i.RTCAlarm_IRQHandler)
    RTC_IRQHandler                           0x08001ed7   Thumb Code     2  stm32f10x_it.o(i.RTC_IRQHandler)
    SDA_IN                                   0x08001ed9   Thumb Code    32  pcf8563.o(i.SDA_IN)
    SDA_OUT                                  0x08001efd   Thumb Code    32  pcf8563.o(i.SDA_OUT)
    SPI1_IRQHandler                          0x08001f21   Thumb Code     2  stm32f10x_it.o(i.SPI1_IRQHandler)
    SPI2_IRQHandler                          0x08001f23   Thumb Code     2  stm32f10x_it.o(i.SPI2_IRQHandler)
    SmgDisplay                               0x08001f25   Thumb Code    82  tm1637.o(i.SmgDisplay)
    SmgDisplay0                              0x08001f77   Thumb Code    76  tm1637.o(i.SmgDisplay0)
    SysTickHandler                           0x08001fc5   Thumb Code    30  stm32f10x_it.o(i.SysTickHandler)
    SysTick_CLKSourceConfig                  0x08001fe9   Thumb Code    24  stm32f10x_systick.o(i.SysTick_CLKSourceConfig)
    SysTick_CounterCmd                       0x08002001   Thumb Code    32  stm32f10x_systick.o(i.SysTick_CounterCmd)
    SysTick_ITConfig                         0x08002021   Thumb Code    24  stm32f10x_systick.o(i.SysTick_ITConfig)
    SysTick_SetReload                        0x08002039   Thumb Code     8  stm32f10x_systick.o(i.SysTick_SetReload)
    TAMPER_IRQHandler                        0x08002041   Thumb Code     2  stm32f10x_it.o(i.TAMPER_IRQHandler)
    TIM1_ARRPreloadConfig                    0x08002111   Thumb Code     6  stm32f10x_tim1.o(i.TIM1_ARRPreloadConfig)
    TIM1_BRK_IRQHandler                      0x0800211d   Thumb Code     6  stm32f10x_it.o(i.TIM1_BRK_IRQHandler)
    TIM1_CC_IRQHandler                       0x08002125   Thumb Code   158  stm32f10x_it.o(i.TIM1_CC_IRQHandler)
    TIM1_ClearFlag                           0x080021d1   Thumb Code    10  stm32f10x_tim1.o(i.TIM1_ClearFlag)
    TIM1_ClearITPendingBit                   0x080021e1   Thumb Code    10  stm32f10x_tim1.o(i.TIM1_ClearITPendingBit)
    TIM1_Cmd                                 0x080021f1   Thumb Code     6  stm32f10x_tim1.o(i.TIM1_Cmd)
    TIM1_DeInit                              0x080021fd   Thumb Code    24  stm32f10x_tim1.o(i.TIM1_DeInit)
    TIM1_GetCapture2                         0x08002215   Thumb Code     6  stm32f10x_tim1.o(i.TIM1_GetCapture2)
    TIM1_GetCapture3                         0x08002221   Thumb Code     6  stm32f10x_tim1.o(i.TIM1_GetCapture3)
    TIM1_GetITStatus                         0x0800222d   Thumb Code    30  stm32f10x_tim1.o(i.TIM1_GetITStatus)
    TIM1_ICInit                              0x08002251   Thumb Code   150  stm32f10x_tim1.o(i.TIM1_ICInit)
    TIM1_ITConfig                            0x080022f1   Thumb Code    18  stm32f10x_tim1.o(i.TIM1_ITConfig)
    TIM1_SetIC1Prescaler                     0x08002309   Thumb Code    16  stm32f10x_tim1.o(i.TIM1_SetIC1Prescaler)
    TIM1_SetIC2Prescaler                     0x0800231d   Thumb Code    24  stm32f10x_tim1.o(i.TIM1_SetIC2Prescaler)
    TIM1_SetIC3Prescaler                     0x08002339   Thumb Code    16  stm32f10x_tim1.o(i.TIM1_SetIC3Prescaler)
    TIM1_SetIC4Prescaler                     0x0800234d   Thumb Code    24  stm32f10x_tim1.o(i.TIM1_SetIC4Prescaler)
    TIM1_TRG_COM_IRQHandler                  0x08002369   Thumb Code    32  stm32f10x_it.o(i.TIM1_TRG_COM_IRQHandler)
    TIM1_TimeBaseInit                        0x0800238d   Thumb Code    46  stm32f10x_tim1.o(i.TIM1_TimeBaseInit)
    TIM1_UP_IRQHandler                       0x080023c1   Thumb Code    40  stm32f10x_it.o(i.TIM1_UP_IRQHandler)
    TIM2_IRQHandler                          0x080023ed   Thumb Code   284  stm32f10x_it.o(i.TIM2_IRQHandler)
    TIM3_IRQHandler                          0x08002511   Thumb Code     2  stm32f10x_it.o(i.TIM3_IRQHandler)
    TIM4_IRQHandler                          0x08002515   Thumb Code    46  stm32f10x_it.o(i.TIM4_IRQHandler)
    TIM_ARRPreloadConfig                     0x0800254d   Thumb Code    20  stm32f10x_tim.o(i.TIM_ARRPreloadConfig)
    TIM_ClearFlag                            0x08002561   Thumb Code     8  stm32f10x_tim.o(i.TIM_ClearFlag)
    TIM_ClearITPendingBit                    0x08002569   Thumb Code     8  stm32f10x_tim.o(i.TIM_ClearITPendingBit)
    TIM_Cmd                                  0x08002571   Thumb Code    22  stm32f10x_tim.o(i.TIM_Cmd)
    TIM_DeInit                               0x08002589   Thumb Code    70  stm32f10x_tim.o(i.TIM_DeInit)
    TIM_GetCapture1                          0x080025d5   Thumb Code     4  stm32f10x_tim.o(i.TIM_GetCapture1)
    TIM_GetCapture2                          0x080025d9   Thumb Code     4  stm32f10x_tim.o(i.TIM_GetCapture2)
    TIM_GetCapture3                          0x080025dd   Thumb Code     4  stm32f10x_tim.o(i.TIM_GetCapture3)
    TIM_GetCapture4                          0x080025e1   Thumb Code     6  stm32f10x_tim.o(i.TIM_GetCapture4)
    TIM_GetITStatus                          0x080025e7   Thumb Code    24  stm32f10x_tim.o(i.TIM_GetITStatus)
    TIM_ICInit                               0x080025ff   Thumb Code   222  stm32f10x_tim.o(i.TIM_ICInit)
    TIM_ITConfig                             0x080026dd   Thumb Code    16  stm32f10x_tim.o(i.TIM_ITConfig)
    TIM_OC1PreloadConfig                     0x080026ed   Thumb Code    14  stm32f10x_tim.o(i.TIM_OC1PreloadConfig)
    TIM_OC3PreloadConfig                     0x080026fb   Thumb Code    14  stm32f10x_tim.o(i.TIM_OC3PreloadConfig)
    TIM_OC4PreloadConfig                     0x08002709   Thumb Code    22  stm32f10x_tim.o(i.TIM_OC4PreloadConfig)
    TIM_OCInit                               0x08002721   Thumb Code   214  stm32f10x_tim.o(i.TIM_OCInit)
    TIM_OC_Config                            0x080027fd   Thumb Code    62  stm32f10x_tim.o(i.TIM_OC_Config)
    TIM_PrescalerConfig                      0x0800283b   Thumb Code    22  stm32f10x_tim.o(i.TIM_PrescalerConfig)
    TIM_SetIC1Prescaler                      0x08002851   Thumb Code    14  stm32f10x_tim.o(i.TIM_SetIC1Prescaler)
    TIM_SetIC2Prescaler                      0x0800285f   Thumb Code    22  stm32f10x_tim.o(i.TIM_SetIC2Prescaler)
    TIM_SetIC3Prescaler                      0x08002875   Thumb Code    14  stm32f10x_tim.o(i.TIM_SetIC3Prescaler)
    TIM_SetIC4Prescaler                      0x08002883   Thumb Code    22  stm32f10x_tim.o(i.TIM_SetIC4Prescaler)
    TIM_TimeBaseInit                         0x08002899   Thumb Code    30  stm32f10x_tim.o(i.TIM_TimeBaseInit)
    Target_Init                              0x080028b9   Thumb Code    48  stm32f10x_target.o(i.Target_Init)
    Tmr_TickInit                             0x080028fd   Thumb Code    30  stm32f10x_target.o(i.Tmr_TickInit)
    UART_onfiguration                        0x08002921   Thumb Code   142  uart.o(i.UART_onfiguration)
    USART1_IRQHandler                        0x080029b9   Thumb Code    94  stm32f10x_it.o(i.USART1_IRQHandler)
    USART2_IRQHandler                        0x08002a25   Thumb Code    26  stm32f10x_it.o(i.USART2_IRQHandler)
    USART3_IRQHandler                        0x08002a45   Thumb Code     2  stm32f10x_it.o(i.USART3_IRQHandler)
    USART_ClearITPendingBit                  0x08002a47   Thumb Code    14  stm32f10x_usart.o(i.USART_ClearITPendingBit)
    USART_Cmd                                0x08002a55   Thumb Code    20  stm32f10x_usart.o(i.USART_Cmd)
    USART_GetFlagStatus                      0x08002a69   Thumb Code    14  stm32f10x_usart.o(i.USART_GetFlagStatus)
    USART_GetITStatus                        0x08002a77   Thumb Code    62  stm32f10x_usart.o(i.USART_GetITStatus)
    USART_ITConfig                           0x08002ab5   Thumb Code    48  stm32f10x_usart.o(i.USART_ITConfig)
    USART_Init                               0x08002ae5   Thumb Code   150  stm32f10x_usart.o(i.USART_Init)
    USART_ReceiveData                        0x08002b81   Thumb Code     8  stm32f10x_usart.o(i.USART_ReceiveData)
    USART_SendChar                           0x08002b89   Thumb Code    22  uart.o(i.USART_SendChar)
    USBWakeUp_IRQHandler                     0x08002ba5   Thumb Code     2  stm32f10x_it.o(i.USBWakeUp_IRQHandler)
    USB_HP_CAN_TX_IRQHandler                 0x08002ba7   Thumb Code     2  stm32f10x_it.o(i.USB_HP_CAN_TX_IRQHandler)
    USB_LP_CAN_RX0_IRQHandler                0x08002ba9   Thumb Code     2  stm32f10x_it.o(i.USB_LP_CAN_RX0_IRQHandler)
    WWDG_IRQHandler                          0x08002bab   Thumb Code     2  stm32f10x_it.o(i.WWDG_IRQHandler)
    average                                  0x08002bad   Thumb Code    60  detect.o(i.average)
    create_os_mailbox                        0x08002be9   Thumb Code     2  create_task.o(i.create_os_mailbox)
    create_os_mutex                          0x08002beb   Thumb Code     2  create_task.o(i.create_os_mutex)
    create_os_queue                          0x08002bed   Thumb Code     2  create_task.o(i.create_os_queue)
    create_os_semphore                       0x08002bf1   Thumb Code    14  create_task.o(i.create_os_semphore)
    create_os_task                           0x08002c05   Thumb Code   122  create_task.o(i.create_os_task)
    create_os_timer                          0x08002cd1   Thumb Code     2  create_task.o(i.create_os_timer)
    create_task_status                       0x08002cd3   Thumb Code     2  create_task.o(i.create_task_status)
    debug_task_core                          0x08002cd5   Thumb Code    26  kdebug.o(i.debug_task_core)
    delay                                    0x08002cf5   Thumb Code    18  pcf8563.o(i.delay)
    detect_init                              0x08002d09   Thumb Code    88  detect.o(i.detect_init)
    detect_open                              0x08002d89   Thumb Code    64  detect.o(i.detect_open)
    drop_test                                0x08002dd5   Thumb Code   412  kdebug.o(i.drop_test)
    dtd_adc_init                             0x08003051   Thumb Code   358  detect.o(i.dtd_adc_init)
    dust_motor_forward                       0x080031c5   Thumb Code    42  motor_hal.o(i.dust_motor_forward)
    dust_motor_stop                          0x08003219   Thumb Code    26  motor_hal.o(i.dust_motor_stop)
    dust_motor_test                          0x08003239   Thumb Code   200  kdebug.o(i.dust_motor_test)
    hor_test                                 0x08003365   Thumb Code   484  kdebug.o(i.hor_test)
    i2cInit                                  0x08003659   Thumb Code    86  mpu_i2c.o(i.i2cInit)
    i2cWriteBuffer                           0x080036b5   Thumb Code    84  mpu_i2c.o(i.i2cWriteBuffer)
    i2cwrite                                 0x08003709   Thumb Code    16  mpu_i2c.o(i.i2cwrite)
    interaction_task_core                    0x08003775   Thumb Code   102  rf.o(i.interaction_task_core)
    ir_check_long_key                        0x080037f1   Thumb Code   104  stm32f10x_it.o(i.ir_check_long_key)
    ir_parse                                 0x08003861   Thumb Code   458  stm32f10x_it.o(i.ir_parse)
    ir_recv_ext_config                       0x08003a35   Thumb Code   468  detect.o(i.ir_recv_ext_config)
    led_down                                 0x08003c19   Thumb Code    14  tm1637.o(i.led_down)
    led_gpio_init                            0x08003c2d   Thumb Code    50  tm1637.o(i.led_gpio_init)
    led_init                                 0x08003c69   Thumb Code    48  tm1637.o(i.led_init)
    led_light                                0x08003c9d   Thumb Code    24  tm1637.o(i.led_light)
    led_update                               0x08003cb5   Thumb Code     8  tm1637.o(i.led_update)
    left_motor_backward                      0x08003cc1   Thumb Code    90  motor_hal.o(i.left_motor_backward)
    left_motor_forward                       0x08003d25   Thumb Code    90  motor_hal.o(i.left_motor_forward)
    left_motor_stop                          0x08003d89   Thumb Code    42  motor_hal.o(i.left_motor_stop)
    main                                     0x08003db9   Thumb Code    80  main.o(i.main)
    main_motor_left                          0x08003e29   Thumb Code    34  motor_hal.o(i.main_motor_left)
    main_motor_stop                          0x08003e51   Thumb Code    22  motor_hal.o(i.main_motor_stop)
    main_motor_test                          0x08003e6d   Thumb Code   140  kdebug.o(i.main_motor_test)
    mpu_init                                 0x08003f41   Thumb Code    76  mpu_i2c.o(i.mpu_init)
    mpu_test                                 0x08003fa9   Thumb Code    60  kdebug.o(i.mpu_test)
    pannel_led_control                       0x08003fed   Thumb Code    52  rf.o(i.pannel_led_control)
    poll_ir_key                              0x08004025   Thumb Code   184  detect.o(i.poll_ir_key)
    printf                                   0x08004111   Thumb Code   212  uart.o(i.printf)
    right_motor_backward                     0x080041e9   Thumb Code    90  motor_hal.o(i.right_motor_backward)
    right_motor_stop                         0x0800424d   Thumb Code    42  motor_hal.o(i.right_motor_stop)
    robot_test_function                      0x0800427d   Thumb Code   144  kdebug.o(i.robot_test_function)
    rtc_test                                 0x0800431d   Thumb Code    72  kdebug.o(i.rtc_test)
    show_hour                                0x08004389   Thumb Code   178  hoover_disp.o(i.show_hour)
    show_min                                 0x08004445   Thumb Code    78  hoover_disp.o(i.show_min)
    side_motor_forward                       0x080044a1   Thumb Code    30  motor_hal.o(i.side_motor_forward)
    side_motor_stop                          0x080044c9   Thumb Code    26  motor_hal.o(i.side_motor_stop)
    side_motor_test                          0x080044e9   Thumb Code   182  kdebug.o(i.side_motor_test)
    side_speed_configure                     0x08004621   Thumb Code   148  motor_hal.o(i.side_speed_configure)
    speed_measure_ext_configure              0x080046d5   Thumb Code    68  detect.o(i.speed_measure_ext_configure)
    speed_measure_ext_configure_init         0x08004719   Thumb Code    60  detect.o(i.speed_measure_ext_configure_init)
    startup_buzzer_ring                      0x08004755   Thumb Code    42  detect.o(i.startup_buzzer_ring)
    stm_delay_ms                             0x08004785   Thumb Code    22  mpu_i2c.o(i.stm_delay_ms)
    voltage_test                             0x0800479d   Thumb Code    38  kdebug.o(i.voltage_test)
    walk_motor_test                          0x080047c9   Thumb Code   502  kdebug.o(i.walk_motor_test)
    wrong                                    0x08004aa9   Thumb Code    18  stm32f10x_it.o(i.wrong)
    OSUnMapTbl                               0x08004ae8   Data         256  ucos_ii.o(.constdata)
    hw                                       0x08004be8   Data          12  mpu_i2c.o(.constdata)
    reg                                      0x08004bf4   Data          27  mpu_i2c.o(.constdata)
    test                                     0x08004c10   Data          40  mpu_i2c.o(.constdata)
    Region$$Table$$Base                      0x08004c38   Number         0  anon$$obj.o(Region$$Table)
    Region$$Table$$Limit                     0x08004c58   Number         0  anon$$obj.o(Region$$Table)
    wdg_clr_flag                             0x20000000   Data           4  stm32f10x_it.o(.data)
    RxCounter                                0x20000004   Data           1  stm32f10x_it.o(.data)
    emu_key_state                            0x20000005   Data           1  stm32f10x_it.o(.data)
    emu_key                                  0x20000006   Data           1  stm32f10x_it.o(.data)
    RxBuffer                                 0x20000007   Data           1  stm32f10x_it.o(.data)
    r_int_finish                             0x20000008   Data           4  stm32f10x_it.o(.data)
    l_int_finish                             0x2000000c   Data           4  stm32f10x_it.o(.data)
    long_ostime_delta                        0x20000010   Data           4  stm32f10x_it.o(.data)
    ir_tim1_counter2                         0x20000014   Data           4  stm32f10x_it.o(.data)
    ir_tim1_counter3                         0x20000018   Data           4  stm32f10x_it.o(.data)
    ir_tim1_last_counter2                    0x2000001c   Data           4  stm32f10x_it.o(.data)
    ir_tim1_last_counter3                    0x20000020   Data           4  stm32f10x_it.o(.data)
    delta_counter                            0x20000024   Data           4  stm32f10x_it.o(.data)
    debug_index                              0x20000028   Data           4  stm32f10x_it.o(.data)
    ir_tim2_counter1                         0x2000002c   Data           4  stm32f10x_it.o(.data)
    ir_tim2_counter2                         0x20000030   Data           4  stm32f10x_it.o(.data)
    ir_tim2_counter3                         0x20000034   Data           4  stm32f10x_it.o(.data)
    ir_tim2_counter4                         0x20000038   Data           4  stm32f10x_it.o(.data)
    ir_tim2_last_counter1                    0x2000003c   Data           4  stm32f10x_it.o(.data)
    ir_tim2_last_counter2                    0x20000040   Data           4  stm32f10x_it.o(.data)
    ir_tim2_last_counter3                    0x20000044   Data           4  stm32f10x_it.o(.data)
    ir_tim2_last_counter4                    0x20000048   Data           4  stm32f10x_it.o(.data)
    tim2_delta_counter                       0x2000004c   Data           4  stm32f10x_it.o(.data)
    head_ok                                  0x20000050   Data           6  stm32f10x_it.o(.data)
    flagh                                    0x20000056   Data           6  stm32f10x_it.o(.data)
    flag_near                                0x2000005c   Data           6  stm32f10x_it.o(.data)
    flagr                                    0x20000062   Data           6  stm32f10x_it.o(.data)
    HSEStartUpStatus                         0x20000068   Data           1  stm32f10x_target.o(.data)
    OSInterrputSum                           0x20000074   Data           4  os_cpu_c.o(.data)
    OSIntNesting                             0x20000078   Data           1  ucos_ii.o(.data)
    OSLockNesting                            0x20000079   Data           1  ucos_ii.o(.data)
    OSPrioCur                                0x2000007a   Data           1  ucos_ii.o(.data)
    OSPrioHighRdy                            0x2000007b   Data           1  ucos_ii.o(.data)
    OSRunning                                0x2000007c   Data           1  ucos_ii.o(.data)
    OSTaskCtr                                0x2000007d   Data           1  ucos_ii.o(.data)
    OSRdyGrp                                 0x2000007e   Data           2  ucos_ii.o(.data)
    OSCtxSwCtr                               0x20000080   Data           4  ucos_ii.o(.data)
    OSEventFreeList                          0x20000084   Data           4  ucos_ii.o(.data)
    OSIdleCtr                                0x20000088   Data           4  ucos_ii.o(.data)
    OSTCBCur                                 0x2000008c   Data           4  ucos_ii.o(.data)
    OSTCBFreeList                            0x20000090   Data           4  ucos_ii.o(.data)
    OSTCBHighRdy                             0x20000094   Data           4  ucos_ii.o(.data)
    OSTCBList                                0x20000098   Data           4  ucos_ii.o(.data)
    OSMemFreeList                            0x2000009c   Data           4  ucos_ii.o(.data)
    OSTime                                   0x200000a0   Data           4  ucos_ii.o(.data)
    ComSem                                   0x200000a4   Data           4  create_task.o(.data)
    if_detect_open                           0x200000a8   Data           1  detect.o(.data)
    inter_task_ready                         0x200000ac   Data           1  rf.o(.data)
    clean_sub_type                           0x200000ad   Data           1  rf.o(.data)
    rf_enable                                0x200000ae   Data           1  rf.o(.data)
    show_version_no_display_time             0x200000af   Data           1  rf.o(.data)
    buzzer_once_flag                         0x200000b0   Data           1  rf.o(.data)
    stop_count                               0x200000b2   Data           2  rf.o(.data)
    inter_task_wdg_counter                   0x200000b4   Data           4  rf.o(.data)
    presskey_task_wdg_counter                0x200000b8   Data           4  rf.o(.data)
    global_side_speed                        0x200000bc   Data           1  motor_hal.o(.data)
    mpu_test_result                          0x200000bd   Data           1  kdebug.o(.data)
    cornor_step                              0x200000be   Data           1  hoover_disp.o(.data)
    cycle_step                               0x200000bf   Data           1  hoover_disp.o(.data)
    zigzag_step                              0x200000c0   Data           1  hoover_disp.o(.data)
    clock_cola_hide                          0x200000c1   Data           1  hoover_disp.o(.data)
    digit_num                                0x200000c2   Data          10  tm1637.o(.data)
    g_led                                    0x200000cc   Data           5  tm1637.o(.data)
    int_times                                0x20000100   Data          24  stm32f10x_it.o(.bss)
    err_count                                0x20000118   Data          24  stm32f10x_it.o(.bss)
    ir_index                                 0x20000130   Data          24  stm32f10x_it.o(.bss)
    forward_long_key                         0x20000148   Data          24  stm32f10x_it.o(.bss)
    forward_long_key_last_ostime             0x20000160   Data          24  stm32f10x_it.o(.bss)
    code_data                                0x20000178   Data          24  stm32f10x_it.o(.bss)
    shuju                                    0x20000190   Data          24  stm32f10x_it.o(.bss)
    shuju_near                               0x200001a8   Data          24  stm32f10x_it.o(.bss)
    shujur                                   0x200001c0   Data          24  stm32f10x_it.o(.bss)
    debug_info                               0x200001d8   Data         512  stm32f10x_it.o(.bss)
    OSEventTbl                               0x200003d8   Data         720  ucos_ii.o(.bss)
    OSRdyTbl                                 0x200006a8   Data          10  ucos_ii.o(.bss)
    OSTaskIdleStk                            0x200006b4   Data         200  ucos_ii.o(.bss)
    OSTCBPrioTbl                             0x2000077c   Data         260  ucos_ii.o(.bss)
    OSTCBTbl                                 0x20000880   Data        1764  ucos_ii.o(.bss)
    OSMemTbl                                 0x20000f64   Data         720  ucos_ii.o(.bss)
    InitTaskStk                              0x20001234   Data         256  main.o(.bss)
    RFTaskStk                                0x20001334   Data         384  create_task.o(.bss)
    DebugTaskStk                             0x200014b4   Data         384  create_task.o(.bss)
    key_ok                                   0x20001634   Data          12  detect.o(.bss)
    ADC_ConvertedValue                       0x20001640   Data         384  detect.o(.bss)
    global_setting                           0x200017c0   Data          19  rf.o(.bss)
    motor_global_setting                     0x200017d4   Data         192  rf.o(.bss)
    ate_test_result                          0x20001894   Data          60  kdebug.o(.bss)
    __libspace_start                         0x200018d0   Data          96  libspace.o(.bss)
    __temporary_stack_top$libspace           0x20001930   Data           0  libspace.o(.bss)



==============================================================================

Memory Map of the image

  Image Entry point : 0x08000119

  Load Region LR_IROM1 (Base: 0x08000000, Size: 0x00004d58, Max: 0x00020000, ABSOLUTE)

    Execution Region ER_IROM1 (Base: 0x08000000, Size: 0x00004c58, Max: 0x00020000, ABSOLUTE)

    Base Addr    Size         Type   Attr      Idx    E Section Name        Object

    0x08000000   0x00000118   Code   RO          449    RESET               stm32f10x_startup.o
    0x08000118   0x00000008   Code   RO         4793  * !!!main             c_w.l(__main.o)
    0x08000120   0x00000034   Code   RO         4947    !!!scatter          c_w.l(__scatter.o)
    0x08000154   0x0000001a   Code   RO         4949    !!handler_copy      c_w.l(__scatter_copy.o)
    0x0800016e   0x00000002   PAD
    0x08000170   0x0000001c   Code   RO         4951    !!handler_zi        c_w.l(__scatter_zi.o)
    0x0800018c   0x00000002   Code   RO         4820    .ARM.Collect$$libinit$$00000000  c_w.l(libinit.o)
    0x0800018e   0x00000000   Code   RO         4827    .ARM.Collect$$libinit$$00000002  c_w.l(libinit2.o)
    0x0800018e   0x00000000   Code   RO         4830    .ARM.Collect$$libinit$$00000008  c_w.l(libinit2.o)
    0x0800018e   0x00000000   Code   RO         4832    .ARM.Collect$$libinit$$0000000A  c_w.l(libinit2.o)
    0x0800018e   0x00000000   Code   RO         4834    .ARM.Collect$$libinit$$0000000C  c_w.l(libinit2.o)
    0x0800018e   0x00000000   Code   RO         4837    .ARM.Collect$$libinit$$0000000F  c_w.l(libinit2.o)
    0x0800018e   0x00000000   Code   RO         4839    .ARM.Collect$$libinit$$00000011  c_w.l(libinit2.o)
    0x0800018e   0x00000000   Code   RO         4841    .ARM.Collect$$libinit$$00000013  c_w.l(libinit2.o)
    0x0800018e   0x00000000   Code   RO         4843    .ARM.Collect$$libinit$$00000015  c_w.l(libinit2.o)
    0x0800018e   0x00000000   Code   RO         4845    .ARM.Collect$$libinit$$00000017  c_w.l(libinit2.o)
    0x0800018e   0x00000000   Code   RO         4847    .ARM.Collect$$libinit$$00000019  c_w.l(libinit2.o)
    0x0800018e   0x00000000   Code   RO         4849    .ARM.Collect$$libinit$$0000001B  c_w.l(libinit2.o)
    0x0800018e   0x00000000   Code   RO         4851    .ARM.Collect$$libinit$$0000001D  c_w.l(libinit2.o)
    0x0800018e   0x00000000   Code   RO         4853    .ARM.Collect$$libinit$$0000001F  c_w.l(libinit2.o)
    0x0800018e   0x00000000   Code   RO         4855    .ARM.Collect$$libinit$$00000021  c_w.l(libinit2.o)
    0x0800018e   0x00000000   Code   RO         4857    .ARM.Collect$$libinit$$00000023  c_w.l(libinit2.o)
    0x0800018e   0x00000000   Code   RO         4861    .ARM.Collect$$libinit$$0000002A  c_w.l(libinit2.o)
    0x0800018e   0x00000000   Code   RO         4863    .ARM.Collect$$libinit$$0000002C  c_w.l(libinit2.o)
    0x0800018e   0x00000000   Code   RO         4865    .ARM.Collect$$libinit$$0000002E  c_w.l(libinit2.o)
    0x0800018e   0x00000000   Code   RO         4867    .ARM.Collect$$libinit$$00000030  c_w.l(libinit2.o)
    0x0800018e   0x00000002   Code   RO         4868    .ARM.Collect$$libinit$$00000031  c_w.l(libinit2.o)
    0x08000190   0x00000002   Code   RO         4888    .ARM.Collect$$libshutdown$$00000000  c_w.l(libshutdown.o)
    0x08000192   0x00000000   Code   RO         4902    .ARM.Collect$$libshutdown$$00000003  c_w.l(libshutdown2.o)
    0x08000192   0x00000000   Code   RO         4905    .ARM.Collect$$libshutdown$$00000006  c_w.l(libshutdown2.o)
    0x08000192   0x00000000   Code   RO         4908    .ARM.Collect$$libshutdown$$00000009  c_w.l(libshutdown2.o)
    0x08000192   0x00000000   Code   RO         4910    .ARM.Collect$$libshutdown$$0000000B  c_w.l(libshutdown2.o)
    0x08000192   0x00000000   Code   RO         4913    .ARM.Collect$$libshutdown$$0000000E  c_w.l(libshutdown2.o)
    0x08000192   0x00000002   Code   RO         4914    .ARM.Collect$$libshutdown$$0000000F  c_w.l(libshutdown2.o)
    0x08000194   0x00000000   Code   RO         4795    .ARM.Collect$$rtentry$$00000000  c_w.l(rtentry.o)
    0x08000194   0x00000000   Code   RO         4797    .ARM.Collect$$rtentry$$00000002  c_w.l(rtentry2.o)
    0x08000194   0x00000006   Code   RO         4809    .ARM.Collect$$rtentry$$00000004  c_w.l(rtentry4.o)
    0x0800019a   0x00000000   Code   RO         4799    .ARM.Collect$$rtentry$$00000009  c_w.l(rtentry2.o)
    0x0800019a   0x00000004   Code   RO         4800    .ARM.Collect$$rtentry$$0000000A  c_w.l(rtentry2.o)
    0x0800019e   0x00000000   Code   RO         4802    .ARM.Collect$$rtentry$$0000000C  c_w.l(rtentry2.o)
    0x0800019e   0x00000008   Code   RO         4803    .ARM.Collect$$rtentry$$0000000D  c_w.l(rtentry2.o)
    0x080001a6   0x00000002   Code   RO         4824    .ARM.Collect$$rtexit$$00000000  c_w.l(rtexit.o)
    0x080001a8   0x00000000   Code   RO         4870    .ARM.Collect$$rtexit$$00000002  c_w.l(rtexit2.o)
    0x080001a8   0x00000004   Code   RO         4871    .ARM.Collect$$rtexit$$00000003  c_w.l(rtexit2.o)
    0x080001ac   0x00000006   Code   RO         4872    .ARM.Collect$$rtexit$$00000004  c_w.l(rtexit2.o)
    0x080001b2   0x00000002   PAD
    0x080001b4   0x0000001c   Code   RO          450    .text               stm32f10x_startup.o
    0x080001d0   0x000000e8   Code   RO         2974    .text               os_cpu_a.o
    0x080002b8   0x00000006   Code   RO         4791    .text               c_w.l(heapauxi.o)
    0x080002be   0x0000004a   Code   RO         4811    .text               c_w.l(sys_stackheap_outer.o)
    0x08000308   0x0000000c   Code   RO         4813    .text               c_w.l(exit.o)
    0x08000314   0x00000008   Code   RO         4821    .text               c_w.l(libspace.o)
    0x0800031c   0x0000000c   Code   RO         4880    .text               c_w.l(sys_exit.o)
    0x08000328   0x00000002   Code   RO         4891    .text               c_w.l(use_no_semi.o)
    0x0800032a   0x00000000   Code   RO         4893    .text               c_w.l(indicate_semi.o)
    0x0800032a   0x00000014   Code   RO          515    i.ADC_Cmd           stm32f10x_adc.o
    0x0800033e   0x00000016   Code   RO          516    i.ADC_DMACmd        stm32f10x_adc.o
    0x08000354   0x0000000e   Code   RO          523    i.ADC_GetCalibrationStatus  stm32f10x_adc.o
    0x08000362   0x0000000e   Code   RO          529    i.ADC_GetResetCalibrationStatus  stm32f10x_adc.o
    0x08000370   0x00000002   Code   RO            6    i.ADC_IRQHandler    stm32f10x_it.o
    0x08000372   0x00000002   PAD
    0x08000374   0x00000048   Code   RO          533    i.ADC_Init          stm32f10x_adc.o
    0x080003bc   0x00000074   Code   RO          537    i.ADC_RegularChannelConfig  stm32f10x_adc.o
    0x08000430   0x0000000a   Code   RO          538    i.ADC_ResetCalibration  stm32f10x_adc.o
    0x0800043a   0x00000014   Code   RO          540    i.ADC_SoftwareStartConvCmd  stm32f10x_adc.o
    0x0800044e   0x0000000a   Code   RO          542    i.ADC_StartCalibration  stm32f10x_adc.o
    0x08000458   0x00000012   Code   RO         4465    i.BCD_To_Decimal    pcf8563.o
    0x0800046a   0x00000002   Code   RO            7    i.CAN_RX1_IRQHandler  stm32f10x_it.o
    0x0800046c   0x00000002   Code   RO            8    i.CAN_SCE_IRQHandler  stm32f10x_it.o
    0x0800046e   0x00000002   PAD
    0x08000470   0x000001b0   Code   RO         3571    i.DETECT_GPIO_Config  detect.o
    0x08000620   0x0000009c   Code   RO         3760    i.DISPLAY_GPIO_Configure  display.o
    0x080006bc   0x00000002   Code   RO            9    i.DMAChannel1_IRQHandler  stm32f10x_it.o
    0x080006be   0x00000002   PAD
    0x080006c0   0x00000018   Code   RO           10    i.DMAChannel2_IRQHandler  stm32f10x_it.o
    0x080006d8   0x0000001c   Code   RO           11    i.DMAChannel3_IRQHandler  stm32f10x_it.o
    0x080006f4   0x0000001c   Code   RO           12    i.DMAChannel4_IRQHandler  stm32f10x_it.o
    0x08000710   0x00000002   Code   RO           13    i.DMAChannel5_IRQHandler  stm32f10x_it.o
    0x08000712   0x00000002   Code   RO           14    i.DMAChannel6_IRQHandler  stm32f10x_it.o
    0x08000714   0x00000002   Code   RO           15    i.DMAChannel7_IRQHandler  stm32f10x_it.o
    0x08000716   0x00000002   PAD
    0x08000718   0x0000000c   Code   RO          812    i.DMA_ClearFlag     stm32f10x_dma.o
    0x08000724   0x00000014   Code   RO          814    i.DMA_Cmd           stm32f10x_dma.o
    0x08000738   0x00000080   Code   RO          815    i.DMA_DeInit        stm32f10x_dma.o
    0x080007b8   0x0000003a   Code   RO          820    i.DMA_Init          stm32f10x_dma.o
    0x080007f2   0x00000002   PAD
    0x080007f4   0x00000068   Code   RO         4466    i.DS1302_GetTime    pcf8563.o
    0x0800085c   0x00000018   Code   RO         4581    i.Delay_us          tm1637.o
    0x08000874   0x00000020   Code   RO           16    i.EXTI0_IRQHandler  stm32f10x_it.o
    0x08000894   0x00000044   Code   RO           17    i.EXTI15_10_IRQHandler  stm32f10x_it.o
    0x080008d8   0x00000020   Code   RO           18    i.EXTI1_IRQHandler  stm32f10x_it.o
    0x080008f8   0x00000002   Code   RO           19    i.EXTI2_IRQHandler  stm32f10x_it.o
    0x080008fa   0x00000002   Code   RO           20    i.EXTI3_IRQHandler  stm32f10x_it.o
    0x080008fc   0x00000002   Code   RO           21    i.EXTI4_IRQHandler  stm32f10x_it.o
    0x080008fe   0x00000002   PAD
    0x08000900   0x00000044   Code   RO           22    i.EXTI9_5_IRQHandler  stm32f10x_it.o
    0x08000944   0x0000000c   Code   RO          884    i.EXTI_ClearFlag    stm32f10x_exti.o
    0x08000950   0x0000000c   Code   RO          885    i.EXTI_ClearITPendingBit  stm32f10x_exti.o
    0x0800095c   0x00000020   Code   RO          889    i.EXTI_GetITStatus  stm32f10x_exti.o
    0x0800097c   0x00000058   Code   RO          890    i.EXTI_Init         stm32f10x_exti.o
    0x080009d4   0x00000002   Code   RO           23    i.FLASH_IRQHandler  stm32f10x_it.o
    0x080009d6   0x00000002   PAD
    0x080009d8   0x00000018   Code   RO          952    i.FLASH_PrefetchBufferCmd  stm32f10x_flash.o
    0x080009f0   0x00000018   Code   RO          957    i.FLASH_SetLatency  stm32f10x_flash.o
    0x08000a08   0x00000078   Code   RO         1087    i.GPIO_DeInit       stm32f10x_gpio.o
    0x08000a80   0x00000028   Code   RO         1088    i.GPIO_EXTILineConfig  stm32f10x_gpio.o
    0x08000aa8   0x00000096   Code   RO         1091    i.GPIO_Init         stm32f10x_gpio.o
    0x08000b3e   0x00000002   PAD
    0x08000b40   0x0000003c   Code   RO         1093    i.GPIO_PinRemapConfig  stm32f10x_gpio.o
    0x08000b7c   0x0000000e   Code   RO         1095    i.GPIO_ReadInputDataBit  stm32f10x_gpio.o
    0x08000b8a   0x00000012   Code   RO         1102    i.GPIO_WriteBit     stm32f10x_gpio.o
    0x08000b9c   0x00000002   Code   RO           24    i.I2C1_ER_IRQHandler  stm32f10x_it.o
    0x08000b9e   0x00000002   Code   RO           25    i.I2C1_EV_IRQHandler  stm32f10x_it.o
    0x08000ba0   0x00000002   Code   RO           26    i.I2C2_ER_IRQHandler  stm32f10x_it.o
    0x08000ba2   0x00000002   Code   RO           27    i.I2C2_EV_IRQHandler  stm32f10x_it.o
    0x08000ba4   0x00000038   Code   RO         4582    i.I2CStart          tm1637.o
    0x08000bdc   0x00000054   Code   RO         4583    i.I2CStop           tm1637.o
    0x08000c30   0x00000060   Code   RO         4584    i.I2CWrByte         tm1637.o
    0x08000c90   0x00000050   Code   RO         4680    i.I2C_SendByte      mpu_i2c.o
    0x08000ce0   0x00000030   Code   RO         4681    i.I2C_Start         mpu_i2c.o
    0x08000d10   0x00000030   Code   RO         4682    i.I2C_Stop          mpu_i2c.o
    0x08000d40   0x00000048   Code   RO         4683    i.I2C_WaitAck       mpu_i2c.o
    0x08000d88   0x0000000e   Code   RO         4684    i.I2C_delay         mpu_i2c.o
    0x08000d96   0x00000002   PAD
    0x08000d98   0x00000060   Code   RO         4585    i.I2Cask            tm1637.o
    0x08000df8   0x00000028   Code   RO         4468    i.IIC_Ack           pcf8563.o
    0x08000e20   0x00000028   Code   RO         4469    i.IIC_NAck          pcf8563.o
    0x08000e48   0x0000002c   Code   RO         4470    i.IIC_PCF8563_Init  pcf8563.o
    0x08000e74   0x0000003a   Code   RO         4472    i.IIC_Read_Addr     pcf8563.o
    0x08000eae   0x00000002   PAD
    0x08000eb0   0x00000054   Code   RO         4473    i.IIC_Read_Byte     pcf8563.o
    0x08000f04   0x00000048   Code   RO         4474    i.IIC_Send_Byte     pcf8563.o
    0x08000f4c   0x00000028   Code   RO         4475    i.IIC_Start         pcf8563.o
    0x08000f74   0x00000030   Code   RO         4476    i.IIC_Stop          pcf8563.o
    0x08000fa4   0x00000044   Code   RO         4478    i.IIC_Wait_Ack      pcf8563.o
    0x08000fe8   0x00000030   Code   RO         4479    i.IIC_Write_Addr    pcf8563.o
    0x08001018   0x00000024   Code   RO         4586    i.LED_DAT_INPUT     tm1637.o
    0x0800103c   0x00000024   Code   RO         4587    i.LED_DAT_OUTPUT    tm1637.o
    0x08001060   0x00000028   Code   RO         4685    i.MPU_DAT_INPUT     mpu_i2c.o
    0x08001088   0x00000028   Code   RO         4686    i.MPU_DAT_OUTPUT    mpu_i2c.o
    0x080010b0   0x00000064   Code   RO         3850    i.Motor_GPIO_Configuration  motor_hal.o
    0x08001114   0x00000094   Code   RO         3851    i.Motor_TIM4_Configuration  motor_hal.o
    0x080011a8   0x000000dc   Code   RO          455    i.NVIC_Configuration  stm32f10x_target.o
    0x08001284   0x0000002c   Code   RO         1254    i.NVIC_DeInit       stm32f10x_nvic.o
    0x080012b0   0x0000007c   Code   RO         1267    i.NVIC_Init         stm32f10x_nvic.o
    0x0800132c   0x00000014   Code   RO         1268    i.NVIC_PriorityGroupConfig  stm32f10x_nvic.o
    0x08001340   0x00000014   Code   RO         1276    i.NVIC_SetVectorTable  stm32f10x_nvic.o
    0x08001354   0x0000004c   Code   RO         1279    i.NVIC_SystemHandlerPriorityConfig  stm32f10x_nvic.o
    0x080013a0   0x00000002   Code   RO         3048    i.OSDebugInit       os_dbg.o
    0x080013a2   0x00000002   PAD
    0x080013a4   0x00000108   Code   RO         3063    i.OSInit            ucos_ii.o
    0x080014ac   0x00000002   Code   RO         2977    i.OSInitHookBegin   os_cpu_c.o
    0x080014ae   0x00000002   Code   RO         2978    i.OSInitHookEnd     os_cpu_c.o
    0x080014b0   0x00000058   Code   RO         3065    i.OSIntExit         ucos_ii.o
    0x08001508   0x00000038   Code   RO         3089    i.OSSemCreate       ucos_ii.o
    0x08001540   0x00000030   Code   RO         3095    i.OSStart           ucos_ii.o
    0x08001570   0x00000002   Code   RO         2979    i.OSTCBInitHook     os_cpu_c.o
    0x08001572   0x00000002   PAD
    0x08001574   0x00000098   Code   RO         3096    i.OSTaskCreateExt   ucos_ii.o
    0x0800160c   0x00000002   Code   RO         2980    i.OSTaskCreateHook  os_cpu_c.o
    0x0800160e   0x00000002   PAD
    0x08001610   0x0000000c   Code   RO         2982    i.OSTaskIdleHook    os_cpu_c.o
    0x0800161c   0x0000005c   Code   RO         3098    i.OSTaskNameSet     ucos_ii.o
    0x08001678   0x00000072   Code   RO         2984    i.OSTaskStkInit     os_cpu_c.o
    0x080016ea   0x00000002   PAD
    0x080016ec   0x00000084   Code   RO         3102    i.OSTaskSuspend     ucos_ii.o
    0x08001770   0x00000002   Code   RO         2985    i.OSTaskSwHook      os_cpu_c.o
    0x08001772   0x00000002   PAD
    0x08001774   0x00000044   Code   RO         3103    i.OSTimeDly         ucos_ii.o
    0x080017b8   0x0000004e   Code   RO         3104    i.OSTimeDlyHMSM     ucos_ii.o
    0x08001806   0x00000002   PAD
    0x08001808   0x00000018   Code   RO         3106    i.OSTimeGet         ucos_ii.o
    0x08001820   0x00000088   Code   RO         3108    i.OSTimeTick        ucos_ii.o
    0x080018a8   0x00000016   Code   RO         3113    i.OS_EventWaitListInit  ucos_ii.o
    0x080018be   0x00000012   Code   RO         3114    i.OS_MemClr         ucos_ii.o
    0x080018d0   0x00000044   Code   RO         3116    i.OS_MemInit        ucos_ii.o
    0x08001914   0x00000044   Code   RO         3117    i.OS_Sched          ucos_ii.o
    0x08001958   0x00000054   Code   RO         3118    i.OS_SchedNew       ucos_ii.o
    0x080019ac   0x0000001c   Code   RO         3119    i.OS_StrCopy        ucos_ii.o
    0x080019c8   0x00000014   Code   RO         3120    i.OS_StrLen         ucos_ii.o
    0x080019dc   0x000000d4   Code   RO         3121    i.OS_TCBInit        ucos_ii.o
    0x08001ab0   0x0000001c   Code   RO         3122    i.OS_TaskIdle       ucos_ii.o
    0x08001acc   0x00000016   Code   RO         3123    i.OS_TaskStkClr     ucos_ii.o
    0x08001ae2   0x00000002   Code   RO           28    i.PVD_IRQHandler    stm32f10x_it.o
    0x08001ae4   0x0000006c   Code   RO         1829    i.PWMI_Config       stm32f10x_tim.o
    0x08001b50   0x0000000c   Code   RO         1437    i.PWR_BackupAccessCmd  stm32f10x_pwr.o
    0x08001b5c   0x00000014   Code   RO         1497    i.RCC_ADCCLKConfig  stm32f10x_rcc.o
    0x08001b70   0x00000018   Code   RO         1498    i.RCC_AHBPeriphClockCmd  stm32f10x_rcc.o
    0x08001b88   0x00000018   Code   RO         1499    i.RCC_APB1PeriphClockCmd  stm32f10x_rcc.o
    0x08001ba0   0x00000018   Code   RO         1500    i.RCC_APB1PeriphResetCmd  stm32f10x_rcc.o
    0x08001bb8   0x00000018   Code   RO         1501    i.RCC_APB2PeriphClockCmd  stm32f10x_rcc.o
    0x08001bd0   0x00000018   Code   RO         1502    i.RCC_APB2PeriphResetCmd  stm32f10x_rcc.o
    0x08001be8   0x000000f8   Code   RO          456    i.RCC_Configuration  stm32f10x_target.o
    0x08001ce0   0x00000048   Code   RO         1508    i.RCC_DeInit        stm32f10x_rcc.o
    0x08001d28   0x00000094   Code   RO         1509    i.RCC_GetClocksFreq  stm32f10x_rcc.o
    0x08001dbc   0x00000030   Code   RO         1510    i.RCC_GetFlagStatus  stm32f10x_rcc.o
    0x08001dec   0x00000010   Code   RO         1512    i.RCC_GetSYSCLKSource  stm32f10x_rcc.o
    0x08001dfc   0x00000014   Code   RO         1513    i.RCC_HCLKConfig    stm32f10x_rcc.o
    0x08001e10   0x00000034   Code   RO         1514    i.RCC_HSEConfig     stm32f10x_rcc.o
    0x08001e44   0x00000002   Code   RO           29    i.RCC_IRQHandler    stm32f10x_it.o
    0x08001e46   0x00000002   PAD
    0x08001e48   0x00000014   Code   RO         1520    i.RCC_PCLK1Config   stm32f10x_rcc.o
    0x08001e5c   0x00000014   Code   RO         1521    i.RCC_PCLK2Config   stm32f10x_rcc.o
    0x08001e70   0x0000000c   Code   RO         1522    i.RCC_PLLCmd        stm32f10x_rcc.o
    0x08001e7c   0x00000014   Code   RO         1523    i.RCC_PLLConfig     stm32f10x_rcc.o
    0x08001e90   0x00000014   Code   RO         1526    i.RCC_SYSCLKConfig  stm32f10x_rcc.o
    0x08001ea4   0x00000030   Code   RO         1528    i.RCC_WaitForHSEStartUp  stm32f10x_rcc.o
    0x08001ed4   0x00000002   Code   RO           30    i.RTCAlarm_IRQHandler  stm32f10x_it.o
    0x08001ed6   0x00000002   Code   RO           31    i.RTC_IRQHandler    stm32f10x_it.o
    0x08001ed8   0x00000024   Code   RO         4480    i.SDA_IN            pcf8563.o
    0x08001efc   0x00000024   Code   RO         4481    i.SDA_OUT           pcf8563.o
    0x08001f20   0x00000002   Code   RO           32    i.SPI1_IRQHandler   stm32f10x_it.o
    0x08001f22   0x00000002   Code   RO           33    i.SPI2_IRQHandler   stm32f10x_it.o
    0x08001f24   0x00000052   Code   RO         4588    i.SmgDisplay        tm1637.o
    0x08001f76   0x0000004c   Code   RO         4589    i.SmgDisplay0       tm1637.o
    0x08001fc2   0x00000002   PAD
    0x08001fc4   0x00000024   Code   RO           34    i.SysTickHandler    stm32f10x_it.o
    0x08001fe8   0x00000018   Code   RO         1787    i.SysTick_CLKSourceConfig  stm32f10x_systick.o
    0x08002000   0x00000020   Code   RO         1788    i.SysTick_CounterCmd  stm32f10x_systick.o
    0x08002020   0x00000018   Code   RO         1791    i.SysTick_ITConfig  stm32f10x_systick.o
    0x08002038   0x00000008   Code   RO         1792    i.SysTick_SetReload  stm32f10x_systick.o
    0x08002040   0x00000002   Code   RO           35    i.TAMPER_IRQHandler  stm32f10x_it.o
    0x08002042   0x00000030   Code   RO         1830    i.TI1_Config        stm32f10x_tim.o
    0x08002072   0x00000002   PAD
    0x08002074   0x0000002c   Code   RO         2441    i.TI1_Config        stm32f10x_tim1.o
    0x080020a0   0x0000003e   Code   RO         1831    i.TI2_Config        stm32f10x_tim.o
    0x080020de   0x00000002   PAD
    0x080020e0   0x00000030   Code   RO         2442    i.TI2_Config        stm32f10x_tim1.o
    0x08002110   0x0000000c   Code   RO         2443    i.TIM1_ARRPreloadConfig  stm32f10x_tim1.o
    0x0800211c   0x00000006   Code   RO           36    i.TIM1_BRK_IRQHandler  stm32f10x_it.o
    0x08002122   0x00000002   PAD
    0x08002124   0x000000ac   Code   RO           37    i.TIM1_CC_IRQHandler  stm32f10x_it.o
    0x080021d0   0x00000010   Code   RO         2449    i.TIM1_ClearFlag    stm32f10x_tim1.o
    0x080021e0   0x00000010   Code   RO         2450    i.TIM1_ClearITPendingBit  stm32f10x_tim1.o
    0x080021f0   0x0000000c   Code   RO         2455    i.TIM1_Cmd          stm32f10x_tim1.o
    0x080021fc   0x00000018   Code   RO         2460    i.TIM1_DeInit       stm32f10x_tim1.o
    0x08002214   0x0000000c   Code   RO         2471    i.TIM1_GetCapture2  stm32f10x_tim1.o
    0x08002220   0x0000000c   Code   RO         2472    i.TIM1_GetCapture3  stm32f10x_tim1.o
    0x0800222c   0x00000024   Code   RO         2476    i.TIM1_GetITStatus  stm32f10x_tim1.o
    0x08002250   0x000000a0   Code   RO         2478    i.TIM1_ICInit       stm32f10x_tim1.o
    0x080022f0   0x00000018   Code   RO         2480    i.TIM1_ITConfig     stm32f10x_tim1.o
    0x08002308   0x00000014   Code   RO         2521    i.TIM1_SetIC1Prescaler  stm32f10x_tim1.o
    0x0800231c   0x0000001c   Code   RO         2522    i.TIM1_SetIC2Prescaler  stm32f10x_tim1.o
    0x08002338   0x00000014   Code   RO         2523    i.TIM1_SetIC3Prescaler  stm32f10x_tim1.o
    0x0800234c   0x0000001c   Code   RO         2524    i.TIM1_SetIC4Prescaler  stm32f10x_tim1.o
    0x08002368   0x00000024   Code   RO           38    i.TIM1_TRG_COM_IRQHandler  stm32f10x_it.o
    0x0800238c   0x00000034   Code   RO         2526    i.TIM1_TimeBaseInit  stm32f10x_tim1.o
    0x080023c0   0x0000002c   Code   RO           39    i.TIM1_UP_IRQHandler  stm32f10x_it.o
    0x080023ec   0x00000124   Code   RO           40    i.TIM2_IRQHandler   stm32f10x_it.o
    0x08002510   0x00000002   Code   RO           41    i.TIM3_IRQHandler   stm32f10x_it.o
    0x08002512   0x00000002   PAD
    0x08002514   0x00000038   Code   RO           42    i.TIM4_IRQHandler   stm32f10x_it.o
    0x0800254c   0x00000014   Code   RO         1832    i.TIM_ARRPreloadConfig  stm32f10x_tim.o
    0x08002560   0x00000008   Code   RO         1833    i.TIM_ClearFlag     stm32f10x_tim.o
    0x08002568   0x00000008   Code   RO         1834    i.TIM_ClearITPendingBit  stm32f10x_tim.o
    0x08002570   0x00000016   Code   RO         1839    i.TIM_Cmd           stm32f10x_tim.o
    0x08002586   0x00000002   PAD
    0x08002588   0x0000004c   Code   RO         1843    i.TIM_DeInit        stm32f10x_tim.o
    0x080025d4   0x00000004   Code   RO         1853    i.TIM_GetCapture1   stm32f10x_tim.o
    0x080025d8   0x00000004   Code   RO         1854    i.TIM_GetCapture2   stm32f10x_tim.o
    0x080025dc   0x00000004   Code   RO         1855    i.TIM_GetCapture3   stm32f10x_tim.o
    0x080025e0   0x00000006   Code   RO         1856    i.TIM_GetCapture4   stm32f10x_tim.o
    0x080025e6   0x00000018   Code   RO         1859    i.TIM_GetITStatus   stm32f10x_tim.o
    0x080025fe   0x000000de   Code   RO         1861    i.TIM_ICInit        stm32f10x_tim.o
    0x080026dc   0x00000010   Code   RO         1863    i.TIM_ITConfig      stm32f10x_tim.o
    0x080026ec   0x0000000e   Code   RO         1868    i.TIM_OC1PreloadConfig  stm32f10x_tim.o
    0x080026fa   0x0000000e   Code   RO         1874    i.TIM_OC3PreloadConfig  stm32f10x_tim.o
    0x08002708   0x00000016   Code   RO         1877    i.TIM_OC4PreloadConfig  stm32f10x_tim.o
    0x0800271e   0x00000002   PAD
    0x08002720   0x000000dc   Code   RO         1878    i.TIM_OCInit        stm32f10x_tim.o
    0x080027fc   0x0000003e   Code   RO         1880    i.TIM_OC_Config     stm32f10x_tim.o
    0x0800283a   0x00000016   Code   RO         1881    i.TIM_PrescalerConfig  stm32f10x_tim.o
    0x08002850   0x0000000e   Code   RO         1896    i.TIM_SetIC1Prescaler  stm32f10x_tim.o
    0x0800285e   0x00000016   Code   RO         1897    i.TIM_SetIC2Prescaler  stm32f10x_tim.o
    0x08002874   0x0000000e   Code   RO         1898    i.TIM_SetIC3Prescaler  stm32f10x_tim.o
    0x08002882   0x00000016   Code   RO         1899    i.TIM_SetIC4Prescaler  stm32f10x_tim.o
    0x08002898   0x0000001e   Code   RO         1901    i.TIM_TimeBaseInit  stm32f10x_tim.o
    0x080028b6   0x00000002   PAD
    0x080028b8   0x00000044   Code   RO          459    i.Target_Init       stm32f10x_target.o
    0x080028fc   0x00000024   Code   RO          460    i.Tmr_TickInit      stm32f10x_target.o
    0x08002920   0x00000098   Code   RO         3450    i.UART_onfiguration  uart.o
    0x080029b8   0x0000006c   Code   RO           43    i.USART1_IRQHandler  stm32f10x_it.o
    0x08002a24   0x00000020   Code   RO           44    i.USART2_IRQHandler  stm32f10x_it.o
    0x08002a44   0x00000002   Code   RO           45    i.USART3_IRQHandler  stm32f10x_it.o
    0x08002a46   0x0000000e   Code   RO         2286    i.USART_ClearITPendingBit  stm32f10x_usart.o
    0x08002a54   0x00000014   Code   RO         2287    i.USART_Cmd         stm32f10x_usart.o
    0x08002a68   0x0000000e   Code   RO         2290    i.USART_GetFlagStatus  stm32f10x_usart.o
    0x08002a76   0x0000003e   Code   RO         2291    i.USART_GetITStatus  stm32f10x_usart.o
    0x08002ab4   0x00000030   Code   RO         2293    i.USART_ITConfig    stm32f10x_usart.o
    0x08002ae4   0x0000009c   Code   RO         2294    i.USART_Init        stm32f10x_usart.o
    0x08002b80   0x00000008   Code   RO         2299    i.USART_ReceiveData  stm32f10x_usart.o
    0x08002b88   0x0000001c   Code   RO         3451    i.USART_SendChar    uart.o
    0x08002ba4   0x00000002   Code   RO           46    i.USBWakeUp_IRQHandler  stm32f10x_it.o
    0x08002ba6   0x00000002   Code   RO           47    i.USB_HP_CAN_TX_IRQHandler  stm32f10x_it.o
    0x08002ba8   0x00000002   Code   RO           48    i.USB_LP_CAN_RX0_IRQHandler  stm32f10x_it.o
    0x08002baa   0x00000002   Code   RO           49    i.WWDG_IRQHandler   stm32f10x_it.o
    0x08002bac   0x0000003c   Code   RO         3572    i.average           detect.o
    0x08002be8   0x00000002   Code   RO         3507    i.create_os_mailbox  create_task.o
    0x08002bea   0x00000002   Code   RO         3508    i.create_os_mutex   create_task.o
    0x08002bec   0x00000002   Code   RO         3509    i.create_os_queue   create_task.o
    0x08002bee   0x00000002   PAD
    0x08002bf0   0x00000014   Code   RO         3510    i.create_os_semphore  create_task.o
    0x08002c04   0x000000cc   Code   RO         3511    i.create_os_task    create_task.o
    0x08002cd0   0x00000002   Code   RO         3512    i.create_os_timer   create_task.o
    0x08002cd2   0x00000002   Code   RO         3513    i.create_task_status  create_task.o
    0x08002cd4   0x00000020   Code   RO         4004    i.debug_task_core   kdebug.o
    0x08002cf4   0x00000012   Code   RO         4482    i.delay             pcf8563.o
    0x08002d06   0x00000002   PAD
    0x08002d08   0x00000080   Code   RO         3575    i.detect_init       detect.o
    0x08002d88   0x0000004c   Code   RO         3576    i.detect_open       detect.o
    0x08002dd4   0x0000027c   Code   RO         4005    i.drop_test         kdebug.o
    0x08003050   0x00000174   Code   RO         3578    i.dtd_adc_init      detect.o
    0x080031c4   0x00000054   Code   RO         3855    i.dust_motor_forward  motor_hal.o
    0x08003218   0x00000020   Code   RO         3856    i.dust_motor_stop   motor_hal.o
    0x08003238   0x0000012c   Code   RO         4006    i.dust_motor_test   kdebug.o
    0x08003364   0x000002f4   Code   RO         4007    i.hor_test          kdebug.o
    0x08003658   0x0000005c   Code   RO         4688    i.i2cInit           mpu_i2c.o
    0x080036b4   0x00000054   Code   RO         4691    i.i2cWriteBuffer    mpu_i2c.o
    0x08003708   0x00000010   Code   RO         4693    i.i2cwrite          mpu_i2c.o
    0x08003718   0x0000005c   Code   RO         3487    i.init_task_core    main.o
    0x08003774   0x0000007c   Code   RO         3703    i.interaction_task_core  rf.o
    0x080037f0   0x00000070   Code   RO           50    i.ir_check_long_key  stm32f10x_it.o
    0x08003860   0x000001d4   Code   RO           51    i.ir_parse          stm32f10x_it.o
    0x08003a34   0x000001e4   Code   RO         3580    i.ir_recv_ext_config  detect.o
    0x08003c18   0x00000014   Code   RO         4590    i.led_down          tm1637.o
    0x08003c2c   0x0000003c   Code   RO         4591    i.led_gpio_init     tm1637.o
    0x08003c68   0x00000034   Code   RO         4592    i.led_init          tm1637.o
    0x08003c9c   0x00000018   Code   RO         4593    i.led_light         tm1637.o
    0x08003cb4   0x0000000c   Code   RO         4595    i.led_update        tm1637.o
    0x08003cc0   0x00000064   Code   RO         3857    i.left_motor_backward  motor_hal.o
    0x08003d24   0x00000064   Code   RO         3858    i.left_motor_forward  motor_hal.o
    0x08003d88   0x00000030   Code   RO         3860    i.left_motor_stop   motor_hal.o
    0x08003db8   0x00000070   Code   RO         3488    i.main              main.o
    0x08003e28   0x00000028   Code   RO         3861    i.main_motor_left   motor_hal.o
    0x08003e50   0x0000001c   Code   RO         3862    i.main_motor_stop   motor_hal.o
    0x08003e6c   0x000000d4   Code   RO         4009    i.main_motor_test   kdebug.o
    0x08003f40   0x00000068   Code   RO         4694    i.mpu_init          mpu_i2c.o
    0x08003fa8   0x00000044   Code   RO         4010    i.mpu_test          kdebug.o
    0x08003fec   0x00000038   Code   RO         3705    i.pannel_led_control  rf.o
    0x08004024   0x000000ec   Code   RO         3582    i.poll_ir_key       detect.o
    0x08004110   0x000000d8   Code   RO         3453    i.printf            uart.o
    0x080041e8   0x00000064   Code   RO         3863    i.right_motor_backward  motor_hal.o
    0x0800424c   0x00000030   Code   RO         3866    i.right_motor_stop  motor_hal.o
    0x0800427c   0x000000a0   Code   RO         4011    i.robot_test_function  kdebug.o
    0x0800431c   0x0000006c   Code   RO         4012    i.rtc_test          kdebug.o
    0x08004388   0x000000bc   Code   RO         4143    i.show_hour         hoover_disp.o
    0x08004444   0x0000005c   Code   RO         4145    i.show_min          hoover_disp.o
    0x080044a0   0x00000028   Code   RO         3868    i.side_motor_forward  motor_hal.o
    0x080044c8   0x00000020   Code   RO         3870    i.side_motor_stop   motor_hal.o
    0x080044e8   0x00000138   Code   RO         4013    i.side_motor_test   kdebug.o
    0x08004620   0x000000b4   Code   RO         3872    i.side_speed_configure  motor_hal.o
    0x080046d4   0x00000044   Code   RO         3584    i.speed_measure_ext_configure  detect.o
    0x08004718   0x0000003c   Code   RO         3585    i.speed_measure_ext_configure_init  detect.o
    0x08004754   0x00000030   Code   RO         3586    i.startup_buzzer_ring  detect.o
    0x08004784   0x00000016   Code   RO         4695    i.stm_delay_ms      mpu_i2c.o
    0x0800479a   0x00000002   PAD
    0x0800479c   0x0000002c   Code   RO         4016    i.voltage_test      kdebug.o
    0x080047c8   0x000002e0   Code   RO         4017    i.walk_motor_test   kdebug.o
    0x08004aa8   0x0000001c   Code   RO           52    i.wrong             stm32f10x_it.o
    0x08004ac4   0x00000014   Data   RO         1529    .constdata          stm32f10x_rcc.o
    0x08004ad8   0x00000010   Data   RO         1905    .constdata          stm32f10x_tim.o
    0x08004ae8   0x00000100   Data   RO         3125    .constdata          ucos_ii.o
    0x08004be8   0x0000000c   Data   RO         4697    .constdata          mpu_i2c.o
    0x08004bf4   0x0000001b   Data   RO         4698    .constdata          mpu_i2c.o
    0x08004c0f   0x00000001   PAD
    0x08004c10   0x00000028   Data   RO         4699    .constdata          mpu_i2c.o
    0x08004c38   0x00000020   Data   RO         4945    Region$$Table       anon$$obj.o


    Execution Region RW_IRAM1 (Base: 0x20000000, Size: 0x00001d30, Max: 0x00005000, ABSOLUTE)

    Base Addr    Size         Type   Attr      Idx    E Section Name        Object

    0x20000000   0x00000004   Data   RW           58    .data               stm32f10x_it.o
    0x20000004   0x00000064   Data   RW           59    .data               stm32f10x_it.o
    0x20000068   0x00000001   Data   RW          462    .data               stm32f10x_target.o
    0x20000069   0x00000003   PAD
    0x2000006c   0x00000008   Data   RW         1530    .data               stm32f10x_rcc.o
    0x20000074   0x00000004   Data   RW         2986    .data               os_cpu_c.o
    0x20000078   0x0000002c   Data   RW         3126    .data               ucos_ii.o
    0x200000a4   0x00000004   Data   RW         3523    .data               create_task.o
    0x200000a8   0x00000001   Data   RW         3594    .data               detect.o
    0x200000a9   0x00000003   PAD
    0x200000ac   0x00000010   Data   RW         3711    .data               rf.o
    0x200000bc   0x00000001   Data   RW         3874    .data               motor_hal.o
    0x200000bd   0x00000001   Data   RW         4026    .data               kdebug.o
    0x200000be   0x00000004   Data   RW         4166    .data               hoover_disp.o
    0x200000c2   0x0000000a   Data   RW         4596    .data               tm1637.o
    0x200000cc   0x00000005   Data   RW         4597    .data               tm1637.o
    0x200000d1   0x00000003   PAD
    0x200000d4   0x0000002c   Data   RW         4700    .data               mpu_i2c.o
    0x20000100   0x000002d8   Zero   RW           53    .bss                stm32f10x_it.o
    0x200003d8   0x00000e5c   Zero   RW         3124    .bss                ucos_ii.o
    0x20001234   0x00000100   Zero   RW         3489    .bss                main.o
    0x20001334   0x00000300   Zero   RW         3515    .bss                create_task.o
    0x20001634   0x0000018c   Zero   RW         3589    .bss                detect.o
    0x200017c0   0x00000013   Zero   RW         3706    .bss                rf.o
    0x200017d3   0x00000001   PAD
    0x200017d4   0x000000c0   Zero   RW         3710    .bss                rf.o
    0x20001894   0x0000003c   Zero   RW         4022    .bss                kdebug.o
    0x200018d0   0x00000060   Zero   RW         4822    .bss                c_w.l(libspace.o)
    0x20001930   0x00000200   Zero   RW          448    HEAP                stm32f10x_startup.o
    0x20001b30   0x00000200   Zero   RW          447    STACK               stm32f10x_startup.o


==============================================================================

Image component sizes


      Code (inc. data)   RO Data    RW Data    ZI Data      Debug   Object Name

         0          0          0          0          0         32   cortexm3_macro.o
       234         88          0          4        768       3902   create_task.o
      1964        160          0          1        396       7007   detect.o
       156          8          0          0          0        557   display.o
       280         24          0          4          0       1724   hoover_disp.o
      3364       1114          0          1         60       7927   kdebug.o
       204         78          0          0        256       1425   main.o
      1080        166          0          1          0      22531   motor_hal.o
       660         66         79         44          0       9736   mpu_i2c.o
       232         42          0          0          0        288   os_cpu_a.o
       136          4          0          4          0      10071   os_cpu_c.o
         2          0          0          0          0        378   os_dbg.o
       754         56          0          0          0       7273   pcf8563.o
       180         26          0         16        211      21001   rf.o
       298         10          0          0          0       6009   stm32f10x_adc.o
       218         16          0          0          0       2586   stm32f10x_dma.o
       144         22          0          0          0       2213   stm32f10x_exti.o
        48         12          0          0          0        893   stm32f10x_flash.o
       402         18          0          0          0       4042   stm32f10x_gpio.o
      1726        138          0        104        728     131914   stm32f10x_it.o
       284         40          0          0          0       2942   stm32f10x_nvic.o
        12          6          0          0          0        426   stm32f10x_pwr.o
       636        120         20          8          0      10799   stm32f10x_rcc.o
       308        280          0          0       1024        476   stm32f10x_startup.o
        88          0          0          0          0       1854   stm32f10x_systick.o
       572         50          0          1          0       2640   stm32f10x_target.o
      1088         12         16          0          0      16186   stm32f10x_tim.o
       564         98          0          0          0      14807   stm32f10x_tim1.o
       322          6          0          0          0       4882   stm32f10x_usart.o
       754         72          0         15          0       6997   tm1637.o
       396         20          0          0          0       2530   uart.o
      1708        160        256         44       3676      17918   ucos_ii.o

    ----------------------------------------------------------------------
     18870       2912        404        256       7120     323966   Object Totals
         0          0         32          0          0          0   (incl. Generated)
        56          0          1          9          1          0   (incl. Padding)

    ----------------------------------------------------------------------

      Code (inc. data)   RO Data    RW Data    ZI Data      Debug   Library Member Name

         8          0          0          0          0         68   __main.o
        52          8          0          0          0          0   __scatter.o
        26          0          0          0          0          0   __scatter_copy.o
        28          0          0          0          0          0   __scatter_zi.o
        12          0          0          0          0         72   exit.o
         6          0          0          0          0        152   heapauxi.o
         0          0          0          0          0          0   indicate_semi.o
         2          0          0          0          0          0   libinit.o
         2          0          0          0          0          0   libinit2.o
         2          0          0          0          0          0   libshutdown.o
         2          0          0          0          0          0   libshutdown2.o
         8          4          0          0         96         68   libspace.o
         0          0          0          0          0          0   rtentry.o
        12          0          0          0          0          0   rtentry2.o
         6          0          0          0          0          0   rtentry4.o
         2          0          0          0          0          0   rtexit.o
        10          0          0          0          0          0   rtexit2.o
        12          4          0          0          0         68   sys_exit.o
        74          0          0          0          0         80   sys_stackheap_outer.o
         2          0          0          0          0         68   use_no_semi.o

    ----------------------------------------------------------------------
       270         16          0          0         96        576   Library Totals
         4          0          0          0          0          0   (incl. Padding)

    ----------------------------------------------------------------------

      Code (inc. data)   RO Data    RW Data    ZI Data      Debug   Library Name

       266         16          0          0         96        576   c_w.l

    ----------------------------------------------------------------------
       270         16          0          0         96        576   Library Totals

    ----------------------------------------------------------------------

==============================================================================


      Code (inc. data)   RO Data    RW Data    ZI Data      Debug   

     19140       2928        404        256       7216     310138   Grand Totals
     19140       2928        404        256       7216     310138   ELF Image Totals
     19140       2928        404        256          0          0   ROM Totals

==============================================================================

    Total RO  Size (Code + RO Data)                19544 (  19.09kB)
    Total RW  Size (RW Data + ZI Data)              7472 (   7.30kB)
    Total ROM Size (Code + RO Data + RW Data)      19800 (  19.34kB)

==============================================================================

